Archive member included to satisfy reference by file (symbol)

d:/ra/gcc-arm-none-eabi-10.3-2021.10-win32/gcc-arm-none-eabi-10.3-2021.10/bin/../lib/gcc/arm-none-eabi/10.3.1/thumb/v7e-m/nofp\libgcc.a(_aeabi_uldivmod.o)
                              CMakeFiles/multi.elf.dir/Drivers/STM32F4xx_HAL_Driver/Src/stm32f4xx_hal_rcc.c.obj (__aeabi_uldivmod)
d:/ra/gcc-arm-none-eabi-10.3-2021.10-win32/gcc-arm-none-eabi-10.3-2021.10/bin/../lib/gcc/arm-none-eabi/10.3.1/thumb/v7e-m/nofp\libgcc.a(_udivmoddi4.o)
                              d:/ra/gcc-arm-none-eabi-10.3-2021.10-win32/gcc-arm-none-eabi-10.3-2021.10/bin/../lib/gcc/arm-none-eabi/10.3.1/thumb/v7e-m/nofp\libgcc.a(_aeabi_uldivmod.o) (__udivmoddi4)
d:/ra/gcc-arm-none-eabi-10.3-2021.10-win32/gcc-arm-none-eabi-10.3-2021.10/bin/../lib/gcc/arm-none-eabi/10.3.1/thumb/v7e-m/nofp\libgcc.a(_dvmd_tls.o)
                              d:/ra/gcc-arm-none-eabi-10.3-2021.10-win32/gcc-arm-none-eabi-10.3-2021.10/bin/../lib/gcc/arm-none-eabi/10.3.1/thumb/v7e-m/nofp\libgcc.a(_aeabi_uldivmod.o) (__aeabi_ldiv0)
d:/ra/gcc-arm-none-eabi-10.3-2021.10-win32/gcc-arm-none-eabi-10.3-2021.10/bin/../lib/gcc/arm-none-eabi/10.3.1/../../../../arm-none-eabi/lib/thumb/v7e-m/nofp\libg.a(lib_a-errno.o)
                              CMakeFiles/multi.elf.dir/Core/Src/retarget.c.obj (__errno)
d:/ra/gcc-arm-none-eabi-10.3-2021.10-win32/gcc-arm-none-eabi-10.3-2021.10/bin/../lib/gcc/arm-none-eabi/10.3.1/../../../../arm-none-eabi/lib/thumb/v7e-m/nofp\libg.a(lib_a-exit.o)
                              d:/ra/gcc-arm-none-eabi-10.3-2021.10-win32/gcc-arm-none-eabi-10.3-2021.10/bin/../lib/gcc/arm-none-eabi/10.3.1/../../../../arm-none-eabi/lib/thumb/v7e-m/nofp/crt0.o (exit)
d:/ra/gcc-arm-none-eabi-10.3-2021.10-win32/gcc-arm-none-eabi-10.3-2021.10/bin/../lib/gcc/arm-none-eabi/10.3.1/../../../../arm-none-eabi/lib/thumb/v7e-m/nofp\libg.a(lib_a-impure.o)
                              d:/ra/gcc-arm-none-eabi-10.3-2021.10-win32/gcc-arm-none-eabi-10.3-2021.10/bin/../lib/gcc/arm-none-eabi/10.3.1/../../../../arm-none-eabi/lib/thumb/v7e-m/nofp\libg.a(lib_a-exit.o) (_global_impure_ptr)
d:/ra/gcc-arm-none-eabi-10.3-2021.10-win32/gcc-arm-none-eabi-10.3-2021.10/bin/../lib/gcc/arm-none-eabi/10.3.1/../../../../arm-none-eabi/lib/thumb/v7e-m/nofp\libg.a(lib_a-init.o)
                              d:/ra/gcc-arm-none-eabi-10.3-2021.10-win32/gcc-arm-none-eabi-10.3-2021.10/bin/../lib/gcc/arm-none-eabi/10.3.1/../../../../arm-none-eabi/lib/thumb/v7e-m/nofp/crt0.o (__libc_init_array)
d:/ra/gcc-arm-none-eabi-10.3-2021.10-win32/gcc-arm-none-eabi-10.3-2021.10/bin/../lib/gcc/arm-none-eabi/10.3.1/../../../../arm-none-eabi/lib/thumb/v7e-m/nofp\libg.a(lib_a-memset.o)
                              d:/ra/gcc-arm-none-eabi-10.3-2021.10-win32/gcc-arm-none-eabi-10.3-2021.10/bin/../lib/gcc/arm-none-eabi/10.3.1/../../../../arm-none-eabi/lib/thumb/v7e-m/nofp/crt0.o (memset)
d:/ra/gcc-arm-none-eabi-10.3-2021.10-win32/gcc-arm-none-eabi-10.3-2021.10/bin/../lib/gcc/arm-none-eabi/10.3.1/../../../../arm-none-eabi/lib/thumb/v7e-m/nofp\libg.a(lib_a-printf.o)
                              CMakeFiles/multi.elf.dir/HARDWARE/SPI/SPI2/spi2.c.obj (printf)
d:/ra/gcc-arm-none-eabi-10.3-2021.10-win32/gcc-arm-none-eabi-10.3-2021.10/bin/../lib/gcc/arm-none-eabi/10.3.1/../../../../arm-none-eabi/lib/thumb/v7e-m/nofp\libg.a(lib_a-setvbuf.o)
                              CMakeFiles/multi.elf.dir/Core/Src/retarget.c.obj (setvbuf)
d:/ra/gcc-arm-none-eabi-10.3-2021.10-win32/gcc-arm-none-eabi-10.3-2021.10/bin/../lib/gcc/arm-none-eabi/10.3.1/../../../../arm-none-eabi/lib/thumb/v7e-m/nofp\libg.a(lib_a-vfprintf.o)
                              d:/ra/gcc-arm-none-eabi-10.3-2021.10-win32/gcc-arm-none-eabi-10.3-2021.10/bin/../lib/gcc/arm-none-eabi/10.3.1/../../../../arm-none-eabi/lib/thumb/v7e-m/nofp\libg.a(lib_a-printf.o) (_vfprintf_r)
d:/ra/gcc-arm-none-eabi-10.3-2021.10-win32/gcc-arm-none-eabi-10.3-2021.10/bin/../lib/gcc/arm-none-eabi/10.3.1/../../../../arm-none-eabi/lib/thumb/v7e-m/nofp\libg.a(lib_a-wsetup.o)
                              d:/ra/gcc-arm-none-eabi-10.3-2021.10-win32/gcc-arm-none-eabi-10.3-2021.10/bin/../lib/gcc/arm-none-eabi/10.3.1/../../../../arm-none-eabi/lib/thumb/v7e-m/nofp\libg.a(lib_a-vfprintf.o) (__swsetup_r)
d:/ra/gcc-arm-none-eabi-10.3-2021.10-win32/gcc-arm-none-eabi-10.3-2021.10/bin/../lib/gcc/arm-none-eabi/10.3.1/../../../../arm-none-eabi/lib/thumb/v7e-m/nofp\libg.a(lib_a-__call_atexit.o)
                              d:/ra/gcc-arm-none-eabi-10.3-2021.10-win32/gcc-arm-none-eabi-10.3-2021.10/bin/../lib/gcc/arm-none-eabi/10.3.1/../../../../arm-none-eabi/lib/thumb/v7e-m/nofp\libg.a(lib_a-exit.o) (__call_exitprocs)
d:/ra/gcc-arm-none-eabi-10.3-2021.10-win32/gcc-arm-none-eabi-10.3-2021.10/bin/../lib/gcc/arm-none-eabi/10.3.1/../../../../arm-none-eabi/lib/thumb/v7e-m/nofp\libg.a(lib_a-atexit.o)
[...]
Memory Configuration

Name             Origin             Length             Attributes
CCMRAM           0x10000000         0x00010000         xrw
RAM              0x20000000         0x00020000         xrw
FLASH            0x08000000         0x00100000         xr
*default*        0x00000000         0xffffffff

Linker script and memory map

LOAD d:/ra/gcc-arm-none-eabi-10.3-2021.10-win32/gcc-arm-none-eabi-10.3-2021.10/bin/../lib/gcc/arm-none-eabi/10.3.1/thumb/v7e-m/nofp/crti.o
LOAD d:/ra/gcc-arm-none-eabi-10.3-2021.10-win32/gcc-arm-none-eabi-10.3-2021.10/bin/../lib/gcc/arm-none-eabi/10.3.1/thumb/v7e-m/nofp/crtbegin.o
LOAD d:/ra/gcc-arm-none-eabi-10.3-2021.10-win32/gcc-arm-none-eabi-10.3-2021.10/bin/../lib/gcc/arm-none-eabi/10.3.1/../../../../arm-none-eabi/lib/thumb/v7e-m/nofp/crt0.o
LOAD CMakeFiles/multi.elf.dir/Core/Src/gpio.c.obj
LOAD CMakeFiles/multi.elf.dir/Core/Src/main.c.obj
LOAD CMakeFiles/multi.elf.dir/Core/Src/retarget.c.obj
LOAD CMakeFiles/multi.elf.dir/Core/Src/stm32f4xx_hal_msp.c.obj
LOAD CMakeFiles/multi.elf.dir/Core/Src/stm32f4xx_it.c.obj
LOAD CMakeFiles/multi.elf.dir/Core/Src/syscalls.c.obj
LOAD CMakeFiles/multi.elf.dir/Core/Src/sysmem.c.obj
LOAD CMakeFiles/multi.elf.dir/Core/Src/system_stm32f4xx.c.obj
LOAD CMakeFiles/multi.elf.dir/Core/Src/usart.c.obj
LOAD CMakeFiles/multi.elf.dir/Core/Startup/startup_stm32f407zgtx.s.obj
LOAD CMakeFiles/multi.elf.dir/Drivers/STM32F4xx_HAL_Driver/Src/stm32f4xx_hal.c.obj
LOAD CMakeFiles/multi.elf.dir/Drivers/STM32F4xx_HAL_Driver/Src/stm32f4xx_hal_cortex.c.obj
LOAD CMakeFiles/multi.elf.dir/Drivers/STM32F4xx_HAL_Driver/Src/stm32f4xx_hal_dma.c.obj
LOAD CMakeFiles/multi.elf.dir/Drivers/STM32F4xx_HAL_Driver/Src/stm32f4xx_hal_dma_ex.c.obj
LOAD CMakeFiles/multi.elf.dir/Drivers/STM32F4xx_HAL_Driver/Src/stm32f4xx_hal_exti.c.obj
LOAD CMakeFiles/multi.elf.dir/Drivers/STM32F4xx_HAL_Driver/Src/stm32f4xx_hal_flash.c.obj
LOAD CMakeFiles/multi.elf.dir/Drivers/STM32F4xx_HAL_Driver/Src/stm32f4xx_hal_flash_ex.c.obj
LOAD CMakeFiles/multi.elf.dir/Drivers/STM32F4xx_HAL_Driver/Src/stm32f4xx_hal_flash_ramfunc.c.obj
LOAD CMakeFiles/multi.elf.dir/Drivers/STM32F4xx_HAL_Driver/Src/stm32f4xx_hal_gpio.c.obj
LOAD CMakeFiles/multi.elf.dir/Drivers/STM32F4xx_HAL_Driver/Src/stm32f4xx_hal_pcd.c.obj
LOAD CMakeFiles/multi.elf.dir/Drivers/STM32F4xx_HAL_Driver/Src/stm32f4xx_hal_pcd_ex.c.obj
LOAD CMakeFiles/multi.elf.dir/Drivers/STM32F4xx_HAL_Driver/Src/stm32f4xx_hal_pwr.c.obj
LOAD CMakeFiles/multi.elf.dir/Drivers/STM32F4xx_HAL_Driver/Src/stm32f4xx_hal_pwr_ex.c.obj
LOAD CMakeFiles/multi.elf.dir/Drivers/STM32F4xx_HAL_Driver/Src/stm32f4xx_hal_rcc.c.obj
LOAD CMakeFiles/multi.elf.dir/Drivers/STM32F4xx_HAL_Driver/Src/stm32f4xx_hal_rcc_ex.c.obj
LOAD CMakeFiles/multi.elf.dir/Drivers/STM32F4xx_HAL_Driver/Src/stm32f4xx_hal_spi.c.obj
LOAD CMakeFiles/multi.elf.dir/Drivers/STM32F4xx_HAL_Driver/Src/stm32f4xx_hal_tim.c.obj
LOAD CMakeFiles/multi.elf.dir/Drivers/STM32F4xx_HAL_Driver/Src/stm32f4xx_hal_tim_ex.c.obj
LOAD CMakeFiles/multi.elf.dir/Drivers/STM32F4xx_HAL_Driver/Src/stm32f4xx_hal_uart.c.obj
LOAD CMakeFiles/multi.elf.dir/Drivers/STM32F4xx_HAL_Driver/Src/stm32f4xx_ll_usb.c.obj
LOAD CMakeFiles/multi.elf.dir/HARDWARE/MATRIX_KEY/matrix_key.c.obj
LOAD CMakeFiles/multi.elf.dir/HARDWARE/OLED/oled_42/oled_42.c.obj
LOAD CMakeFiles/multi.elf.dir/HARDWARE/OLED/oled_91/oled_91.c.obj
LOAD CMakeFiles/multi.elf.dir/HARDWARE/OLED/oled_test/oled_test.c.obj
LOAD CMakeFiles/multi.elf.dir/HARDWARE/SPI/SPI2/spi2.c.obj
LOAD CMakeFiles/multi.elf.dir/HARDWARE/SPI/SPI3/spi3.c.obj
LOAD CMakeFiles/multi.elf.dir/Middlewares/ST/STM32_USB_Device_Library/Class/CustomHID/Src/usbd_customhid.c.obj
LOAD CMakeFiles/multi.elf.dir/Middlewares/ST/STM32_USB_Device_Library/Core/Src/usbd_core.c.obj
LOAD CMakeFiles/multi.elf.dir/Middlewares/ST/STM32_USB_Device_Library/Core/Src/usbd_ctlreq.c.obj
LOAD CMakeFiles/multi.elf.dir/Middlewares/ST/STM32_USB_Device_Library/Core/Src/usbd_ioreq.c.obj
LOAD CMakeFiles/multi.elf.dir/USB_DEVICE/App/usb_device.c.obj
LOAD CMakeFiles/multi.elf.dir/USB_DEVICE/App/usbd_custom_hid_if.c.obj
LOAD CMakeFiles/multi.elf.dir/USB_DEVICE/App/usbd_desc.c.obj
LOAD CMakeFiles/multi.elf.dir/USB_DEVICE/Target/usbd_conf.c.obj
LOAD CMakeFiles/multi.elf.dir/USER/Matrix_key/matrix_key_user.c.obj
LOAD CMakeFiles/multi.elf.dir/USER/Oled/oled_user.c.obj
START GROUP
LOAD d:/ra/gcc-arm-none-eabi-10.3-2021.10-win32/gcc-arm-none-eabi-10.3-2021.10/bin/../lib/gcc/arm-none-eabi/10.3.1/thumb/v7e-m/nofp\libgcc.a
LOAD d:/ra/gcc-arm-none-eabi-10.3-2021.10-win32/gcc-arm-none-eabi-10.3-2021.10/bin/../lib/gcc/arm-none-eabi/10.3.1/../../../../arm-none-eabi/lib/thumb/v7e-m/nofp\libg.a
LOAD d:/ra/gcc-arm-none-eabi-10.3-2021.10-win32/gcc-arm-none-eabi-10.3-2021.10/bin/../lib/gcc/arm-none-eabi/10.3.1/../../../../arm-none-eabi/lib/thumb/v7e-m/nofp\libc.a
END GROUP
LOAD d:/ra/gcc-arm-none-eabi-10.3-2021.10-win32/gcc-arm-none-eabi-10.3-2021.10/bin/../lib/gcc/arm-none-eabi/10.3.1/thumb/v7e-m/nofp/crtend.o
LOAD d:/ra/gcc-arm-none-eabi-10.3-2021.10-win32/gcc-arm-none-eabi-10.3-2021.10/bin/../lib/gcc/arm-none-eabi/10.3.1/thumb/v7e-m/nofp/crtn.o
                0x20020000                _estack = (ORIGIN (RAM) + LENGTH (RAM))
                0x00001000                _Min_Heap_Size = 0x1000
                0x00001000                _Min_Stack_Size = 0x1000

.isr_vector     0x08000000      0x188
                0x08000000                . = ALIGN (0x4)
 *(.isr_vector)
 .isr_vector    0x08000000      0x188 CMakeFiles/multi.elf.dir/Core/Startup/startup_stm32f407zgtx.s.obj
                0x08000000                g_pfnVectors
                0x08000188                . = ALIGN (0x4)

.text           0x080001c0     0xbe70
                0x080001c0                . = ALIGN (0x4)
 *(.text)
 .text          0x080001c0       0x40 d:/ra/gcc-arm-none-eabi-10.3-2021.10-win32/gcc-arm-none-eabi-10.3-2021.10/bin/../lib/gcc/arm-none-eabi/10.3.1/thumb/v7e-m/nofp/crtbegin.o
 .text          0x08000200       0x30 d:/ra/gcc-arm-none-eabi-10.3-2021.10-win32/gcc-arm-none-eabi-10.3-2021.10/bin/../lib/gcc/arm-none-eabi/10.3.1/thumb/v7e-m/nofp\libgcc.a(_aeabi_uldivmod.o)
                0x08000200                __aeabi_uldivmod
 .text          0x08000230      0x2d0 d:/ra/gcc-arm-none-eabi-10.3-2021.10-win32/gcc-arm-none-eabi-10.3-2021.10/bin/../lib/gcc/arm-none-eabi/10.3.1/thumb/v7e-m/nofp\libgcc.a(_udivmoddi4.o)
                0x08000230                __udivmoddi4
 .text          0x08000500        0x4 d:/ra/gcc-arm-none-eabi-10.3-2021.10-win32/gcc-arm-none-eabi-10.3-2021.10/bin/../lib/gcc/arm-none-eabi/10.3.1/thumb/v7e-m/nofp\libgcc.a(_dvmd_tls.o)
                0x08000500                __aeabi_idiv0
                0x08000500                __aeabi_ldiv0
 *fill*         0x08000504        0xc 
 .text          0x08000510       0xa0 d:/ra/gcc-arm-none-eabi-10.3-2021.10-win32/gcc-arm-none-eabi-10.3-2021.10/bin/../lib/gcc/arm-none-eabi/10.3.1/../../../../arm-none-eabi/lib/thumb/v7e-m/nofp\libg.a(lib_a-memchr.o)
                0x08000510                memchr
 .text          0x080005b0      0x134 d:/ra/gcc-arm-none-eabi-10.3-2021.10-win32/gcc-arm-none-eabi-10.3-2021.10/bin/../lib/gcc/arm-none-eabi/10.3.1/../../../../arm-none-eabi/lib/thumb/v7e-m/nofp\libg.a(lib_a-memcpy.o)
                0x080005b0                memcpy
 *fill*         0x080006e4       0x1c 
 .text          0x08000700       0xdc d:/ra/gcc-arm-none-eabi-10.3-2021.10-win32/gcc-arm-none-eabi-10.3-2021.10/bin/../lib/gcc/arm-none-eabi/10.3.1/../../../../arm-none-eabi/lib/thumb/v7e-m/nofp\libg.a(lib_a-strlen.o)
                0x08000700                strlen
 .text          0x080007dc      0x378 d:/ra/gcc-arm-none-eabi-10.3-2021.10-win32/gcc-arm-none-eabi-10.3-2021.10/bin/../lib/gcc/arm-none-eabi/10.3.1/thumb/v7e-m/nofp\libgcc.a(_arm_addsubdf3.o)
                0x080007dc                __aeabi_drsub
                0x080007e4                __aeabi_dsub
                0x080007e4                __subdf3
                0x080007e8                __aeabi_dadd
                0x080007e8                __adddf3
                0x08000a60                __floatunsidf
                0x08000a60                __aeabi_ui2d
                0x08000a80                __floatsidf
                0x08000a80                __aeabi_i2d
                0x08000aa4                __aeabi_f2d
                0x08000aa4                __extendsfdf2
                0x08000ae8                __floatundidf
                0x08000ae8                __aeabi_ul2d
                0x08000af8                __floatdidf
                0x08000af8                __aeabi_l2d
 .text          0x08000b54      0x424 d:/ra/gcc-arm-none-eabi-10.3-2021.10-win32/gcc-arm-none-eabi-10.3-2021.10/bin/../lib/gcc/arm-none-eabi/10.3.1/thumb/v7e-m/nofp\libgcc.a(_arm_muldivdf3.o)
                0x08000b54                __aeabi_dmul
                0x08000b54                __muldf3
                0x08000da8                __divdf3
                0x08000da8                __aeabi_ddiv
 .text          0x08000f78      0x110 d:/ra/gcc-arm-none-eabi-10.3-2021.10-win32/gcc-arm-none-eabi-10.3-2021.10/bin/../lib/gcc/arm-none-eabi/10.3.1/thumb/v7e-m/nofp\libgcc.a(_arm_cmpdf2.o)
                0x08000f78                __gtdf2
                0x08000f78                __gedf2
                0x08000f80                __ltdf2
                0x08000f80                __ledf2
                0x08000f88                __nedf2
                0x08000f88                __eqdf2
                0x08000f88                __cmpdf2
                0x08001004                __aeabi_cdrcmple
                0x08001014                __aeabi_cdcmpeq
                0x08001014                __aeabi_cdcmple
                0x08001024                __aeabi_dcmpeq
                0x08001038                __aeabi_dcmplt
                0x0800104c                __aeabi_dcmple
                0x08001060                __aeabi_dcmpge
                0x08001074                __aeabi_dcmpgt
 .text          0x08001088       0x2c d:/ra/gcc-arm-none-eabi-10.3-2021.10-win32/gcc-arm-none-eabi-10.3-2021.10/bin/../lib/gcc/arm-none-eabi/10.3.1/thumb/v7e-m/nofp\libgcc.a(_arm_unorddf2.o)
                0x08001088                __unorddf2
                0x08001088                __aeabi_dcmpun
 .text          0x080010b4       0x50 d:/ra/gcc-arm-none-eabi-10.3-2021.10-win32/gcc-arm-none-eabi-10.3-2021.10/bin/../lib/gcc/arm-none-eabi/10.3.1/thumb/v7e-m/nofp\libgcc.a(_arm_fixdfsi.o)
                0x080010b4                __aeabi_d2iz
                0x080010b4                __fixdfsi
 *(.text*)
 .text.MX_GPIO_Init
                0x08001104       0x38 CMakeFiles/multi.elf.dir/Core/Src/gpio.c.obj
                0x08001104                MX_GPIO_Init
 .text.Error_Handler
                0x0800113c        0x4 CMakeFiles/multi.elf.dir/Core/Src/main.c.obj
                0x0800113c                Error_Handler
 .text.SystemClock_Config
                0x08001140       0xa4 CMakeFiles/multi.elf.dir/Core/Src/main.c.obj
                0x08001140                SystemClock_Config
 .text.main     0x080011e4       0x34 CMakeFiles/multi.elf.dir/Core/Src/main.c.obj
                0x080011e4                main
 .text.RetargetInit
                0x08001218       0x20 CMakeFiles/multi.elf.dir/Core/Src/retarget.c.obj
                0x08001218                RetargetInit
 .text._isatty  0x08001238       0x16 CMakeFiles/multi.elf.dir/Core/Src/retarget.c.obj
                0x08001238                _isatty
 *fill*         0x0800124e        0x2 
 .text._write   0x08001250       0x34 CMakeFiles/multi.elf.dir/Core/Src/retarget.c.obj
                0x08001250                _write
 .text._close   0x08001284       0x18 CMakeFiles/multi.elf.dir/Core/Src/retarget.c.obj
                0x08001284                _close
 .text._lseek   0x0800129c       0x10 CMakeFiles/multi.elf.dir/Core/Src/retarget.c.obj
                0x0800129c                _lseek
 .text._read    0x080012ac       0x30 CMakeFiles/multi.elf.dir/Core/Src/retarget.c.obj
                0x080012ac                _read
 .text._fstat   0x080012dc       0x1a CMakeFiles/multi.elf.dir/Core/Src/retarget.c.obj
                0x080012dc                _fstat
 *fill*         0x080012f6        0x2 
 .text.HAL_MspInit
                0x080012f8       0x38 CMakeFiles/multi.elf.dir/Core/Src/stm32f4xx_hal_msp.c.obj
                0x080012f8                HAL_MspInit
 .text.NMI_Handler
                0x08001330        0x2 CMakeFiles/multi.elf.dir/Core/Src/stm32f4xx_it.c.obj
                0x08001330                NMI_Handler
 .text.HardFault_Handler
                0x08001332        0x2 CMakeFiles/multi.elf.dir/Core/Src/stm32f4xx_it.c.obj
                0x08001332                HardFault_Handler
 .text.MemManage_Handler
                0x08001334        0x2 CMakeFiles/multi.elf.dir/Core/Src/stm32f4xx_it.c.obj
                0x08001334                MemManage_Handler
 .text.BusFault_Handler
                0x08001336        0x2 CMakeFiles/multi.elf.dir/Core/Src/stm32f4xx_it.c.obj
                0x08001336                BusFault_Handler
 .text.UsageFault_Handler
                0x08001338        0x2 CMakeFiles/multi.elf.dir/Core/Src/stm32f4xx_it.c.obj
                0x08001338                UsageFault_Handler
 .text.SVC_Handler
                0x0800133a        0x2 CMakeFiles/multi.elf.dir/Core/Src/stm32f4xx_it.c.obj
                0x0800133a                SVC_Handler
 .text.DebugMon_Handler
                0x0800133c        0x2 CMakeFiles/multi.elf.dir/Core/Src/stm32f4xx_it.c.obj
                0x0800133c                DebugMon_Handler
 .text.PendSV_Handler
                0x0800133e        0x2 CMakeFiles/multi.elf.dir/Core/Src/stm32f4xx_it.c.obj
                0x0800133e                PendSV_Handler
 .text.SysTick_Handler
                0x08001340        0x8 CMakeFiles/multi.elf.dir/Core/Src/stm32f4xx_it.c.obj
                0x08001340                SysTick_Handler
 .text.OTG_FS_IRQHandler
                0x08001348       0x10 CMakeFiles/multi.elf.dir/Core/Src/stm32f4xx_it.c.obj
                0x08001348                OTG_FS_IRQHandler
 .text._getpid  0x08001358        0x4 CMakeFiles/multi.elf.dir/Core/Src/syscalls.c.obj
                0x08001358                _getpid
 .text._kill    0x0800135c       0x10 CMakeFiles/multi.elf.dir/Core/Src/syscalls.c.obj
                0x0800135c                _kill
 .text._exit    0x0800136c        0xc CMakeFiles/multi.elf.dir/Core/Src/syscalls.c.obj
                0x0800136c                _exit
 .text._sbrk    0x08001378       0x48 CMakeFiles/multi.elf.dir/Core/Src/sysmem.c.obj
                0x08001378                _sbrk
 .text.SystemInit
                0x080013c0        0x2 CMakeFiles/multi.elf.dir/Core/Src/system_stm32f4xx.c.obj
                0x080013c0                SystemInit
 *fill*         0x080013c2        0x2 
 .text.MX_USART1_UART_Init
                0x080013c4       0x34 CMakeFiles/multi.elf.dir/Core/Src/usart.c.obj
                0x080013c4                MX_USART1_UART_Init
 .text.HAL_UART_MspInit
                0x080013f8       0x74 CMakeFiles/multi.elf.dir/Core/Src/usart.c.obj
                0x080013f8                HAL_UART_MspInit
 .text.Reset_Handler
                0x0800146c       0x50 CMakeFiles/multi.elf.dir/Core/Startup/startup_stm32f407zgtx.s.obj
                0x0800146c                Reset_Handler
 .text.Default_Handler
                0x080014bc        0x2 CMakeFiles/multi.elf.dir/Core/Startup/startup_stm32f407zgtx.s.obj
                0x080014bc                RTC_Alarm_IRQHandler
                0x080014bc                HASH_RNG_IRQHandler
                0x080014bc                EXTI2_IRQHandler
                0x080014bc                TIM8_CC_IRQHandler
                0x080014bc                TIM1_CC_IRQHandler
                0x080014bc                DMA2_Stream5_IRQHandler
                0x080014bc                DMA1_Stream5_IRQHandler
                0x080014bc                PVD_IRQHandler
                0x080014bc                SDIO_IRQHandler
                0x080014bc                TAMP_STAMP_IRQHandler
                0x080014bc                CAN2_RX1_IRQHandler
                0x080014bc                EXTI3_IRQHandler
                0x080014bc                TIM8_TRG_COM_TIM14_IRQHandler
                0x080014bc                TIM1_UP_TIM10_IRQHandler
                0x080014bc                TIM8_UP_TIM13_IRQHandler
                0x080014bc                I2C3_ER_IRQHandler
                0x080014bc                EXTI0_IRQHandler
                0x080014bc                I2C2_EV_IRQHandler
                0x080014bc                DMA1_Stream2_IRQHandler
                0x080014bc                CAN1_RX0_IRQHandler
                0x080014bc                FPU_IRQHandler
                0x080014bc                OTG_HS_WKUP_IRQHandler
                0x080014bc                CAN2_SCE_IRQHandler
                0x080014bc                DMA2_Stream2_IRQHandler
                0x080014bc                SPI1_IRQHandler
                0x080014bc                TIM6_DAC_IRQHandler
                0x080014bc                TIM1_BRK_TIM9_IRQHandler
                0x080014bc                DCMI_IRQHandler
                0x080014bc                CAN2_RX0_IRQHandler
                0x080014bc                DMA2_Stream3_IRQHandler
                0x080014bc                USART6_IRQHandler
                0x080014bc                USART3_IRQHandler
                0x080014bc                CAN1_RX1_IRQHandler
                0x080014bc                UART5_IRQHandler
                0x080014bc                DMA2_Stream0_IRQHandler
                0x080014bc                TIM4_IRQHandler
                0x080014bc                I2C1_EV_IRQHandler
                0x080014bc                DMA1_Stream6_IRQHandler
                0x080014bc                DMA1_Stream1_IRQHandler
                0x080014bc                UART4_IRQHandler
                0x080014bc                TIM3_IRQHandler
                0x080014bc                RCC_IRQHandler
                0x080014bc                TIM8_BRK_TIM12_IRQHandler
                0x080014bc                Default_Handler
                0x080014bc                EXTI15_10_IRQHandler
                0x080014bc                ADC_IRQHandler
                0x080014bc                DMA1_Stream7_IRQHandler
                0x080014bc                TIM7_IRQHandler
                0x080014bc                CAN2_TX_IRQHandler
                0x080014bc                TIM5_IRQHandler
                0x080014bc                DMA2_Stream7_IRQHandler
                0x080014bc                I2C3_EV_IRQHandler
                0x080014bc                EXTI9_5_IRQHandler
                0x080014bc                RTC_WKUP_IRQHandler
                0x080014bc                ETH_WKUP_IRQHandler
                0x080014bc                SPI2_IRQHandler
                0x080014bc                OTG_HS_EP1_IN_IRQHandler
                0x080014bc                DMA1_Stream0_IRQHandler
                0x080014bc                CAN1_TX_IRQHandler
                0x080014bc                EXTI4_IRQHandler
                0x080014bc                FSMC_IRQHandler
                0x080014bc                ETH_IRQHandler
                0x080014bc                OTG_HS_EP1_OUT_IRQHandler
                0x080014bc                WWDG_IRQHandler
                0x080014bc                TIM2_IRQHandler
                0x080014bc                OTG_FS_WKUP_IRQHandler
                0x080014bc                TIM1_TRG_COM_TIM11_IRQHandler
                0x080014bc                OTG_HS_IRQHandler
                0x080014bc                EXTI1_IRQHandler
                0x080014bc                USART2_IRQHandler
                0x080014bc                I2C2_ER_IRQHandler
                0x080014bc                DMA2_Stream1_IRQHandler
                0x080014bc                CAN1_SCE_IRQHandler
                0x080014bc                FLASH_IRQHandler
                0x080014bc                DMA2_Stream4_IRQHandler
                0x080014bc                USART1_IRQHandler
                0x080014bc                SPI3_IRQHandler
                0x080014bc                DMA1_Stream4_IRQHandler
                0x080014bc                I2C1_ER_IRQHandler
                0x080014bc                DMA2_Stream6_IRQHandler
                0x080014bc                DMA1_Stream3_IRQHandler
 *fill*         0x080014be        0x2 
 .text.HAL_InitTick
                0x080014c0       0x4c CMakeFiles/multi.elf.dir/Drivers/STM32F4xx_HAL_Driver/Src/stm32f4xx_hal.c.obj
                0x080014c0                HAL_InitTick
 .text.HAL_Init
                0x0800150c       0x34 CMakeFiles/multi.elf.dir/Drivers/STM32F4xx_HAL_Driver/Src/stm32f4xx_hal.c.obj
                0x0800150c                HAL_Init
 .text.HAL_IncTick
                0x08001540       0x18 CMakeFiles/multi.elf.dir/Drivers/STM32F4xx_HAL_Driver/Src/stm32f4xx_hal.c.obj
                0x08001540                HAL_IncTick
 .text.HAL_GetTick
                0x08001558        0xc CMakeFiles/multi.elf.dir/Drivers/STM32F4xx_HAL_Driver/Src/stm32f4xx_hal.c.obj
                0x08001558                HAL_GetTick
 .text.HAL_Delay
                0x08001564       0x28 CMakeFiles/multi.elf.dir/Drivers/STM32F4xx_HAL_Driver/Src/stm32f4xx_hal.c.obj
                0x08001564                HAL_Delay
 .text.HAL_NVIC_SetPriorityGrouping
                0x0800158c       0x24 CMakeFiles/multi.elf.dir/Drivers/STM32F4xx_HAL_Driver/Src/stm32f4xx_hal_cortex.c.obj
                0x0800158c                HAL_NVIC_SetPriorityGrouping
 .text.HAL_NVIC_SetPriority
                0x080015b0       0x70 CMakeFiles/multi.elf.dir/Drivers/STM32F4xx_HAL_Driver/Src/stm32f4xx_hal_cortex.c.obj
                0x080015b0                HAL_NVIC_SetPriority
 .text.HAL_NVIC_EnableIRQ
                0x08001620       0x1c CMakeFiles/multi.elf.dir/Drivers/STM32F4xx_HAL_Driver/Src/stm32f4xx_hal_cortex.c.obj
                0x08001620                HAL_NVIC_EnableIRQ
 .text.HAL_SYSTICK_Config
                0x0800163c       0x28 CMakeFiles/multi.elf.dir/Drivers/STM32F4xx_HAL_Driver/Src/stm32f4xx_hal_cortex.c.obj
                0x0800163c                HAL_SYSTICK_Config
 .text.HAL_GPIO_Init
                0x08001664      0x1e4 CMakeFiles/multi.elf.dir/Drivers/STM32F4xx_HAL_Driver/Src/stm32f4xx_hal_gpio.c.obj
                0x08001664                HAL_GPIO_Init
 .text.HAL_GPIO_ReadPin
                0x08001848        0xe CMakeFiles/multi.elf.dir/Drivers/STM32F4xx_HAL_Driver/Src/stm32f4xx_hal_gpio.c.obj
                0x08001848                HAL_GPIO_ReadPin
 .text.HAL_GPIO_WritePin
                0x08001856        0xc CMakeFiles/multi.elf.dir/Drivers/STM32F4xx_HAL_Driver/Src/stm32f4xx_hal_gpio.c.obj
                0x08001856                HAL_GPIO_WritePin
 .text.PCD_WriteEmptyTxFifo
                0x08001862       0xd0 CMakeFiles/multi.elf.dir/Drivers/STM32F4xx_HAL_Driver/Src/stm32f4xx_hal_pcd.c.obj
 .text.HAL_PCD_Init
                0x08001932      0x12e CMakeFiles/multi.elf.dir/Drivers/STM32F4xx_HAL_Driver/Src/stm32f4xx_hal_pcd.c.obj
                0x08001932                HAL_PCD_Init
 .text.HAL_PCD_Start
                0x08001a60       0x42 CMakeFiles/multi.elf.dir/Drivers/STM32F4xx_HAL_Driver/Src/stm32f4xx_hal_pcd.c.obj
                0x08001a60                HAL_PCD_Start
 *fill*         0x08001aa2        0x2 
 .text.PCD_EP_OutXfrComplete_int
                0x08001aa4      0x104 CMakeFiles/multi.elf.dir/Drivers/STM32F4xx_HAL_Driver/Src/stm32f4xx_hal_pcd.c.obj
 .text.PCD_EP_OutSetupPacket_int
                0x08001ba8       0x50 CMakeFiles/multi.elf.dir/Drivers/STM32F4xx_HAL_Driver/Src/stm32f4xx_hal_pcd.c.obj
 .text.HAL_PCD_SetAddress
                0x08001bf8       0x28 CMakeFiles/multi.elf.dir/Drivers/STM32F4xx_HAL_Driver/Src/stm32f4xx_hal_pcd.c.obj
                0x08001bf8                HAL_PCD_SetAddress
 .text.HAL_PCD_EP_Open
                0x08001c20       0x8a CMakeFiles/multi.elf.dir/Drivers/STM32F4xx_HAL_Driver/Src/stm32f4xx_hal_pcd.c.obj
                0x08001c20                HAL_PCD_EP_Open
 .text.HAL_PCD_EP_Close
                0x08001caa       0x72 CMakeFiles/multi.elf.dir/Drivers/STM32F4xx_HAL_Driver/Src/stm32f4xx_hal_pcd.c.obj
                0x08001caa                HAL_PCD_EP_Close
 .text.HAL_PCD_EP_Receive
                0x08001d1c       0x5e CMakeFiles/multi.elf.dir/Drivers/STM32F4xx_HAL_Driver/Src/stm32f4xx_hal_pcd.c.obj
                0x08001d1c                HAL_PCD_EP_Receive
 .text.HAL_PCD_EP_Transmit
                0x08001d7a       0x5e CMakeFiles/multi.elf.dir/Drivers/STM32F4xx_HAL_Driver/Src/stm32f4xx_hal_pcd.c.obj
                0x08001d7a                HAL_PCD_EP_Transmit
 .text.HAL_PCD_EP_SetStall
                0x08001dd8       0x88 CMakeFiles/multi.elf.dir/Drivers/STM32F4xx_HAL_Driver/Src/stm32f4xx_hal_pcd.c.obj
                0x08001dd8                HAL_PCD_EP_SetStall
 .text.HAL_PCD_EP_ClrStall
                0x08001e60       0x76 CMakeFiles/multi.elf.dir/Drivers/STM32F4xx_HAL_Driver/Src/stm32f4xx_hal_pcd.c.obj
                0x08001e60                HAL_PCD_EP_ClrStall
 .text.HAL_PCD_EP_Abort
                0x08001ed6       0x34 CMakeFiles/multi.elf.dir/Drivers/STM32F4xx_HAL_Driver/Src/stm32f4xx_hal_pcd.c.obj
                0x08001ed6                HAL_PCD_EP_Abort
 .text.HAL_PCD_IRQHandler
                0x08001f0a      0x5c4 CMakeFiles/multi.elf.dir/Drivers/STM32F4xx_HAL_Driver/Src/stm32f4xx_hal_pcd.c.obj
                0x08001f0a                HAL_PCD_IRQHandler
 .text.HAL_PCDEx_SetTxFiFo
                0x080024ce       0x4a CMakeFiles/multi.elf.dir/Drivers/STM32F4xx_HAL_Driver/Src/stm32f4xx_hal_pcd_ex.c.obj
                0x080024ce                HAL_PCDEx_SetTxFiFo
 .text.HAL_PCDEx_SetRxFiFo
                0x08002518        0x8 CMakeFiles/multi.elf.dir/Drivers/STM32F4xx_HAL_Driver/Src/stm32f4xx_hal_pcd_ex.c.obj
                0x08002518                HAL_PCDEx_SetRxFiFo
 .text.HAL_PCDEx_LPM_Callback
                0x08002520        0x2 CMakeFiles/multi.elf.dir/Drivers/STM32F4xx_HAL_Driver/Src/stm32f4xx_hal_pcd_ex.c.obj
                0x08002520                HAL_PCDEx_LPM_Callback
 *fill*         0x08002522        0x2 
 .text.HAL_RCC_OscConfig
                0x08002524      0x3f8 CMakeFiles/multi.elf.dir/Drivers/STM32F4xx_HAL_Driver/Src/stm32f4xx_hal_rcc.c.obj
                0x08002524                HAL_RCC_OscConfig
 .text.HAL_RCC_GetSysClockFreq
                0x0800291c       0xd4 CMakeFiles/multi.elf.dir/Drivers/STM32F4xx_HAL_Driver/Src/stm32f4xx_hal_rcc.c.obj
                0x0800291c                HAL_RCC_GetSysClockFreq
 .text.HAL_RCC_ClockConfig
                0x080029f0      0x160 CMakeFiles/multi.elf.dir/Drivers/STM32F4xx_HAL_Driver/Src/stm32f4xx_hal_rcc.c.obj
                0x080029f0                HAL_RCC_ClockConfig
 .text.HAL_RCC_GetHCLKFreq
                0x08002b50        0xc CMakeFiles/multi.elf.dir/Drivers/STM32F4xx_HAL_Driver/Src/stm32f4xx_hal_rcc.c.obj
                0x08002b50                HAL_RCC_GetHCLKFreq
 .text.HAL_RCC_GetPCLK1Freq
                0x08002b5c       0x20 CMakeFiles/multi.elf.dir/Drivers/STM32F4xx_HAL_Driver/Src/stm32f4xx_hal_rcc.c.obj
                0x08002b5c                HAL_RCC_GetPCLK1Freq
 .text.HAL_RCC_GetPCLK2Freq
                0x08002b7c       0x20 CMakeFiles/multi.elf.dir/Drivers/STM32F4xx_HAL_Driver/Src/stm32f4xx_hal_rcc.c.obj
                0x08002b7c                HAL_RCC_GetPCLK2Freq
 .text.SPI_WaitFlagStateUntilTimeout
                0x08002b9c       0xd4 CMakeFiles/multi.elf.dir/Drivers/STM32F4xx_HAL_Driver/Src/stm32f4xx_hal_spi.c.obj
 .text.SPI_EndRxTxTransaction
                0x08002c70       0x68 CMakeFiles/multi.elf.dir/Drivers/STM32F4xx_HAL_Driver/Src/stm32f4xx_hal_spi.c.obj
 .text.HAL_SPI_Init
                0x08002cd8       0xbe CMakeFiles/multi.elf.dir/Drivers/STM32F4xx_HAL_Driver/Src/stm32f4xx_hal_spi.c.obj
                0x08002cd8                HAL_SPI_Init
 .text.HAL_SPI_TransmitReceive
                0x08002d96      0x238 CMakeFiles/multi.elf.dir/Drivers/STM32F4xx_HAL_Driver/Src/stm32f4xx_hal_spi.c.obj
                0x08002d96                HAL_SPI_TransmitReceive
 *fill*         0x08002fce        0x2 
 .text.UART_SetConfig
                0x08002fd0      0x110 CMakeFiles/multi.elf.dir/Drivers/STM32F4xx_HAL_Driver/Src/stm32f4xx_hal_uart.c.obj
 .text.UART_WaitOnFlagUntilTimeout
                0x080030e0       0x88 CMakeFiles/multi.elf.dir/Drivers/STM32F4xx_HAL_Driver/Src/stm32f4xx_hal_uart.c.obj
 .text.HAL_UART_Init
                0x08003168       0x5e CMakeFiles/multi.elf.dir/Drivers/STM32F4xx_HAL_Driver/Src/stm32f4xx_hal_uart.c.obj
                0x08003168                HAL_UART_Init
 .text.HAL_UART_Transmit
                0x080031c6       0xd8 CMakeFiles/multi.elf.dir/Drivers/STM32F4xx_HAL_Driver/Src/stm32f4xx_hal_uart.c.obj
                0x080031c6                HAL_UART_Transmit
 .text.HAL_UART_Receive
                0x0800329e       0xe4 CMakeFiles/multi.elf.dir/Drivers/STM32F4xx_HAL_Driver/Src/stm32f4xx_hal_uart.c.obj
                0x0800329e                HAL_UART_Receive
 *fill*         0x08003382        0x2 
 .text.USB_CoreReset
                0x08003384       0x50 CMakeFiles/multi.elf.dir/Drivers/STM32F4xx_HAL_Driver/Src/stm32f4xx_ll_usb.c.obj
 .text.USB_CoreInit
                0x080033d4       0x8a CMakeFiles/multi.elf.dir/Drivers/STM32F4xx_HAL_Driver/Src/stm32f4xx_ll_usb.c.obj
                0x080033d4                USB_CoreInit
 *fill*         0x0800345e        0x2 
 .text.USB_SetTurnaroundTime
                0x08003460       0xe4 CMakeFiles/multi.elf.dir/Drivers/STM32F4xx_HAL_Driver/Src/stm32f4xx_ll_usb.c.obj
                0x08003460                USB_SetTurnaroundTime
 .text.USB_EnableGlobalInt
                0x08003544        0xc CMakeFiles/multi.elf.dir/Drivers/STM32F4xx_HAL_Driver/Src/stm32f4xx_ll_usb.c.obj
                0x08003544                USB_EnableGlobalInt
 .text.USB_DisableGlobalInt
                0x08003550        0xc CMakeFiles/multi.elf.dir/Drivers/STM32F4xx_HAL_Driver/Src/stm32f4xx_ll_usb.c.obj
                0x08003550                USB_DisableGlobalInt
 .text.USB_FlushTxFifo
                0x0800355c       0x50 CMakeFiles/multi.elf.dir/Drivers/STM32F4xx_HAL_Driver/Src/stm32f4xx_ll_usb.c.obj
                0x0800355c                USB_FlushTxFifo
 .text.USB_FlushRxFifo
                0x080035ac       0x4c CMakeFiles/multi.elf.dir/Drivers/STM32F4xx_HAL_Driver/Src/stm32f4xx_ll_usb.c.obj
                0x080035ac                USB_FlushRxFifo
 .text.USB_SetDevSpeed
                0x080035f8        0xe CMakeFiles/multi.elf.dir/Drivers/STM32F4xx_HAL_Driver/Src/stm32f4xx_ll_usb.c.obj
                0x080035f8                USB_SetDevSpeed
 *fill*         0x08003606        0x2 
 .text.USB_DevInit
                0x08003608      0x190 CMakeFiles/multi.elf.dir/Drivers/STM32F4xx_HAL_Driver/Src/stm32f4xx_ll_usb.c.obj
                0x08003608                USB_DevInit
 .text.USB_GetDevSpeed
                0x08003798       0x22 CMakeFiles/multi.elf.dir/Drivers/STM32F4xx_HAL_Driver/Src/stm32f4xx_ll_usb.c.obj
                0x08003798                USB_GetDevSpeed
 .text.USB_ActivateEndpoint
                0x080037ba       0x9c CMakeFiles/multi.elf.dir/Drivers/STM32F4xx_HAL_Driver/Src/stm32f4xx_ll_usb.c.obj
                0x080037ba                USB_ActivateEndpoint
 *fill*         0x08003856        0x2 
 .text.USB_DeactivateEndpoint
                0x08003858       0xe0 CMakeFiles/multi.elf.dir/Drivers/STM32F4xx_HAL_Driver/Src/stm32f4xx_ll_usb.c.obj
                0x08003858                USB_DeactivateEndpoint
 .text.USB_EP0StartXfer
                0x08003938      0x128 CMakeFiles/multi.elf.dir/Drivers/STM32F4xx_HAL_Driver/Src/stm32f4xx_ll_usb.c.obj
                0x08003938                USB_EP0StartXfer
 .text.USB_EPStopXfer
                0x08003a60       0xbc CMakeFiles/multi.elf.dir/Drivers/STM32F4xx_HAL_Driver/Src/stm32f4xx_ll_usb.c.obj
                0x08003a60                USB_EPStopXfer
 .text.USB_WritePacket
                0x08003b1c       0x2e CMakeFiles/multi.elf.dir/Drivers/STM32F4xx_HAL_Driver/Src/stm32f4xx_ll_usb.c.obj
                0x08003b1c                USB_WritePacket
 *fill*         0x08003b4a        0x2 
 .text.USB_EPStartXfer
                0x08003b4c      0x234 CMakeFiles/multi.elf.dir/Drivers/STM32F4xx_HAL_Driver/Src/stm32f4xx_ll_usb.c.obj
                0x08003b4c                USB_EPStartXfer
 .text.USB_ReadPacket
                0x08003d80       0x54 CMakeFiles/multi.elf.dir/Drivers/STM32F4xx_HAL_Driver/Src/stm32f4xx_ll_usb.c.obj
                0x08003d80                USB_ReadPacket
 .text.USB_EPSetStall
                0x08003dd4       0x5a CMakeFiles/multi.elf.dir/Drivers/STM32F4xx_HAL_Driver/Src/stm32f4xx_ll_usb.c.obj
                0x08003dd4                USB_EPSetStall
 .text.USB_EPClearStall
                0x08003e2e       0x5c CMakeFiles/multi.elf.dir/Drivers/STM32F4xx_HAL_Driver/Src/stm32f4xx_ll_usb.c.obj
                0x08003e2e                USB_EPClearStall
 .text.USB_SetDevAddress
                0x08003e8a       0x20 CMakeFiles/multi.elf.dir/Drivers/STM32F4xx_HAL_Driver/Src/stm32f4xx_ll_usb.c.obj
                0x08003e8a                USB_SetDevAddress
 .text.USB_DevConnect
                0x08003eaa       0x1c CMakeFiles/multi.elf.dir/Drivers/STM32F4xx_HAL_Driver/Src/stm32f4xx_ll_usb.c.obj
                0x08003eaa                USB_DevConnect
 .text.USB_DevDisconnect
                0x08003ec6       0x1c CMakeFiles/multi.elf.dir/Drivers/STM32F4xx_HAL_Driver/Src/stm32f4xx_ll_usb.c.obj
                0x08003ec6                USB_DevDisconnect
 .text.USB_ReadInterrupts
                0x08003ee2        0x8 CMakeFiles/multi.elf.dir/Drivers/STM32F4xx_HAL_Driver/Src/stm32f4xx_ll_usb.c.obj
                0x08003ee2                USB_ReadInterrupts
 .text.USB_ReadDevAllOutEpInterrupt
                0x08003eea       0x10 CMakeFiles/multi.elf.dir/Drivers/STM32F4xx_HAL_Driver/Src/stm32f4xx_ll_usb.c.obj
                0x08003eea                USB_ReadDevAllOutEpInterrupt
 .text.USB_ReadDevAllInEpInterrupt
                0x08003efa       0x10 CMakeFiles/multi.elf.dir/Drivers/STM32F4xx_HAL_Driver/Src/stm32f4xx_ll_usb.c.obj
                0x08003efa                USB_ReadDevAllInEpInterrupt
 .text.USB_ReadDevOutEPInterrupt
                0x08003f0a       0x12 CMakeFiles/multi.elf.dir/Drivers/STM32F4xx_HAL_Driver/Src/stm32f4xx_ll_usb.c.obj
                0x08003f0a                USB_ReadDevOutEPInterrupt
 .text.USB_ReadDevInEPInterrupt
                0x08003f1c       0x26 CMakeFiles/multi.elf.dir/Drivers/STM32F4xx_HAL_Driver/Src/stm32f4xx_ll_usb.c.obj
                0x08003f1c                USB_ReadDevInEPInterrupt
 .text.USB_GetMode
                0x08003f42        0x8 CMakeFiles/multi.elf.dir/Drivers/STM32F4xx_HAL_Driver/Src/stm32f4xx_ll_usb.c.obj
                0x08003f42                USB_GetMode
 .text.USB_SetCurrentMode
                0x08003f4a       0x62 CMakeFiles/multi.elf.dir/Drivers/STM32F4xx_HAL_Driver/Src/stm32f4xx_ll_usb.c.obj
                0x08003f4a                USB_SetCurrentMode
 .text.USB_ActivateSetup
                0x08003fac       0x20 CMakeFiles/multi.elf.dir/Drivers/STM32F4xx_HAL_Driver/Src/stm32f4xx_ll_usb.c.obj
                0x08003fac                USB_ActivateSetup
 .text.USB_EP0_OutStart
                0x08003fcc       0x5c CMakeFiles/multi.elf.dir/Drivers/STM32F4xx_HAL_Driver/Src/stm32f4xx_ll_usb.c.obj
                0x08003fcc                USB_EP0_OutStart
 .text.set_row_low
                0x08004028       0xc8 CMakeFiles/multi.elf.dir/HARDWARE/MATRIX_KEY/matrix_key.c.obj
 .text.get_col_state
                0x080040f0       0x48 CMakeFiles/multi.elf.dir/HARDWARE/MATRIX_KEY/matrix_key.c.obj
 .text.key_hold_check
                0x08004138       0x2a CMakeFiles/multi.elf.dir/HARDWARE/MATRIX_KEY/matrix_key.c.obj
 *fill*         0x08004162        0x2 
 .text.matrix_init
                0x08004164       0x74 CMakeFiles/multi.elf.dir/HARDWARE/MATRIX_KEY/matrix_key.c.obj
                0x08004164                matrix_init
 .text.matrix_scan
                0x080041d8       0x94 CMakeFiles/multi.elf.dir/HARDWARE/MATRIX_KEY/matrix_key.c.obj
                0x080041d8                matrix_scan
 .text.oled_42_wt_byte
                0x0800426c       0x60 CMakeFiles/multi.elf.dir/HARDWARE/OLED/oled_42/oled_42.c.obj
                0x0800426c                oled_42_wt_byte
 .text.oled_42_refresh_index
                0x080042cc       0x58 CMakeFiles/multi.elf.dir/HARDWARE/OLED/oled_42/oled_42.c.obj
                0x080042cc                oled_42_refresh_index
 .text.oled_42_clear_index
                0x08004324       0x3c CMakeFiles/multi.elf.dir/HARDWARE/OLED/oled_42/oled_42.c.obj
                0x08004324                oled_42_clear_index
 .text.oled_42_wt_byte_all
                0x08004360       0x1c CMakeFiles/multi.elf.dir/HARDWARE/OLED/oled_42/oled_42.c.obj
                0x08004360                oled_42_wt_byte_all
 .text.oled_42_init
                0x0800437c      0x15c CMakeFiles/multi.elf.dir/HARDWARE/OLED/oled_42/oled_42.c.obj
                0x0800437c                oled_42_init
 .text.oled_42_page_draw_point
                0x080044d8       0x48 CMakeFiles/multi.elf.dir/HARDWARE/OLED/oled_42/oled_42.c.obj
                0x080044d8                oled_42_page_draw_point
 .text.oled_42_show_pic_index
                0x08004520       0xb4 CMakeFiles/multi.elf.dir/HARDWARE/OLED/oled_42/oled_42.c.obj
                0x08004520                oled_42_show_pic_index
 .text.oled_wt_byte
                0x080045d4       0x58 CMakeFiles/multi.elf.dir/HARDWARE/OLED/oled_91/oled_91.c.obj
                0x080045d4                oled_wt_byte
 .text.oled_refresh_index
                0x0800462c       0x58 CMakeFiles/multi.elf.dir/HARDWARE/OLED/oled_91/oled_91.c.obj
                0x0800462c                oled_refresh_index
 .text.oled_clear_index
                0x08004684       0x3c CMakeFiles/multi.elf.dir/HARDWARE/OLED/oled_91/oled_91.c.obj
                0x08004684                oled_clear_index
 .text.oled_wt_byte_all
                0x080046c0       0x1c CMakeFiles/multi.elf.dir/HARDWARE/OLED/oled_91/oled_91.c.obj
                0x080046c0                oled_wt_byte_all
 .text.oled_91_init
                0x080046dc      0x138 CMakeFiles/multi.elf.dir/HARDWARE/OLED/oled_91/oled_91.c.obj
                0x080046dc                oled_91_init
 .text.oled_page_draw_point
                0x08004814       0x48 CMakeFiles/multi.elf.dir/HARDWARE/OLED/oled_91/oled_91.c.obj
                0x08004814                oled_page_draw_point
 .text.oled_show_pic_index
                0x0800485c       0xb4 CMakeFiles/multi.elf.dir/HARDWARE/OLED/oled_91/oled_91.c.obj
                0x0800485c                oled_show_pic_index
 .text.spi2_init
                0x08004910       0x48 CMakeFiles/multi.elf.dir/HARDWARE/SPI/SPI2/spi2.c.obj
                0x08004910                spi2_init
 .text.spi2_read_write_byte
                0x08004958       0x34 CMakeFiles/multi.elf.dir/HARDWARE/SPI/SPI2/spi2.c.obj
                0x08004958                spi2_read_write_byte
 .text.spi3_init
                0x0800498c       0x48 CMakeFiles/multi.elf.dir/HARDWARE/SPI/SPI3/spi3.c.obj
                0x0800498c                spi3_init
 .text.HAL_SPI_MspInit
                0x080049d4       0xcc CMakeFiles/multi.elf.dir/HARDWARE/SPI/SPI3/spi3.c.obj
                0x080049d4                HAL_SPI_MspInit
 .text.spi3_transmit_receive_byte
                0x08004aa0       0x34 CMakeFiles/multi.elf.dir/HARDWARE/SPI/SPI3/spi3.c.obj
                0x08004aa0                spi3_transmit_receive_byte
 .text.USBD_CUSTOM_HID_DataIn
                0x08004ad4       0x10 CMakeFiles/multi.elf.dir/Middlewares/ST/STM32_USB_Device_Library/Class/CustomHID/Src/usbd_customhid.c.obj
 .text.USBD_CUSTOM_HID_DataOut
                0x08004ae4       0x28 CMakeFiles/multi.elf.dir/Middlewares/ST/STM32_USB_Device_Library/Class/CustomHID/Src/usbd_customhid.c.obj
 .text.USBD_CUSTOM_HID_EP0_RxReady
                0x08004b0c       0x34 CMakeFiles/multi.elf.dir/Middlewares/ST/STM32_USB_Device_Library/Class/CustomHID/Src/usbd_customhid.c.obj
 .text.USBD_CUSTOM_HID_GetDeviceQualifierDesc
                0x08004b40        0xc CMakeFiles/multi.elf.dir/Middlewares/ST/STM32_USB_Device_Library/Class/CustomHID/Src/usbd_customhid.c.obj
 .text.USBD_CUSTOM_HID_GetOtherSpeedCfgDesc
                0x08004b4c       0x40 CMakeFiles/multi.elf.dir/Middlewares/ST/STM32_USB_Device_Library/Class/CustomHID/Src/usbd_customhid.c.obj
 .text.USBD_CUSTOM_HID_GetFSCfgDesc
                0x08004b8c       0x40 CMakeFiles/multi.elf.dir/Middlewares/ST/STM32_USB_Device_Library/Class/CustomHID/Src/usbd_customhid.c.obj
 .text.USBD_CUSTOM_HID_GetHSCfgDesc
                0x08004bcc       0x40 CMakeFiles/multi.elf.dir/Middlewares/ST/STM32_USB_Device_Library/Class/CustomHID/Src/usbd_customhid.c.obj
 .text.USBD_CUSTOM_HID_Setup
                0x08004c0c      0x148 CMakeFiles/multi.elf.dir/Middlewares/ST/STM32_USB_Device_Library/Class/CustomHID/Src/usbd_customhid.c.obj
 .text.USBD_CUSTOM_HID_DeInit
                0x08004d54       0x5a CMakeFiles/multi.elf.dir/Middlewares/ST/STM32_USB_Device_Library/Class/CustomHID/Src/usbd_customhid.c.obj
 .text.USBD_CUSTOM_HID_Init
                0x08004dae       0x86 CMakeFiles/multi.elf.dir/Middlewares/ST/STM32_USB_Device_Library/Class/CustomHID/Src/usbd_customhid.c.obj
 .text.USBD_CUSTOM_HID_ReceivePacket
                0x08004e34       0x1e CMakeFiles/multi.elf.dir/Middlewares/ST/STM32_USB_Device_Library/Class/CustomHID/Src/usbd_customhid.c.obj
                0x08004e34                USBD_CUSTOM_HID_ReceivePacket
 .text.USBD_CUSTOM_HID_RegisterInterface
                0x08004e52       0x16 CMakeFiles/multi.elf.dir/Middlewares/ST/STM32_USB_Device_Library/Class/CustomHID/Src/usbd_customhid.c.obj
                0x08004e52                USBD_CUSTOM_HID_RegisterInterface
 .text.USBD_Init
                0x08004e68       0x2e CMakeFiles/multi.elf.dir/Middlewares/ST/STM32_USB_Device_Library/Core/Src/usbd_core.c.obj
                0x08004e68                USBD_Init
 .text.USBD_RegisterClass
                0x08004e96       0x34 CMakeFiles/multi.elf.dir/Middlewares/ST/STM32_USB_Device_Library/Core/Src/usbd_core.c.obj
                0x08004e96                USBD_RegisterClass
 .text.USBD_Start
                0x08004eca        0x8 CMakeFiles/multi.elf.dir/Middlewares/ST/STM32_USB_Device_Library/Core/Src/usbd_core.c.obj
                0x08004eca                USBD_Start
 .text.USBD_SetClassConfig
                0x08004ed2       0x12 CMakeFiles/multi.elf.dir/Middlewares/ST/STM32_USB_Device_Library/Core/Src/usbd_core.c.obj
                0x08004ed2                USBD_SetClassConfig
 .text.USBD_ClrClassConfig
                0x08004ee4       0x12 CMakeFiles/multi.elf.dir/Middlewares/ST/STM32_USB_Device_Library/Core/Src/usbd_core.c.obj
                0x08004ee4                USBD_ClrClassConfig
 .text.USBD_LL_SetupStage
                0x08004ef6       0x58 CMakeFiles/multi.elf.dir/Middlewares/ST/STM32_USB_Device_Library/Core/Src/usbd_core.c.obj
                0x08004ef6                USBD_LL_SetupStage
 .text.USBD_LL_Reset
                0x08004f4e       0x64 CMakeFiles/multi.elf.dir/Middlewares/ST/STM32_USB_Device_Library/Core/Src/usbd_core.c.obj
                0x08004f4e                USBD_LL_Reset
 .text.USBD_LL_SetSpeed
                0x08004fb2        0x6 CMakeFiles/multi.elf.dir/Middlewares/ST/STM32_USB_Device_Library/Core/Src/usbd_core.c.obj
                0x08004fb2                USBD_LL_SetSpeed
 .text.USBD_LL_Suspend
                0x08004fb8       0x14 CMakeFiles/multi.elf.dir/Middlewares/ST/STM32_USB_Device_Library/Core/Src/usbd_core.c.obj
                0x08004fb8                USBD_LL_Suspend
 .text.USBD_LL_Resume
                0x08004fcc       0x1a CMakeFiles/multi.elf.dir/Middlewares/ST/STM32_USB_Device_Library/Core/Src/usbd_core.c.obj
                0x08004fcc                USBD_LL_Resume
 .text.USBD_LL_SOF
                0x08004fe6       0x22 CMakeFiles/multi.elf.dir/Middlewares/ST/STM32_USB_Device_Library/Core/Src/usbd_core.c.obj
                0x08004fe6                USBD_LL_SOF
 .text.USBD_LL_IsoINIncomplete
                0x08005008       0x2e CMakeFiles/multi.elf.dir/Middlewares/ST/STM32_USB_Device_Library/Core/Src/usbd_core.c.obj
                0x08005008                USBD_LL_IsoINIncomplete
 .text.USBD_LL_IsoOUTIncomplete
                0x08005036       0x2e CMakeFiles/multi.elf.dir/Middlewares/ST/STM32_USB_Device_Library/Core/Src/usbd_core.c.obj
                0x08005036                USBD_LL_IsoOUTIncomplete
 .text.USBD_LL_DevConnected
                0x08005064        0x4 CMakeFiles/multi.elf.dir/Middlewares/ST/STM32_USB_Device_Library/Core/Src/usbd_core.c.obj
                0x08005064                USBD_LL_DevConnected
 .text.USBD_LL_DevDisconnected
                0x08005068       0x20 CMakeFiles/multi.elf.dir/Middlewares/ST/STM32_USB_Device_Library/Core/Src/usbd_core.c.obj
                0x08005068                USBD_LL_DevDisconnected
 .text.USBD_CoreFindIF
                0x08005088        0x4 CMakeFiles/multi.elf.dir/Middlewares/ST/STM32_USB_Device_Library/Core/Src/usbd_core.c.obj
                0x08005088                USBD_CoreFindIF
 .text.USBD_CoreFindEP
                0x0800508c        0x4 CMakeFiles/multi.elf.dir/Middlewares/ST/STM32_USB_Device_Library/Core/Src/usbd_core.c.obj
                0x0800508c                USBD_CoreFindEP
 .text.USBD_LL_DataOutStage
                0x08005090       0xc6 CMakeFiles/multi.elf.dir/Middlewares/ST/STM32_USB_Device_Library/Core/Src/usbd_core.c.obj
                0x08005090                USBD_LL_DataOutStage
 .text.USBD_LL_DataInStage
                0x08005156       0xd6 CMakeFiles/multi.elf.dir/Middlewares/ST/STM32_USB_Device_Library/Core/Src/usbd_core.c.obj
                0x08005156                USBD_LL_DataInStage
 .text.USBD_GetNextDesc
                0x0800522c        0xe CMakeFiles/multi.elf.dir/Middlewares/ST/STM32_USB_Device_Library/Core/Src/usbd_core.c.obj
                0x0800522c                USBD_GetNextDesc
 .text.USBD_GetEpDesc
                0x0800523a       0x3e CMakeFiles/multi.elf.dir/Middlewares/ST/STM32_USB_Device_Library/Core/Src/usbd_core.c.obj
                0x0800523a                USBD_GetEpDesc
 .text.USBD_GetLen
                0x08005278       0x14 CMakeFiles/multi.elf.dir/Middlewares/ST/STM32_USB_Device_Library/Core/Src/usbd_ctlreq.c.obj
 .text.USBD_ParseSetupRequest
                0x0800528c       0x28 CMakeFiles/multi.elf.dir/Middlewares/ST/STM32_USB_Device_Library/Core/Src/usbd_ctlreq.c.obj
                0x0800528c                USBD_ParseSetupRequest
 .text.USBD_CtlError
                0x080052b4       0x14 CMakeFiles/multi.elf.dir/Middlewares/ST/STM32_USB_Device_Library/Core/Src/usbd_ctlreq.c.obj
                0x080052b4                USBD_CtlError
 .text.USBD_GetDescriptor
                0x080052c8      0x18a CMakeFiles/multi.elf.dir/Middlewares/ST/STM32_USB_Device_Library/Core/Src/usbd_ctlreq.c.obj
 .text.USBD_SetAddress
                0x08005452       0x50 CMakeFiles/multi.elf.dir/Middlewares/ST/STM32_USB_Device_Library/Core/Src/usbd_ctlreq.c.obj
 *fill*         0x080054a2        0x2 
 .text.USBD_SetConfig
                0x080054a4       0xcc CMakeFiles/multi.elf.dir/Middlewares/ST/STM32_USB_Device_Library/Core/Src/usbd_ctlreq.c.obj
 .text.USBD_GetConfig
                0x08005570       0x40 CMakeFiles/multi.elf.dir/Middlewares/ST/STM32_USB_Device_Library/Core/Src/usbd_ctlreq.c.obj
 .text.USBD_GetStatus
                0x080055b0       0x38 CMakeFiles/multi.elf.dir/Middlewares/ST/STM32_USB_Device_Library/Core/Src/usbd_ctlreq.c.obj
 .text.USBD_SetFeature
                0x080055e8       0x2a CMakeFiles/multi.elf.dir/Middlewares/ST/STM32_USB_Device_Library/Core/Src/usbd_ctlreq.c.obj
 .text.USBD_ClrFeature
                0x08005612       0x26 CMakeFiles/multi.elf.dir/Middlewares/ST/STM32_USB_Device_Library/Core/Src/usbd_ctlreq.c.obj
 .text.USBD_StdDevReq
                0x08005638       0x76 CMakeFiles/multi.elf.dir/Middlewares/ST/STM32_USB_Device_Library/Core/Src/usbd_ctlreq.c.obj
                0x08005638                USBD_StdDevReq
 .text.USBD_StdItfReq
                0x080056ae       0x84 CMakeFiles/multi.elf.dir/Middlewares/ST/STM32_USB_Device_Library/Core/Src/usbd_ctlreq.c.obj
                0x080056ae                USBD_StdItfReq
 .text.USBD_StdEPReq
                0x08005732      0x230 CMakeFiles/multi.elf.dir/Middlewares/ST/STM32_USB_Device_Library/Core/Src/usbd_ctlreq.c.obj
                0x08005732                USBD_StdEPReq
 .text.USBD_GetString
                0x08005962       0x3a CMakeFiles/multi.elf.dir/Middlewares/ST/STM32_USB_Device_Library/Core/Src/usbd_ctlreq.c.obj
                0x08005962                USBD_GetString
 .text.USBD_CtlSendData
                0x0800599c       0x1a CMakeFiles/multi.elf.dir/Middlewares/ST/STM32_USB_Device_Library/Core/Src/usbd_ioreq.c.obj
                0x0800599c                USBD_CtlSendData
 .text.USBD_CtlContinueSendData
                0x080059b6       0x10 CMakeFiles/multi.elf.dir/Middlewares/ST/STM32_USB_Device_Library/Core/Src/usbd_ioreq.c.obj
                0x080059b6                USBD_CtlContinueSendData
 .text.USBD_CtlPrepareRx
                0x080059c6       0x1e CMakeFiles/multi.elf.dir/Middlewares/ST/STM32_USB_Device_Library/Core/Src/usbd_ioreq.c.obj
                0x080059c6                USBD_CtlPrepareRx
 .text.USBD_CtlContinueRx
                0x080059e4       0x10 CMakeFiles/multi.elf.dir/Middlewares/ST/STM32_USB_Device_Library/Core/Src/usbd_ioreq.c.obj
                0x080059e4                USBD_CtlContinueRx
 .text.USBD_CtlSendStatus
                0x080059f4       0x16 CMakeFiles/multi.elf.dir/Middlewares/ST/STM32_USB_Device_Library/Core/Src/usbd_ioreq.c.obj
                0x080059f4                USBD_CtlSendStatus
 .text.USBD_CtlReceiveStatus
                0x08005a0a       0x16 CMakeFiles/multi.elf.dir/Middlewares/ST/STM32_USB_Device_Library/Core/Src/usbd_ioreq.c.obj
                0x08005a0a                USBD_CtlReceiveStatus
 .text.MX_USB_DEVICE_Init
                0x08005a20       0x54 CMakeFiles/multi.elf.dir/USB_DEVICE/App/usb_device.c.obj
                0x08005a20                MX_USB_DEVICE_Init
 .text.CUSTOM_HID_Init_FS
                0x08005a74        0x4 CMakeFiles/multi.elf.dir/USB_DEVICE/App/usbd_custom_hid_if.c.obj
 .text.CUSTOM_HID_DeInit_FS
                0x08005a78        0x4 CMakeFiles/multi.elf.dir/USB_DEVICE/App/usbd_custom_hid_if.c.obj
 .text.CUSTOM_HID_OutEvent_FS
                0x08005a7c       0x18 CMakeFiles/multi.elf.dir/USB_DEVICE/App/usbd_custom_hid_if.c.obj
 .text.USBD_FS_DeviceDescriptor
                0x08005a94        0xc CMakeFiles/multi.elf.dir/USB_DEVICE/App/usbd_desc.c.obj
                0x08005a94                USBD_FS_DeviceDescriptor
 .text.USBD_FS_LangIDStrDescriptor
                0x08005aa0        0xc CMakeFiles/multi.elf.dir/USB_DEVICE/App/usbd_desc.c.obj
                0x08005aa0                USBD_FS_LangIDStrDescriptor
 .text.IntToUnicode
                0x08005aac       0x46 CMakeFiles/multi.elf.dir/USB_DEVICE/App/usbd_desc.c.obj
 *fill*         0x08005af2        0x2 
 .text.Get_SerialNum
                0x08005af4       0x38 CMakeFiles/multi.elf.dir/USB_DEVICE/App/usbd_desc.c.obj
 .text.USBD_FS_SerialStrDescriptor
                0x08005b2c       0x14 CMakeFiles/multi.elf.dir/USB_DEVICE/App/usbd_desc.c.obj
                0x08005b2c                USBD_FS_SerialStrDescriptor
 .text.USBD_FS_ProductStrDescriptor
                0x08005b40       0x24 CMakeFiles/multi.elf.dir/USB_DEVICE/App/usbd_desc.c.obj
                0x08005b40                USBD_FS_ProductStrDescriptor
 .text.USBD_FS_ManufacturerStrDescriptor
                0x08005b64       0x1c CMakeFiles/multi.elf.dir/USB_DEVICE/App/usbd_desc.c.obj
                0x08005b64                USBD_FS_ManufacturerStrDescriptor
 .text.USBD_FS_ConfigStrDescriptor
                0x08005b80       0x24 CMakeFiles/multi.elf.dir/USB_DEVICE/App/usbd_desc.c.obj
                0x08005b80                USBD_FS_ConfigStrDescriptor
 .text.USBD_FS_InterfaceStrDescriptor
                0x08005ba4       0x24 CMakeFiles/multi.elf.dir/USB_DEVICE/App/usbd_desc.c.obj
                0x08005ba4                USBD_FS_InterfaceStrDescriptor
 .text.HAL_PCD_MspInit
                0x08005bc8       0x84 CMakeFiles/multi.elf.dir/USB_DEVICE/Target/usbd_conf.c.obj
                0x08005bc8                HAL_PCD_MspInit
 .text.HAL_PCD_SetupStageCallback
                0x08005c4c       0x10 CMakeFiles/multi.elf.dir/USB_DEVICE/Target/usbd_conf.c.obj
                0x08005c4c                HAL_PCD_SetupStageCallback
 .text.HAL_PCD_DataOutStageCallback
                0x08005c5c       0x18 CMakeFiles/multi.elf.dir/USB_DEVICE/Target/usbd_conf.c.obj
                0x08005c5c                HAL_PCD_DataOutStageCallback
 .text.HAL_PCD_DataInStageCallback
                0x08005c74       0x16 CMakeFiles/multi.elf.dir/USB_DEVICE/Target/usbd_conf.c.obj
                0x08005c74                HAL_PCD_DataInStageCallback
 .text.HAL_PCD_SOFCallback
                0x08005c8a        0xc CMakeFiles/multi.elf.dir/USB_DEVICE/Target/usbd_conf.c.obj
                0x08005c8a                HAL_PCD_SOFCallback
 .text.HAL_PCD_ResetCallback
                0x08005c96       0x2c CMakeFiles/multi.elf.dir/USB_DEVICE/Target/usbd_conf.c.obj
                0x08005c96                HAL_PCD_ResetCallback
 *fill*         0x08005cc2        0x2 
 .text.HAL_PCD_SuspendCallback
                0x08005cc4       0x30 CMakeFiles/multi.elf.dir/USB_DEVICE/Target/usbd_conf.c.obj
                0x08005cc4                HAL_PCD_SuspendCallback
 .text.HAL_PCD_ResumeCallback
                0x08005cf4        0xc CMakeFiles/multi.elf.dir/USB_DEVICE/Target/usbd_conf.c.obj
                0x08005cf4                HAL_PCD_ResumeCallback
 .text.HAL_PCD_ISOOUTIncompleteCallback
                0x08005d00        0xc CMakeFiles/multi.elf.dir/USB_DEVICE/Target/usbd_conf.c.obj
                0x08005d00                HAL_PCD_ISOOUTIncompleteCallback
 .text.HAL_PCD_ISOINIncompleteCallback
                0x08005d0c        0xc CMakeFiles/multi.elf.dir/USB_DEVICE/Target/usbd_conf.c.obj
                0x08005d0c                HAL_PCD_ISOINIncompleteCallback
 .text.HAL_PCD_ConnectCallback
                0x08005d18        0xc CMakeFiles/multi.elf.dir/USB_DEVICE/Target/usbd_conf.c.obj
                0x08005d18                HAL_PCD_ConnectCallback
 .text.HAL_PCD_DisconnectCallback
                0x08005d24        0xc CMakeFiles/multi.elf.dir/USB_DEVICE/Target/usbd_conf.c.obj
                0x08005d24                HAL_PCD_DisconnectCallback
 .text.USBD_LL_Init
                0x08005d30       0x68 CMakeFiles/multi.elf.dir/USB_DEVICE/Target/usbd_conf.c.obj
                0x08005d30                USBD_LL_Init
 .text.USBD_LL_IsStallEP
                0x08005d98       0x2e CMakeFiles/multi.elf.dir/USB_DEVICE/Target/usbd_conf.c.obj
                0x08005d98                USBD_LL_IsStallEP
 *fill*         0x08005dc6        0x2 
 .text.USBD_static_malloc
                0x08005dc8        0x8 CMakeFiles/multi.elf.dir/USB_DEVICE/Target/usbd_conf.c.obj
                0x08005dc8                USBD_static_malloc
 .text.USBD_static_free
                0x08005dd0        0x2 CMakeFiles/multi.elf.dir/USB_DEVICE/Target/usbd_conf.c.obj
                0x08005dd0                USBD_static_free
 .text.USBD_Get_USB_Status
                0x08005dd2       0x14 CMakeFiles/multi.elf.dir/USB_DEVICE/Target/usbd_conf.c.obj
                0x08005dd2                USBD_Get_USB_Status
 .text.USBD_LL_Start
                0x08005de6       0x10 CMakeFiles/multi.elf.dir/USB_DEVICE/Target/usbd_conf.c.obj
                0x08005de6                USBD_LL_Start
 .text.USBD_LL_OpenEP
                0x08005df6       0x16 CMakeFiles/multi.elf.dir/USB_DEVICE/Target/usbd_conf.c.obj
                0x08005df6                USBD_LL_OpenEP
 .text.USBD_LL_CloseEP
                0x08005e0c       0x10 CMakeFiles/multi.elf.dir/USB_DEVICE/Target/usbd_conf.c.obj
                0x08005e0c                USBD_LL_CloseEP
 .text.USBD_LL_StallEP
                0x08005e1c       0x10 CMakeFiles/multi.elf.dir/USB_DEVICE/Target/usbd_conf.c.obj
                0x08005e1c                USBD_LL_StallEP
 .text.USBD_LL_ClearStallEP
                0x08005e2c       0x10 CMakeFiles/multi.elf.dir/USB_DEVICE/Target/usbd_conf.c.obj
                0x08005e2c                USBD_LL_ClearStallEP
 .text.USBD_LL_SetUSBAddress
                0x08005e3c       0x10 CMakeFiles/multi.elf.dir/USB_DEVICE/Target/usbd_conf.c.obj
                0x08005e3c                USBD_LL_SetUSBAddress
 .text.USBD_LL_Transmit
                0x08005e4c       0x10 CMakeFiles/multi.elf.dir/USB_DEVICE/Target/usbd_conf.c.obj
                0x08005e4c                USBD_LL_Transmit
 .text.USBD_LL_PrepareReceive
                0x08005e5c       0x10 CMakeFiles/multi.elf.dir/USB_DEVICE/Target/usbd_conf.c.obj
                0x08005e5c                USBD_LL_PrepareReceive
 .text.key_init_user
                0x08005e6c       0x10 CMakeFiles/multi.elf.dir/USER/Matrix_key/matrix_key_user.c.obj
                0x08005e6c                key_init_user
 .text.key_scan_user
                0x08005e7c        0x8 CMakeFiles/multi.elf.dir/USER/Matrix_key/matrix_key_user.c.obj
                0x08005e7c                key_scan_user
 .text.key_down_callback
                0x08005e84       0x18 CMakeFiles/multi.elf.dir/USER/Matrix_key/matrix_key_user.c.obj
                0x08005e84                key_down_callback
 .text.key_up_callback
                0x08005e9c       0x10 CMakeFiles/multi.elf.dir/USER/Matrix_key/matrix_key_user.c.obj
                0x08005e9c                key_up_callback
 .text.key_hold_callback
                0x08005eac        0x2 CMakeFiles/multi.elf.dir/USER/Matrix_key/matrix_key_user.c.obj
                0x08005eac                key_hold_callback
 .text.oled_init_user
                0x08005eae        0xc CMakeFiles/multi.elf.dir/USER/Oled/oled_user.c.obj
                0x08005eae                oled_init_user
 *fill*         0x08005eba        0x2 
 .text.oled_show_user
                0x08005ebc       0x54 CMakeFiles/multi.elf.dir/USER/Oled/oled_user.c.obj
                0x08005ebc                oled_show_user
 .text.__errno  0x08005f10        0xc d:/ra/gcc-arm-none-eabi-10.3-2021.10-win32/gcc-arm-none-eabi-10.3-2021.10/bin/../lib/gcc/arm-none-eabi/10.3.1/../../../../arm-none-eabi/lib/thumb/v7e-m/nofp\libg.a(lib_a-errno.o)
                0x08005f10                __errno
 .text.__libc_init_array
                0x08005f1c       0x48 d:/ra/gcc-arm-none-eabi-10.3-2021.10-win32/gcc-arm-none-eabi-10.3-2021.10/bin/../lib/gcc/arm-none-eabi/10.3.1/../../../../arm-none-eabi/lib/thumb/v7e-m/nofp\libg.a(lib_a-init.o)
                0x08005f1c                __libc_init_array
 .text.memset   0x08005f64       0xa4 d:/ra/gcc-arm-none-eabi-10.3-2021.10-win32/gcc-arm-none-eabi-10.3-2021.10/bin/../lib/gcc/arm-none-eabi/10.3.1/../../../../arm-none-eabi/lib/thumb/v7e-m/nofp\libg.a(lib_a-memset.o)
                0x08005f64                memset
 .text.printf   0x08006008       0x28 d:/ra/gcc-arm-none-eabi-10.3-2021.10-win32/gcc-arm-none-eabi-10.3-2021.10/bin/../lib/gcc/arm-none-eabi/10.3.1/../../../../arm-none-eabi/lib/thumb/v7e-m/nofp\libg.a(lib_a-printf.o)
                0x08006008                printf
 .text.setvbuf  0x08006030      0x1b0 d:/ra/gcc-arm-none-eabi-10.3-2021.10-win32/gcc-arm-none-eabi-10.3-2021.10/bin/../lib/gcc/arm-none-eabi/10.3.1/../../../../arm-none-eabi/lib/thumb/v7e-m/nofp\libg.a(lib_a-setvbuf.o)
                0x08006030                setvbuf
 .text._vfprintf_r
                0x080061e0     0x1ad4 d:/ra/gcc-arm-none-eabi-10.3-2021.10-win32/gcc-arm-none-eabi-10.3-2021.10/bin/../lib/gcc/arm-none-eabi/10.3.1/../../../../arm-none-eabi/lib/thumb/v7e-m/nofp\libg.a(lib_a-vfprintf.o)
                0x080061e0                _vfprintf_r
 .text.__sbprintf
                0x08007cb4       0x80 d:/ra/gcc-arm-none-eabi-10.3-2021.10-win32/gcc-arm-none-eabi-10.3-2021.10/bin/../lib/gcc/arm-none-eabi/10.3.1/../../../../arm-none-eabi/lib/thumb/v7e-m/nofp\libg.a(lib_a-vfprintf.o)
 .text.__swsetup_r
                0x08007d34       0xd4 d:/ra/gcc-arm-none-eabi-10.3-2021.10-win32/gcc-arm-none-eabi-10.3-2021.10/bin/../lib/gcc/arm-none-eabi/10.3.1/../../../../arm-none-eabi/lib/thumb/v7e-m/nofp\libg.a(lib_a-wsetup.o)
                0x08007d34                __swsetup_r
 .text.startup.register_fini
                0x08007e08       0x14 d:/ra/gcc-arm-none-eabi-10.3-2021.10-win32/gcc-arm-none-eabi-10.3-2021.10/bin/../lib/gcc/arm-none-eabi/10.3.1/../../../../arm-none-eabi/lib/thumb/v7e-m/nofp\libg.a(lib_a-__call_atexit.o)
 .text.atexit   0x08007e1c        0xc d:/ra/gcc-arm-none-eabi-10.3-2021.10-win32/gcc-arm-none-eabi-10.3-2021.10/bin/../lib/gcc/arm-none-eabi/10.3.1/../../../../arm-none-eabi/lib/thumb/v7e-m/nofp\libg.a(lib_a-atexit.o)
                0x08007e1c                atexit
 .text.quorem   0x08007e28      0x124 d:/ra/gcc-arm-none-eabi-10.3-2021.10-win32/gcc-arm-none-eabi-10.3-2021.10/bin/../lib/gcc/arm-none-eabi/10.3.1/../../../../arm-none-eabi/lib/thumb/v7e-m/nofp\libg.a(lib_a-dtoa.o)
 *fill*         0x08007f4c        0x4 
 .text._dtoa_r  0x08007f50      0xec4 d:/ra/gcc-arm-none-eabi-10.3-2021.10-win32/gcc-arm-none-eabi-10.3-2021.10/bin/../lib/gcc/arm-none-eabi/10.3.1/../../../../arm-none-eabi/lib/thumb/v7e-m/nofp\libg.a(lib_a-dtoa.o)
                0x08007f50                _dtoa_r
 .text.__sflush_r
                0x08008e14      0x120 d:/ra/gcc-arm-none-eabi-10.3-2021.10-win32/gcc-arm-none-eabi-10.3-2021.10/bin/../lib/gcc/arm-none-eabi/10.3.1/../../../../arm-none-eabi/lib/thumb/v7e-m/nofp\libg.a(lib_a-fflush.o)
                0x08008e14                __sflush_r
 .text._fflush_r
                0x08008f34       0x5c d:/ra/gcc-arm-none-eabi-10.3-2021.10-win32/gcc-arm-none-eabi-10.3-2021.10/bin/../lib/gcc/arm-none-eabi/10.3.1/../../../../arm-none-eabi/lib/thumb/v7e-m/nofp\libg.a(lib_a-fflush.o)
                0x08008f34                _fflush_r
 .text._cleanup_r
                0x08008f90        0xc d:/ra/gcc-arm-none-eabi-10.3-2021.10-win32/gcc-arm-none-eabi-10.3-2021.10/bin/../lib/gcc/arm-none-eabi/10.3.1/../../../../arm-none-eabi/lib/thumb/v7e-m/nofp\libg.a(lib_a-findfp.o)
                0x08008f90                _cleanup_r
 .text.__sinit  0x08008f9c      0x10c d:/ra/gcc-arm-none-eabi-10.3-2021.10-win32/gcc-arm-none-eabi-10.3-2021.10/bin/../lib/gcc/arm-none-eabi/10.3.1/../../../../arm-none-eabi/lib/thumb/v7e-m/nofp\libg.a(lib_a-findfp.o)
                0x08008f9c                __sinit
 .text.__sfp_lock_acquire
                0x080090a8        0xc d:/ra/gcc-arm-none-eabi-10.3-2021.10-win32/gcc-arm-none-eabi-10.3-2021.10/bin/../lib/gcc/arm-none-eabi/10.3.1/../../../../arm-none-eabi/lib/thumb/v7e-m/nofp\libg.a(lib_a-findfp.o)
                0x080090a8                __sfp_lock_acquire
 .text.__sfp_lock_release
                0x080090b4        0xc d:/ra/gcc-arm-none-eabi-10.3-2021.10-win32/gcc-arm-none-eabi-10.3-2021.10/bin/../lib/gcc/arm-none-eabi/10.3.1/../../../../arm-none-eabi/lib/thumb/v7e-m/nofp\libg.a(lib_a-findfp.o)
                0x080090b4                __sfp_lock_release
 .text.__libc_fini_array
                0x080090c0       0x2c d:/ra/gcc-arm-none-eabi-10.3-2021.10-win32/gcc-arm-none-eabi-10.3-2021.10/bin/../lib/gcc/arm-none-eabi/10.3.1/../../../../arm-none-eabi/lib/thumb/v7e-m/nofp\libg.a(lib_a-fini.o)
                0x080090c0                __libc_fini_array
 .text._malloc_trim_r
                0x080090ec       0xa0 d:/ra/gcc-arm-none-eabi-10.3-2021.10-win32/gcc-arm-none-eabi-10.3-2021.10/bin/../lib/gcc/arm-none-eabi/10.3.1/../../../../arm-none-eabi/lib/thumb/v7e-m/nofp\libg.a(lib_a-freer.o)
                0x080090ec                _malloc_trim_r
 .text._free_r  0x0800918c      0x20c d:/ra/gcc-arm-none-eabi-10.3-2021.10-win32/gcc-arm-none-eabi-10.3-2021.10/bin/../lib/gcc/arm-none-eabi/10.3.1/../../../../arm-none-eabi/lib/thumb/v7e-m/nofp\libg.a(lib_a-freer.o)
                0x0800918c                _free_r
 .text._fwalk_reent
                0x08009398       0x48 d:/ra/gcc-arm-none-eabi-10.3-2021.10-win32/gcc-arm-none-eabi-10.3-2021.10/bin/../lib/gcc/arm-none-eabi/10.3.1/../../../../arm-none-eabi/lib/thumb/v7e-m/nofp\libg.a(lib_a-fwalk.o)
                0x08009398                _fwalk_reent
 .text._localeconv_r
                0x080093e0        0x8 d:/ra/gcc-arm-none-eabi-10.3-2021.10-win32/gcc-arm-none-eabi-10.3-2021.10/bin/../lib/gcc/arm-none-eabi/10.3.1/../../../../arm-none-eabi/lib/thumb/v7e-m/nofp\libg.a(lib_a-localeconv.o)
                0x080093e0                _localeconv_r
 .text.__retarget_lock_init_recursive
                0x080093e8        0x4 d:/ra/gcc-arm-none-eabi-10.3-2021.10-win32/gcc-arm-none-eabi-10.3-2021.10/bin/../lib/gcc/arm-none-eabi/10.3.1/../../../../arm-none-eabi/lib/thumb/v7e-m/nofp\libg.a(lib_a-lock.o)
                0x080093e8                __retarget_lock_init_recursive
 .text.__retarget_lock_close_recursive
                0x080093ec        0x4 d:/ra/gcc-arm-none-eabi-10.3-2021.10-win32/gcc-arm-none-eabi-10.3-2021.10/bin/../lib/gcc/arm-none-eabi/10.3.1/../../../../arm-none-eabi/lib/thumb/v7e-m/nofp\libg.a(lib_a-lock.o)
                0x080093ec                __retarget_lock_close_recursive
 .text.__retarget_lock_acquire_recursive
                0x080093f0        0x4 d:/ra/gcc-arm-none-eabi-10.3-2021.10-win32/gcc-arm-none-eabi-10.3-2021.10/bin/../lib/gcc/arm-none-eabi/10.3.1/../../../../arm-none-eabi/lib/thumb/v7e-m/nofp\libg.a(lib_a-lock.o)
                0x080093f0                __retarget_lock_acquire_recursive
 .text.__retarget_lock_release_recursive
                0x080093f4        0x4 d:/ra/gcc-arm-none-eabi-10.3-2021.10-win32/gcc-arm-none-eabi-10.3-2021.10/bin/../lib/gcc/arm-none-eabi/10.3.1/../../../../arm-none-eabi/lib/thumb/v7e-m/nofp\libg.a(lib_a-lock.o)
                0x080093f4                __retarget_lock_release_recursive
 .text.__smakebuf_r
                0x080093f8       0xe0 d:/ra/gcc-arm-none-eabi-10.3-2021.10-win32/gcc-arm-none-eabi-10.3-2021.10/bin/../lib/gcc/arm-none-eabi/10.3.1/../../../../arm-none-eabi/lib/thumb/v7e-m/nofp\libg.a(lib_a-makebuf.o)
                0x080093f8                __smakebuf_r
 .text.__swhatbuf_r
                0x080094d8       0x60 d:/ra/gcc-arm-none-eabi-10.3-2021.10-win32/gcc-arm-none-eabi-10.3-2021.10/bin/../lib/gcc/arm-none-eabi/10.3.1/../../../../arm-none-eabi/lib/thumb/v7e-m/nofp\libg.a(lib_a-makebuf.o)
                0x080094d8                __swhatbuf_r
 .text.malloc   0x08009538       0x10 d:/ra/gcc-arm-none-eabi-10.3-2021.10-win32/gcc-arm-none-eabi-10.3-2021.10/bin/../lib/gcc/arm-none-eabi/10.3.1/../../../../arm-none-eabi/lib/thumb/v7e-m/nofp\libg.a(lib_a-malloc.o)
                0x08009538                malloc
 .text._malloc_r
                0x08009548      0x560 d:/ra/gcc-arm-none-eabi-10.3-2021.10-win32/gcc-arm-none-eabi-10.3-2021.10/bin/../lib/gcc/arm-none-eabi/10.3.1/../../../../arm-none-eabi/lib/thumb/v7e-m/nofp\libg.a(lib_a-mallocr.o)
                0x08009548                _malloc_r
 .text.__malloc_lock
                0x08009aa8        0xc d:/ra/gcc-arm-none-eabi-10.3-2021.10-win32/gcc-arm-none-eabi-10.3-2021.10/bin/../lib/gcc/arm-none-eabi/10.3.1/../../../../arm-none-eabi/lib/thumb/v7e-m/nofp\libg.a(lib_a-mlock.o)
                0x08009aa8                __malloc_lock
 .text.__malloc_unlock
                0x08009ab4        0xc d:/ra/gcc-arm-none-eabi-10.3-2021.10-win32/gcc-arm-none-eabi-10.3-2021.10/bin/../lib/gcc/arm-none-eabi/10.3.1/../../../../arm-none-eabi/lib/thumb/v7e-m/nofp\libg.a(lib_a-mlock.o)
                0x08009ab4                __malloc_unlock
 .text._Balloc  0x08009ac0       0x4c d:/ra/gcc-arm-none-eabi-10.3-2021.10-win32/gcc-arm-none-eabi-10.3-2021.10/bin/../lib/gcc/arm-none-eabi/10.3.1/../../../../arm-none-eabi/lib/thumb/v7e-m/nofp\libg.a(lib_a-mprec.o)
                0x08009ac0                _Balloc
 .text._Bfree   0x08009b0c       0x14 d:/ra/gcc-arm-none-eabi-10.3-2021.10-win32/gcc-arm-none-eabi-10.3-2021.10/bin/../lib/gcc/arm-none-eabi/10.3.1/../../../../arm-none-eabi/lib/thumb/v7e-m/nofp\libg.a(lib_a-mprec.o)
                0x08009b0c                _Bfree
 .text.__multadd
                0x08009b20       0xa0 d:/ra/gcc-arm-none-eabi-10.3-2021.10-win32/gcc-arm-none-eabi-10.3-2021.10/bin/../lib/gcc/arm-none-eabi/10.3.1/../../../../arm-none-eabi/lib/thumb/v7e-m/nofp\libg.a(lib_a-mprec.o)
                0x08009b20                __multadd
 .text.__hi0bits
                0x08009bc0       0x40 d:/ra/gcc-arm-none-eabi-10.3-2021.10-win32/gcc-arm-none-eabi-10.3-2021.10/bin/../lib/gcc/arm-none-eabi/10.3.1/../../../../arm-none-eabi/lib/thumb/v7e-m/nofp\libg.a(lib_a-mprec.o)
                0x08009bc0                __hi0bits
 .text.__lo0bits
                0x08009c00       0x5c d:/ra/gcc-arm-none-eabi-10.3-2021.10-win32/gcc-arm-none-eabi-10.3-2021.10/bin/../lib/gcc/arm-none-eabi/10.3.1/../../../../arm-none-eabi/lib/thumb/v7e-m/nofp\libg.a(lib_a-mprec.o)
                0x08009c00                __lo0bits
 .text.__i2b    0x08009c5c       0x5c d:/ra/gcc-arm-none-eabi-10.3-2021.10-win32/gcc-arm-none-eabi-10.3-2021.10/bin/../lib/gcc/arm-none-eabi/10.3.1/../../../../arm-none-eabi/lib/thumb/v7e-m/nofp\libg.a(lib_a-mprec.o)
                0x08009c5c                __i2b
 .text.__multiply
                0x08009cb8      0x15c d:/ra/gcc-arm-none-eabi-10.3-2021.10-win32/gcc-arm-none-eabi-10.3-2021.10/bin/../lib/gcc/arm-none-eabi/10.3.1/../../../../arm-none-eabi/lib/thumb/v7e-m/nofp\libg.a(lib_a-mprec.o)
                0x08009cb8                __multiply
 .text.__pow5mult
                0x08009e14       0xc0 d:/ra/gcc-arm-none-eabi-10.3-2021.10-win32/gcc-arm-none-eabi-10.3-2021.10/bin/../lib/gcc/arm-none-eabi/10.3.1/../../../../arm-none-eabi/lib/thumb/v7e-m/nofp\libg.a(lib_a-mprec.o)
                0x08009e14                __pow5mult
 .text.__lshift
                0x08009ed4       0xf0 d:/ra/gcc-arm-none-eabi-10.3-2021.10-win32/gcc-arm-none-eabi-10.3-2021.10/bin/../lib/gcc/arm-none-eabi/10.3.1/../../../../arm-none-eabi/lib/thumb/v7e-m/nofp\libg.a(lib_a-mprec.o)
                0x08009ed4                __lshift
 .text.__mcmp   0x08009fc4       0x40 d:/ra/gcc-arm-none-eabi-10.3-2021.10-win32/gcc-arm-none-eabi-10.3-2021.10/bin/../lib/gcc/arm-none-eabi/10.3.1/../../../../arm-none-eabi/lib/thumb/v7e-m/nofp\libg.a(lib_a-mprec.o)
                0x08009fc4                __mcmp
 .text.__mdiff  0x0800a004      0x14c d:/ra/gcc-arm-none-eabi-10.3-2021.10-win32/gcc-arm-none-eabi-10.3-2021.10/bin/../lib/gcc/arm-none-eabi/10.3.1/../../../../arm-none-eabi/lib/thumb/v7e-m/nofp\libg.a(lib_a-mprec.o)
                0x0800a004                __mdiff
 .text.__d2b    0x0800a150       0xc4 d:/ra/gcc-arm-none-eabi-10.3-2021.10-win32/gcc-arm-none-eabi-10.3-2021.10/bin/../lib/gcc/arm-none-eabi/10.3.1/../../../../arm-none-eabi/lib/thumb/v7e-m/nofp\libg.a(lib_a-mprec.o)
                0x0800a150                __d2b
 .text.frexp    0x0800a214       0x70 d:/ra/gcc-arm-none-eabi-10.3-2021.10-win32/gcc-arm-none-eabi-10.3-2021.10/bin/../lib/gcc/arm-none-eabi/10.3.1/../../../../arm-none-eabi/lib/thumb/v7e-m/nofp\libg.a(lib_a-s_frexp.o)
                0x0800a214                frexp
 .text._sbrk_r  0x0800a284       0x24 d:/ra/gcc-arm-none-eabi-10.3-2021.10-win32/gcc-arm-none-eabi-10.3-2021.10/bin/../lib/gcc/arm-none-eabi/10.3.1/../../../../arm-none-eabi/lib/thumb/v7e-m/nofp\libg.a(lib_a-sbrkr.o)
                0x0800a284                _sbrk_r
 .text.__sread  0x0800a2a8       0x24 d:/ra/gcc-arm-none-eabi-10.3-2021.10-win32/gcc-arm-none-eabi-10.3-2021.10/bin/../lib/gcc/arm-none-eabi/10.3.1/../../../../arm-none-eabi/lib/thumb/v7e-m/nofp\libg.a(lib_a-stdio.o)
                0x0800a2a8                __sread
 .text.__swrite
                0x0800a2cc       0x40 d:/ra/gcc-arm-none-eabi-10.3-2021.10-win32/gcc-arm-none-eabi-10.3-2021.10/bin/../lib/gcc/arm-none-eabi/10.3.1/../../../../arm-none-eabi/lib/thumb/v7e-m/nofp\libg.a(lib_a-stdio.o)
                0x0800a2cc                __swrite
 .text.__sseek  0x0800a30c       0x20 d:/ra/gcc-arm-none-eabi-10.3-2021.10-win32/gcc-arm-none-eabi-10.3-2021.10/bin/../lib/gcc/arm-none-eabi/10.3.1/../../../../arm-none-eabi/lib/thumb/v7e-m/nofp\libg.a(lib_a-stdio.o)
                0x0800a30c                __sseek
 .text.__sclose
                0x0800a32c        0x8 d:/ra/gcc-arm-none-eabi-10.3-2021.10-win32/gcc-arm-none-eabi-10.3-2021.10/bin/../lib/gcc/arm-none-eabi/10.3.1/../../../../arm-none-eabi/lib/thumb/v7e-m/nofp\libg.a(lib_a-stdio.o)
                0x0800a32c                __sclose
 .text.strncpy  0x0800a334       0x64 d:/ra/gcc-arm-none-eabi-10.3-2021.10-win32/gcc-arm-none-eabi-10.3-2021.10/bin/../lib/gcc/arm-none-eabi/10.3.1/../../../../arm-none-eabi/lib/thumb/v7e-m/nofp\libg.a(lib_a-strncpy.o)
                0x0800a334                strncpy
 .text.__sprint_r.part.0
                0x0800a398       0x78 d:/ra/gcc-arm-none-eabi-10.3-2021.10-win32/gcc-arm-none-eabi-10.3-2021.10/bin/../lib/gcc/arm-none-eabi/10.3.1/../../../../arm-none-eabi/lib/thumb/v7e-m/nofp\libg.a(lib_a-vfiprintf.o)
 .text.__sprint_r
                0x0800a410       0x14 d:/ra/gcc-arm-none-eabi-10.3-2021.10-win32/gcc-arm-none-eabi-10.3-2021.10/bin/../lib/gcc/arm-none-eabi/10.3.1/../../../../arm-none-eabi/lib/thumb/v7e-m/nofp\libg.a(lib_a-vfiprintf.o)
                0x0800a410                __sprint_r
 .text._vfiprintf_r
                0x0800a424      0xda0 d:/ra/gcc-arm-none-eabi-10.3-2021.10-win32/gcc-arm-none-eabi-10.3-2021.10/bin/../lib/gcc/arm-none-eabi/10.3.1/../../../../arm-none-eabi/lib/thumb/v7e-m/nofp\libg.a(lib_a-vfiprintf.o)
                0x0800a424                _vfiprintf_r
 .text.__sbprintf
                0x0800b1c4       0x80 d:/ra/gcc-arm-none-eabi-10.3-2021.10-win32/gcc-arm-none-eabi-10.3-2021.10/bin/../lib/gcc/arm-none-eabi/10.3.1/../../../../arm-none-eabi/lib/thumb/v7e-m/nofp\libg.a(lib_a-vfiprintf.o)
 .text._write_r
                0x0800b244       0x2c d:/ra/gcc-arm-none-eabi-10.3-2021.10-win32/gcc-arm-none-eabi-10.3-2021.10/bin/../lib/gcc/arm-none-eabi/10.3.1/../../../../arm-none-eabi/lib/thumb/v7e-m/nofp\libg.a(lib_a-writer.o)
                0x0800b244                _write_r
 .text.__register_exitproc
                0x0800b270       0x8c d:/ra/gcc-arm-none-eabi-10.3-2021.10-win32/gcc-arm-none-eabi-10.3-2021.10/bin/../lib/gcc/arm-none-eabi/10.3.1/../../../../arm-none-eabi/lib/thumb/v7e-m/nofp\libg.a(lib_a-__atexit.o)
                0x0800b270                __register_exitproc
 .text.__assert_func
                0x0800b2fc       0x40 d:/ra/gcc-arm-none-eabi-10.3-2021.10-win32/gcc-arm-none-eabi-10.3-2021.10/bin/../lib/gcc/arm-none-eabi/10.3.1/../../../../arm-none-eabi/lib/thumb/v7e-m/nofp\libg.a(lib_a-assert.o)
                0x0800b2fc                __assert_func
 .text._calloc_r
                0x0800b33c       0x78 d:/ra/gcc-arm-none-eabi-10.3-2021.10-win32/gcc-arm-none-eabi-10.3-2021.10/bin/../lib/gcc/arm-none-eabi/10.3.1/../../../../arm-none-eabi/lib/thumb/v7e-m/nofp\libg.a(lib_a-callocr.o)
                0x0800b33c                _calloc_r
 .text._close_r
                0x0800b3b4       0x24 d:/ra/gcc-arm-none-eabi-10.3-2021.10-win32/gcc-arm-none-eabi-10.3-2021.10/bin/../lib/gcc/arm-none-eabi/10.3.1/../../../../arm-none-eabi/lib/thumb/v7e-m/nofp\libg.a(lib_a-closer.o)
                0x0800b3b4                _close_r
 .text._fclose_r
                0x0800b3d8       0xcc d:/ra/gcc-arm-none-eabi-10.3-2021.10-win32/gcc-arm-none-eabi-10.3-2021.10/bin/../lib/gcc/arm-none-eabi/10.3.1/../../../../arm-none-eabi/lib/thumb/v7e-m/nofp\libg.a(lib_a-fclose.o)
                0x0800b3d8                _fclose_r
 .text.fiprintf
                0x0800b4a4       0x28 d:/ra/gcc-arm-none-eabi-10.3-2021.10-win32/gcc-arm-none-eabi-10.3-2021.10/bin/../lib/gcc/arm-none-eabi/10.3.1/../../../../arm-none-eabi/lib/thumb/v7e-m/nofp\libg.a(lib_a-fiprintf.o)
                0x0800b4a4                fiprintf
 .text.__fputwc
                0x0800b4cc       0xa8 d:/ra/gcc-arm-none-eabi-10.3-2021.10-win32/gcc-arm-none-eabi-10.3-2021.10/bin/../lib/gcc/arm-none-eabi/10.3.1/../../../../arm-none-eabi/lib/thumb/v7e-m/nofp\libg.a(lib_a-fputwc.o)
                0x0800b4cc                __fputwc
 .text._fputwc_r
                0x0800b574       0x68 d:/ra/gcc-arm-none-eabi-10.3-2021.10-win32/gcc-arm-none-eabi-10.3-2021.10/bin/../lib/gcc/arm-none-eabi/10.3.1/../../../../arm-none-eabi/lib/thumb/v7e-m/nofp\libg.a(lib_a-fputwc.o)
                0x0800b574                _fputwc_r
 .text._fstat_r
                0x0800b5dc       0x2c d:/ra/gcc-arm-none-eabi-10.3-2021.10-win32/gcc-arm-none-eabi-10.3-2021.10/bin/../lib/gcc/arm-none-eabi/10.3.1/../../../../arm-none-eabi/lib/thumb/v7e-m/nofp\libg.a(lib_a-fstatr.o)
                0x0800b5dc                _fstat_r
 .text.__sfvwrite_r
                0x0800b608      0x2e8 d:/ra/gcc-arm-none-eabi-10.3-2021.10-win32/gcc-arm-none-eabi-10.3-2021.10/bin/../lib/gcc/arm-none-eabi/10.3.1/../../../../arm-none-eabi/lib/thumb/v7e-m/nofp\libg.a(lib_a-fvwrite.o)
                0x0800b608                __sfvwrite_r
 .text._isatty_r
                0x0800b8f0       0x24 d:/ra/gcc-arm-none-eabi-10.3-2021.10-win32/gcc-arm-none-eabi-10.3-2021.10/bin/../lib/gcc/arm-none-eabi/10.3.1/../../../../arm-none-eabi/lib/thumb/v7e-m/nofp\libg.a(lib_a-isattyr.o)
                0x0800b8f0                _isatty_r
 .text.__locale_mb_cur_max
                0x0800b914        0xc d:/ra/gcc-arm-none-eabi-10.3-2021.10-win32/gcc-arm-none-eabi-10.3-2021.10/bin/../lib/gcc/arm-none-eabi/10.3.1/../../../../arm-none-eabi/lib/thumb/v7e-m/nofp\libg.a(lib_a-locale.o)
                0x0800b914                __locale_mb_cur_max
 .text._lseek_r
                0x0800b920       0x2c d:/ra/gcc-arm-none-eabi-10.3-2021.10-win32/gcc-arm-none-eabi-10.3-2021.10/bin/../lib/gcc/arm-none-eabi/10.3.1/../../../../arm-none-eabi/lib/thumb/v7e-m/nofp\libg.a(lib_a-lseekr.o)
                0x0800b920                _lseek_r
 .text.__ascii_mbtowc
                0x0800b94c       0x2c d:/ra/gcc-arm-none-eabi-10.3-2021.10-win32/gcc-arm-none-eabi-10.3-2021.10/bin/../lib/gcc/arm-none-eabi/10.3.1/../../../../arm-none-eabi/lib/thumb/v7e-m/nofp\libg.a(lib_a-mbtowc_r.o)
                0x0800b94c                __ascii_mbtowc
 .text.memmove  0x0800b978       0xf8 d:/ra/gcc-arm-none-eabi-10.3-2021.10-win32/gcc-arm-none-eabi-10.3-2021.10/bin/../lib/gcc/arm-none-eabi/10.3.1/../../../../arm-none-eabi/lib/thumb/v7e-m/nofp\libg.a(lib_a-memmove.o)
                0x0800b978                memmove
 .text._read_r  0x0800ba70       0x2c d:/ra/gcc-arm-none-eabi-10.3-2021.10-win32/gcc-arm-none-eabi-10.3-2021.10/bin/../lib/gcc/arm-none-eabi/10.3.1/../../../../arm-none-eabi/lib/thumb/v7e-m/nofp\libg.a(lib_a-readr.o)
                0x0800ba70                _read_r
 .text._realloc_r
                0x0800ba9c      0x3d8 d:/ra/gcc-arm-none-eabi-10.3-2021.10-win32/gcc-arm-none-eabi-10.3-2021.10/bin/../lib/gcc/arm-none-eabi/10.3.1/../../../../arm-none-eabi/lib/thumb/v7e-m/nofp\libg.a(lib_a-reallocr.o)
                0x0800ba9c                _realloc_r
 .text.__swbuf_r
                0x0800be74       0xb0 d:/ra/gcc-arm-none-eabi-10.3-2021.10-win32/gcc-arm-none-eabi-10.3-2021.10/bin/../lib/gcc/arm-none-eabi/10.3.1/../../../../arm-none-eabi/lib/thumb/v7e-m/nofp\libg.a(lib_a-wbuf.o)
                0x0800be74                __swbuf_r
 .text._wcrtomb_r
                0x0800bf24       0x3c d:/ra/gcc-arm-none-eabi-10.3-2021.10-win32/gcc-arm-none-eabi-10.3-2021.10/bin/../lib/gcc/arm-none-eabi/10.3.1/../../../../arm-none-eabi/lib/thumb/v7e-m/nofp\libg.a(lib_a-wcrtomb.o)
                0x0800bf24                _wcrtomb_r
 .text.__ascii_wctomb
                0x0800bf60       0x1c d:/ra/gcc-arm-none-eabi-10.3-2021.10-win32/gcc-arm-none-eabi-10.3-2021.10/bin/../lib/gcc/arm-none-eabi/10.3.1/../../../../arm-none-eabi/lib/thumb/v7e-m/nofp\libg.a(lib_a-wctomb_r.o)
                0x0800bf60                __ascii_wctomb
 .text.abort    0x0800bf7c       0x10 d:/ra/gcc-arm-none-eabi-10.3-2021.10-win32/gcc-arm-none-eabi-10.3-2021.10/bin/../lib/gcc/arm-none-eabi/10.3.1/../../../../arm-none-eabi/lib/thumb/v7e-m/nofp\libg.a(lib_a-abort.o)
                0x0800bf7c                abort
 .text.raise    0x0800bf8c       0x5c d:/ra/gcc-arm-none-eabi-10.3-2021.10-win32/gcc-arm-none-eabi-10.3-2021.10/bin/../lib/gcc/arm-none-eabi/10.3.1/../../../../arm-none-eabi/lib/thumb/v7e-m/nofp\libg.a(lib_a-signal.o)
                0x0800bf8c                raise
 .text._kill_r  0x0800bfe8       0x2c d:/ra/gcc-arm-none-eabi-10.3-2021.10-win32/gcc-arm-none-eabi-10.3-2021.10/bin/../lib/gcc/arm-none-eabi/10.3.1/../../../../arm-none-eabi/lib/thumb/v7e-m/nofp\libg.a(lib_a-signalr.o)
                0x0800bfe8                _kill_r
 .text._getpid_r
                0x0800c014        0x4 d:/ra/gcc-arm-none-eabi-10.3-2021.10-win32/gcc-arm-none-eabi-10.3-2021.10/bin/../lib/gcc/arm-none-eabi/10.3.1/../../../../arm-none-eabi/lib/thumb/v7e-m/nofp\libg.a(lib_a-signalr.o)
                0x0800c014                _getpid_r
 *(.glue_7)
 .glue_7        0x0800c018        0x0 linker stubs
 *(.glue_7t)
 .glue_7t       0x0800c018        0x0 linker stubs
 *(.eh_frame)
 .eh_frame      0x0800c018        0x0 d:/ra/gcc-arm-none-eabi-10.3-2021.10-win32/gcc-arm-none-eabi-10.3-2021.10/bin/../lib/gcc/arm-none-eabi/10.3.1/thumb/v7e-m/nofp/crtbegin.o
 *(.init)
 .init          0x0800c018        0x4 d:/ra/gcc-arm-none-eabi-10.3-2021.10-win32/gcc-arm-none-eabi-10.3-2021.10/bin/../lib/gcc/arm-none-eabi/10.3.1/thumb/v7e-m/nofp/crti.o
                0x0800c018                _init
 .init          0x0800c01c        0x8 d:/ra/gcc-arm-none-eabi-10.3-2021.10-win32/gcc-arm-none-eabi-10.3-2021.10/bin/../lib/gcc/arm-none-eabi/10.3.1/thumb/v7e-m/nofp/crtn.o
 *(.fini)
 .fini          0x0800c024        0x4 d:/ra/gcc-arm-none-eabi-10.3-2021.10-win32/gcc-arm-none-eabi-10.3-2021.10/bin/../lib/gcc/arm-none-eabi/10.3.1/thumb/v7e-m/nofp/crti.o
                0x0800c024                _fini
 .fini          0x0800c028        0x8 d:/ra/gcc-arm-none-eabi-10.3-2021.10-win32/gcc-arm-none-eabi-10.3-2021.10/bin/../lib/gcc/arm-none-eabi/10.3.1/thumb/v7e-m/nofp/crtn.o
                0x0800c030                . = ALIGN (0x4)
                0x0800c030                _etext = .

.vfp11_veneer   0x0800c030        0x0
 .vfp11_veneer  0x0800c030        0x0 linker stubs

.v4_bx          0x0800c030        0x0
 .v4_bx         0x0800c030        0x0 linker stubs

.iplt           0x0800c030        0x0
 .iplt          0x0800c030        0x0 d:/ra/gcc-arm-none-eabi-10.3-2021.10-win32/gcc-arm-none-eabi-10.3-2021.10/bin/../lib/gcc/arm-none-eabi/10.3.1/thumb/v7e-m/nofp/crtbegin.o

.rodata         0x0800c030      0x4d8
                0x0800c030                . = ALIGN (0x4)
 *(.rodata)
 *(.rodata*)
 .rodata.AHBPrescTable
                0x0800c030       0x10 CMakeFiles/multi.elf.dir/Core/Src/system_stm32f4xx.c.obj
                0x0800c030                AHBPrescTable
 .rodata.APBPrescTable
                0x0800c040        0x8 CMakeFiles/multi.elf.dir/Core/Src/system_stm32f4xx.c.obj
                0x0800c040                APBPrescTable
 .rodata.spi_device_cs_array_42
                0x0800c048       0x10 CMakeFiles/multi.elf.dir/HARDWARE/OLED/oled_42/oled_42.c.obj
 .rodata.spi_device_cs_array
                0x0800c058        0x8 CMakeFiles/multi.elf.dir/HARDWARE/OLED/oled_91/oled_91.c.obj
 .rodata.spi2_init.str1.4
                0x0800c060       0x12 CMakeFiles/multi.elf.dir/HARDWARE/SPI/SPI2/spi2.c.obj
 *fill*         0x0800c072        0x2 
 .rodata.spi3_init.str1.4
                0x0800c074       0x12 CMakeFiles/multi.elf.dir/HARDWARE/SPI/SPI3/spi3.c.obj
 *fill*         0x0800c086        0x2 
 .rodata.USBD_FS_ProductStrDescriptor.str1.4
                0x0800c088       0x1d CMakeFiles/multi.elf.dir/USB_DEVICE/App/usbd_desc.c.obj
 *fill*         0x0800c0a5        0x3 
 .rodata.USBD_FS_ManufacturerStrDescriptor.str1.4
                0x0800c0a8       0x13 CMakeFiles/multi.elf.dir/USB_DEVICE/App/usbd_desc.c.obj
 *fill*         0x0800c0bb        0x1 
 .rodata.USBD_FS_ConfigStrDescriptor.str1.4
                0x0800c0bc       0x12 CMakeFiles/multi.elf.dir/USB_DEVICE/App/usbd_desc.c.obj
 *fill*         0x0800c0ce        0x2 
 .rodata.USBD_FS_InterfaceStrDescriptor.str1.4
                0x0800c0d0       0x15 CMakeFiles/multi.elf.dir/USB_DEVICE/App/usbd_desc.c.obj
 *fill*         0x0800c0e5        0x3 
 .rodata.key_down_callback.str1.4
                0x0800c0e8       0x11 CMakeFiles/multi.elf.dir/USER/Matrix_key/matrix_key_user.c.obj
 *fill*         0x0800c0f9        0x3 
 .rodata.key_up_callback.str1.4
                0x0800c0fc        0xb CMakeFiles/multi.elf.dir/USER/Matrix_key/matrix_key_user.c.obj
 *fill*         0x0800c107        0x1 
 .rodata._global_impure_ptr
                0x0800c108        0x4 d:/ra/gcc-arm-none-eabi-10.3-2021.10-win32/gcc-arm-none-eabi-10.3-2021.10/bin/../lib/gcc/arm-none-eabi/10.3.1/../../../../arm-none-eabi/lib/thumb/v7e-m/nofp\libg.a(lib_a-impure.o)
                0x0800c108                _global_impure_ptr
 .rodata._vfprintf_r.str1.4
                0x0800c10c       0x42 d:/ra/gcc-arm-none-eabi-10.3-2021.10-win32/gcc-arm-none-eabi-10.3-2021.10/bin/../lib/gcc/arm-none-eabi/10.3.1/../../../../arm-none-eabi/lib/thumb/v7e-m/nofp\libg.a(lib_a-vfprintf.o)
 *fill*         0x0800c14e        0x2 
 .rodata.blanks.1
                0x0800c150       0x10 d:/ra/gcc-arm-none-eabi-10.3-2021.10-win32/gcc-arm-none-eabi-10.3-2021.10/bin/../lib/gcc/arm-none-eabi/10.3.1/../../../../arm-none-eabi/lib/thumb/v7e-m/nofp\libg.a(lib_a-vfprintf.o)
 .rodata.zeroes.0
                0x0800c160       0x10 d:/ra/gcc-arm-none-eabi-10.3-2021.10-win32/gcc-arm-none-eabi-10.3-2021.10/bin/../lib/gcc/arm-none-eabi/10.3.1/../../../../arm-none-eabi/lib/thumb/v7e-m/nofp\libg.a(lib_a-vfprintf.o)
 .rodata._dtoa_r.str1.4
                0x0800c170       0xa2 d:/ra/gcc-arm-none-eabi-10.3-2021.10-win32/gcc-arm-none-eabi-10.3-2021.10/bin/../lib/gcc/arm-none-eabi/10.3.1/../../../../arm-none-eabi/lib/thumb/v7e-m/nofp\libg.a(lib_a-dtoa.o)
                                 0xa6 (size before relaxing)
 *fill*         0x0800c212        0x2 
 .rodata.__multadd.str1.4
                0x0800c214       0x7f d:/ra/gcc-arm-none-eabi-10.3-2021.10-win32/gcc-arm-none-eabi-10.3-2021.10/bin/../lib/gcc/arm-none-eabi/10.3.1/../../../../arm-none-eabi/lib/thumb/v7e-m/nofp\libg.a(lib_a-mprec.o)
                                 0x93 (size before relaxing)
 *fill*         0x0800c293        0x5 
 .rodata.__mprec_bigtens
                0x0800c298       0x28 d:/ra/gcc-arm-none-eabi-10.3-2021.10-win32/gcc-arm-none-eabi-10.3-2021.10/bin/../lib/gcc/arm-none-eabi/10.3.1/../../../../arm-none-eabi/lib/thumb/v7e-m/nofp\libg.a(lib_a-mprec.o)
                0x0800c298                __mprec_bigtens
 .rodata.__mprec_tens
                0x0800c2c0       0xc8 d:/ra/gcc-arm-none-eabi-10.3-2021.10-win32/gcc-arm-none-eabi-10.3-2021.10/bin/../lib/gcc/arm-none-eabi/10.3.1/../../../../arm-none-eabi/lib/thumb/v7e-m/nofp\libg.a(lib_a-mprec.o)
                0x0800c2c0                __mprec_tens
 .rodata.p05.0  0x0800c388        0xc d:/ra/gcc-arm-none-eabi-10.3-2021.10-win32/gcc-arm-none-eabi-10.3-2021.10/bin/../lib/gcc/arm-none-eabi/10.3.1/../../../../arm-none-eabi/lib/thumb/v7e-m/nofp\libg.a(lib_a-mprec.o)
 .rodata._vfiprintf_r.str1.4
                0x0800c394       0x2f d:/ra/gcc-arm-none-eabi-10.3-2021.10-win32/gcc-arm-none-eabi-10.3-2021.10/bin/../lib/gcc/arm-none-eabi/10.3.1/../../../../arm-none-eabi/lib/thumb/v7e-m/nofp\libg.a(lib_a-vfiprintf.o)
 .rodata.blanks.1
                0x0800c394       0x10 d:/ra/gcc-arm-none-eabi-10.3-2021.10-win32/gcc-arm-none-eabi-10.3-2021.10/bin/../lib/gcc/arm-none-eabi/10.3.1/../../../../arm-none-eabi/lib/thumb/v7e-m/nofp\libg.a(lib_a-vfiprintf.o)
 .rodata.zeroes.0
                0x0800c3a4       0x10 d:/ra/gcc-arm-none-eabi-10.3-2021.10-win32/gcc-arm-none-eabi-10.3-2021.10/bin/../lib/gcc/arm-none-eabi/10.3.1/../../../../arm-none-eabi/lib/thumb/v7e-m/nofp\libg.a(lib_a-vfiprintf.o)
 .rodata.__assert_func.str1.4
                0x0800c3b4       0x3f d:/ra/gcc-arm-none-eabi-10.3-2021.10-win32/gcc-arm-none-eabi-10.3-2021.10/bin/../lib/gcc/arm-none-eabi/10.3.1/../../../../arm-none-eabi/lib/thumb/v7e-m/nofp\libg.a(lib_a-assert.o)
                                 0x43 (size before relaxing)
 *fill*         0x0800c3f3        0x1 
 .rodata._setlocale_r.str1.4
                0x0800c3f4        0xa d:/ra/gcc-arm-none-eabi-10.3-2021.10-win32/gcc-arm-none-eabi-10.3-2021.10/bin/../lib/gcc/arm-none-eabi/10.3.1/../../../../arm-none-eabi/lib/thumb/v7e-m/nofp\libg.a(lib_a-locale.o)
                                  0xd (size before relaxing)
 *fill*         0x0800c3fe        0x2 
 .rodata.str1.4
                0x0800c400        0x2 d:/ra/gcc-arm-none-eabi-10.3-2021.10-win32/gcc-arm-none-eabi-10.3-2021.10/bin/../lib/gcc/arm-none-eabi/10.3.1/../../../../arm-none-eabi/lib/thumb/v7e-m/nofp\libg.a(lib_a-locale.o)
 *fill*         0x0800c402        0x2 
 .rodata._ctype_
                0x0800c404      0x101 d:/ra/gcc-arm-none-eabi-10.3-2021.10-win32/gcc-arm-none-eabi-10.3-2021.10/bin/../lib/gcc/arm-none-eabi/10.3.1/../../../../arm-none-eabi/lib/thumb/v7e-m/nofp\libg.a(lib_a-ctype_.o)
                0x0800c404                _ctype_
                0x0800c508                . = ALIGN (0x4)
 *fill*         0x0800c505        0x3 

.ARM.extab      0x0800c508        0x0
                0x0800c508                . = ALIGN (0x4)
 *(.ARM.extab* .gnu.linkonce.armextab.*)
                0x0800c508                . = ALIGN (0x4)

.ARM            0x0800c508        0x8
                0x0800c508                . = ALIGN (0x4)
                0x0800c508                __exidx_start = .
 *(.ARM.exidx*)
 .ARM.exidx     0x0800c508        0x8 d:/ra/gcc-arm-none-eabi-10.3-2021.10-win32/gcc-arm-none-eabi-10.3-2021.10/bin/../lib/gcc/arm-none-eabi/10.3.1/thumb/v7e-m/nofp\libgcc.a(_udivmoddi4.o)
                0x0800c510                __exidx_end = .
                0x0800c510                . = ALIGN (0x4)

.rel.dyn        0x0800c510        0x0
 .rel.iplt      0x0800c510        0x0 d:/ra/gcc-arm-none-eabi-10.3-2021.10-win32/gcc-arm-none-eabi-10.3-2021.10/bin/../lib/gcc/arm-none-eabi/10.3.1/thumb/v7e-m/nofp/crtbegin.o

.preinit_array  0x0800c510        0x0
                0x0800c510                . = ALIGN (0x4)
                0x0800c510                PROVIDE (__preinit_array_start = .)
 *(.preinit_array*)
                0x0800c510                PROVIDE (__preinit_array_end = .)
                0x0800c510                . = ALIGN (0x4)

.init_array     0x0800c510        0x8
                0x0800c510                . = ALIGN (0x4)
                0x0800c510                PROVIDE (__init_array_start = .)
 *(SORT_BY_NAME(.init_array.*))
 .init_array.00000
                0x0800c510        0x4 d:/ra/gcc-arm-none-eabi-10.3-2021.10-win32/gcc-arm-none-eabi-10.3-2021.10/bin/../lib/gcc/arm-none-eabi/10.3.1/../../../../arm-none-eabi/lib/thumb/v7e-m/nofp\libg.a(lib_a-__call_atexit.o)
 *(.init_array*)
 .init_array    0x0800c514        0x4 d:/ra/gcc-arm-none-eabi-10.3-2021.10-win32/gcc-arm-none-eabi-10.3-2021.10/bin/../lib/gcc/arm-none-eabi/10.3.1/thumb/v7e-m/nofp/crtbegin.o
                0x0800c518                PROVIDE (__init_array_end = .)
                0x0800c518                . = ALIGN (0x4)

.fini_array     0x0800c518        0x4
                0x0800c518                . = ALIGN (0x4)
                0x0800c518                PROVIDE (__fini_array_start = .)
 *(SORT_BY_NAME(.fini_array.*))
 *(.fini_array*)
 .fini_array    0x0800c518        0x4 d:/ra/gcc-arm-none-eabi-10.3-2021.10-win32/gcc-arm-none-eabi-10.3-2021.10/bin/../lib/gcc/arm-none-eabi/10.3.1/thumb/v7e-m/nofp/crtbegin.o
                0x0800c51c                PROVIDE (__fini_array_end = .)
                0x0800c51c                . = ALIGN (0x4)
                0x0800c51c                _sidata = LOADADDR (.data)

.data           0x20000000      0xf60 load address 0x0800c51c
                0x20000000                . = ALIGN (0x4)
                0x20000000                _sdata = .
 *(.data)
 *(.data*)
 .data.SystemCoreClock
                0x20000000        0x4 CMakeFiles/multi.elf.dir/Core/Src/system_stm32f4xx.c.obj
                0x20000000                SystemCoreClock
 .data.uwTickFreq
                0x20000004        0x1 CMakeFiles/multi.elf.dir/Drivers/STM32F4xx_HAL_Driver/Src/stm32f4xx_hal.c.obj
                0x20000004                uwTickFreq
 *fill*         0x20000005        0x3 
 .data.uwTickPrio
                0x20000008        0x4 CMakeFiles/multi.elf.dir/Drivers/STM32F4xx_HAL_Driver/Src/stm32f4xx_hal.c.obj
                0x20000008                uwTickPrio
 .data.key_state
                0x2000000c        0x2 CMakeFiles/multi.elf.dir/HARDWARE/MATRIX_KEY/matrix_key.c.obj
                0x2000000c                key_state
 *fill*         0x2000000e        0x2 
 .data.USBD_CUSTOM_HID
                0x20000010       0x38 CMakeFiles/multi.elf.dir/Middlewares/ST/STM32_USB_Device_Library/Class/CustomHID/Src/usbd_customhid.c.obj
                0x20000010                USBD_CUSTOM_HID
 .data.USBD_CUSTOM_HID_CfgDesc
                0x20000048       0x29 CMakeFiles/multi.elf.dir/Middlewares/ST/STM32_USB_Device_Library/Class/CustomHID/Src/usbd_customhid.c.obj
 *fill*         0x20000071        0x3 
 .data.USBD_CUSTOM_HID_Desc
                0x20000074        0x9 CMakeFiles/multi.elf.dir/Middlewares/ST/STM32_USB_Device_Library/Class/CustomHID/Src/usbd_customhid.c.obj
 *fill*         0x2000007d        0x3 
 .data.USBD_CUSTOM_HID_DeviceQualifierDesc
                0x20000080        0xa CMakeFiles/multi.elf.dir/Middlewares/ST/STM32_USB_Device_Library/Class/CustomHID/Src/usbd_customhid.c.obj
 *fill*         0x2000008a        0x2 
 .data.CUSTOM_HID_ReportDesc_FS
                0x2000008c        0x2 CMakeFiles/multi.elf.dir/USB_DEVICE/App/usbd_custom_hid_if.c.obj
 *fill*         0x2000008e        0x2 
 .data.USBD_CustomHID_fops_FS