Archive member included to satisfy reference by file (symbol)

d:/ra/gcc-arm-none-eabi-10.3-2021.10-win32/gcc-arm-none-eabi-10.3-2021.10/bin/../lib/gcc/arm-none-eabi/10.3.1/thumb/v7e-m/nofp\libgcc.a(_arm_mulsf3.o)
                              CMakeFiles/multi.elf.dir/HARDWARE/LCD/LCD_TEST/lcd.c.obj (__aeabi_fmul)
d:/ra/gcc-arm-none-eabi-10.3-2021.10-win32/gcc-arm-none-eabi-10.3-2021.10/bin/../lib/gcc/arm-none-eabi/10.3.1/thumb/v7e-m/nofp\libgcc.a(_arm_fixunssfsi.o)
                              CMakeFiles/multi.elf.dir/HARDWARE/LCD/LCD_TEST/lcd.c.obj (__aeabi_f2uiz)
d:/ra/gcc-arm-none-eabi-10.3-2021.10-win32/gcc-arm-none-eabi-10.3-2021.10/bin/../lib/gcc/arm-none-eabi/10.3.1/thumb/v7e-m/nofp\libgcc.a(_aeabi_uldivmod.o)
                              CMakeFiles/multi.elf.dir/Drivers/STM32F4xx_HAL_Driver/Src/stm32f4xx_hal_rcc.c.obj (__aeabi_uldivmod)
d:/ra/gcc-arm-none-eabi-10.3-2021.10-win32/gcc-arm-none-eabi-10.3-2021.10/bin/../lib/gcc/arm-none-eabi/10.3.1/thumb/v7e-m/nofp\libgcc.a(_udivmoddi4.o)
                              d:/ra/gcc-arm-none-eabi-10.3-2021.10-win32/gcc-arm-none-eabi-10.3-2021.10/bin/../lib/gcc/arm-none-eabi/10.3.1/thumb/v7e-m/nofp\libgcc.a(_aeabi_uldivmod.o) (__udivmoddi4)
d:/ra/gcc-arm-none-eabi-10.3-2021.10-win32/gcc-arm-none-eabi-10.3-2021.10/bin/../lib/gcc/arm-none-eabi/10.3.1/thumb/v7e-m/nofp\libgcc.a(_dvmd_tls.o)
                              d:/ra/gcc-arm-none-eabi-10.3-2021.10-win32/gcc-arm-none-eabi-10.3-2021.10/bin/../lib/gcc/arm-none-eabi/10.3.1/thumb/v7e-m/nofp\libgcc.a(_aeabi_uldivmod.o) (__aeabi_ldiv0)
d:/ra/gcc-arm-none-eabi-10.3-2021.10-win32/gcc-arm-none-eabi-10.3-2021.10/bin/../lib/gcc/arm-none-eabi/10.3.1/../../../../arm-none-eabi/lib/thumb/v7e-m/nofp\libg.a(lib_a-errno.o)
                              CMakeFiles/multi.elf.dir/Core/Src/retarget.c.obj (__errno)
d:/ra/gcc-arm-none-eabi-10.3-2021.10-win32/gcc-arm-none-eabi-10.3-2021.10/bin/../lib/gcc/arm-none-eabi/10.3.1/../../../../arm-none-eabi/lib/thumb/v7e-m/nofp\libg.a(lib_a-exit.o)
                              d:/ra/gcc-arm-none-eabi-10.3-2021.10-win32/gcc-arm-none-eabi-10.3-2021.10/bin/../lib/gcc/arm-none-eabi/10.3.1/../../../../arm-none-eabi/lib/thumb/v7e-m/nofp/crt0.o (exit)
d:/ra/gcc-arm-none-eabi-10.3-2021.10-win32/gcc-arm-none-eabi-10.3-2021.10/bin/../lib/gcc/arm-none-eabi/10.3.1/../../../../arm-none-eabi/lib/thumb/v7e-m/nofp\libg.a(lib_a-impure.o)
                              d:/ra/gcc-arm-none-eabi-10.3-2021.10-win32/gcc-arm-none-eabi-10.3-2021.10/bin/../lib/gcc/arm-none-eabi/10.3.1/../../../../arm-none-eabi/lib/thumb/v7e-m/nofp\libg.a(lib_a-exit.o) (_global_impure_ptr)
d:/ra/gcc-arm-none-eabi-10.3-2021.10-win32/gcc-arm-none-eabi-10.3-2021.10/bin/../lib/gcc/arm-none-eabi/10.3.1/../../../../arm-none-eabi/lib/thumb/v7e-m/nofp\libg.a(lib_a-init.o)
                              d:/ra/gcc-arm-none-eabi-10.3-2021.10-win32/gcc-arm-none-eabi-10.3-2021.10/bin/../lib/gcc/arm-none-eabi/10.3.1/../../../../arm-none-eabi/lib/thumb/v7e-m/nofp/crt0.o (__libc_init_array)
d:/ra/gcc-arm-none-eabi-10.3-2021.10-win32/gcc-arm-none-eabi-10.3-2021.10/bin/../lib/gcc/arm-none-eabi/10.3.1/../../../../arm-none-eabi/lib/thumb/v7e-m/nofp\libg.a(lib_a-memset.o)
                              d:/ra/gcc-arm-none-eabi-10.3-2021.10-win32/gcc-arm-none-eabi-10.3-2021.10/bin/../lib/gcc/arm-none-eabi/10.3.1/../../../../arm-none-eabi/lib/thumb/v7e-m/nofp/crt0.o (memset)
d:/ra/gcc-arm-none-eabi-10.3-2021.10-win32/gcc-arm-none-eabi-10.3-2021.10/bin/../lib/gcc/arm-none-eabi/10.3.1/../../../../arm-none-eabi/lib/thumb/v7e-m/nofp\libg.a(lib_a-printf.o)
                              CMakeFiles/multi.elf.dir/HARDWARE/I2C/I2C1/i2c1.c.obj (printf)
d:/ra/gcc-arm-none-eabi-10.3-2021.10-win32/gcc-arm-none-eabi-10.3-2021.10/bin/../lib/gcc/arm-none-eabi/10.3.1/../../../../arm-none-eabi/lib/thumb/v7e-m/nofp\libg.a(lib_a-puts.o)
                              CMakeFiles/multi.elf.dir/HARDWARE/SDIO/sdio.c.obj (puts)
d:/ra/gcc-arm-none-eabi-10.3-2021.10-win32/gcc-arm-none-eabi-10.3-2021.10/bin/../lib/gcc/arm-none-eabi/10.3.1/../../../../arm-none-eabi/lib/thumb/v7e-m/nofp\libg.a(lib_a-setvbuf.o)
                              CMakeFiles/multi.elf.dir/Core/Src/retarget.c.obj (setvbuf)
d:/ra/gcc-arm-none-eabi-10.3-2021.10-win32/gcc-arm-none-eabi-10.3-2021.10/bin/../lib/gcc/arm-none-eabi/10.3.1/../../../../arm-none-eabi/lib/thumb/v7e-m/nofp\libg.a(lib_a-strlen.o)
                              d:/ra/gcc-arm-none-eabi-10.3-2021.10-win32/gcc-arm-none-eabi-10.3-2021.10/bin/../lib/gcc/arm-none-eabi/10.3.1/../../../../arm-none-eabi/lib/thumb/v7e-m/nofp\libg.a(lib_a-puts.o) (strlen)
d:/ra/gcc-arm-none-eabi-10.3-2021.10-win32/gcc-arm-none-eabi-10.3-2021.10/bin/../lib/gcc/arm-none-eabi/10.3.1/../../../../arm-none-eabi/lib/thumb/v7e-m/nofp\libg.a(lib_a-vfprintf.o)
[...]
Memory Configuration

Name             Origin             Length             Attributes
CCMRAM           0x10000000         0x00010000         xrw
RAM              0x20000000         0x00020000         xrw
FLASH            0x08000000         0x00100000         xr
*default*        0x00000000         0xffffffff

Linker script and memory map

LOAD d:/ra/gcc-arm-none-eabi-10.3-2021.10-win32/gcc-arm-none-eabi-10.3-2021.10/bin/../lib/gcc/arm-none-eabi/10.3.1/thumb/v7e-m/nofp/crti.o
LOAD d:/ra/gcc-arm-none-eabi-10.3-2021.10-win32/gcc-arm-none-eabi-10.3-2021.10/bin/../lib/gcc/arm-none-eabi/10.3.1/thumb/v7e-m/nofp/crtbegin.o
LOAD d:/ra/gcc-arm-none-eabi-10.3-2021.10-win32/gcc-arm-none-eabi-10.3-2021.10/bin/../lib/gcc/arm-none-eabi/10.3.1/../../../../arm-none-eabi/lib/thumb/v7e-m/nofp/crt0.o
LOAD CMakeFiles/multi.elf.dir/Core/Src/gpio.c.obj
LOAD CMakeFiles/multi.elf.dir/Core/Src/main.c.obj
LOAD CMakeFiles/multi.elf.dir/Core/Src/retarget.c.obj
LOAD CMakeFiles/multi.elf.dir/Core/Src/stm32f4xx_hal_msp.c.obj
LOAD CMakeFiles/multi.elf.dir/Core/Src/stm32f4xx_it.c.obj
LOAD CMakeFiles/multi.elf.dir/Core/Src/syscalls.c.obj
LOAD CMakeFiles/multi.elf.dir/Core/Src/sysmem.c.obj
LOAD CMakeFiles/multi.elf.dir/Core/Src/system_stm32f4xx.c.obj
LOAD CMakeFiles/multi.elf.dir/Core/Src/usart.c.obj
LOAD CMakeFiles/multi.elf.dir/Core/Startup/startup_stm32f407zgtx.s.obj
LOAD CMakeFiles/multi.elf.dir/Drivers/STM32F4xx_HAL_Driver/Src/stm32f4xx_hal.c.obj
LOAD CMakeFiles/multi.elf.dir/Drivers/STM32F4xx_HAL_Driver/Src/stm32f4xx_hal_cortex.c.obj
LOAD CMakeFiles/multi.elf.dir/Drivers/STM32F4xx_HAL_Driver/Src/stm32f4xx_hal_dma.c.obj
LOAD CMakeFiles/multi.elf.dir/Drivers/STM32F4xx_HAL_Driver/Src/stm32f4xx_hal_dma_ex.c.obj
LOAD CMakeFiles/multi.elf.dir/Drivers/STM32F4xx_HAL_Driver/Src/stm32f4xx_hal_exti.c.obj
LOAD CMakeFiles/multi.elf.dir/Drivers/STM32F4xx_HAL_Driver/Src/stm32f4xx_hal_flash.c.obj
LOAD CMakeFiles/multi.elf.dir/Drivers/STM32F4xx_HAL_Driver/Src/stm32f4xx_hal_flash_ex.c.obj
LOAD CMakeFiles/multi.elf.dir/Drivers/STM32F4xx_HAL_Driver/Src/stm32f4xx_hal_flash_ramfunc.c.obj
LOAD CMakeFiles/multi.elf.dir/Drivers/STM32F4xx_HAL_Driver/Src/stm32f4xx_hal_gpio.c.obj
LOAD CMakeFiles/multi.elf.dir/Drivers/STM32F4xx_HAL_Driver/Src/stm32f4xx_hal_i2c.c.obj
LOAD CMakeFiles/multi.elf.dir/Drivers/STM32F4xx_HAL_Driver/Src/stm32f4xx_hal_pcd.c.obj
LOAD CMakeFiles/multi.elf.dir/Drivers/STM32F4xx_HAL_Driver/Src/stm32f4xx_hal_pcd_ex.c.obj
LOAD CMakeFiles/multi.elf.dir/Drivers/STM32F4xx_HAL_Driver/Src/stm32f4xx_hal_pwr.c.obj
LOAD CMakeFiles/multi.elf.dir/Drivers/STM32F4xx_HAL_Driver/Src/stm32f4xx_hal_pwr_ex.c.obj
LOAD CMakeFiles/multi.elf.dir/Drivers/STM32F4xx_HAL_Driver/Src/stm32f4xx_hal_rcc.c.obj
LOAD CMakeFiles/multi.elf.dir/Drivers/STM32F4xx_HAL_Driver/Src/stm32f4xx_hal_rcc_ex.c.obj
LOAD CMakeFiles/multi.elf.dir/Drivers/STM32F4xx_HAL_Driver/Src/stm32f4xx_hal_sd.c.obj
LOAD CMakeFiles/multi.elf.dir/Drivers/STM32F4xx_HAL_Driver/Src/stm32f4xx_hal_spi.c.obj
LOAD CMakeFiles/multi.elf.dir/Drivers/STM32F4xx_HAL_Driver/Src/stm32f4xx_hal_tim.c.obj
LOAD CMakeFiles/multi.elf.dir/Drivers/STM32F4xx_HAL_Driver/Src/stm32f4xx_hal_tim_ex.c.obj
LOAD CMakeFiles/multi.elf.dir/Drivers/STM32F4xx_HAL_Driver/Src/stm32f4xx_hal_uart.c.obj
LOAD CMakeFiles/multi.elf.dir/Drivers/STM32F4xx_HAL_Driver/Src/stm32f4xx_ll_sdmmc.c.obj
LOAD CMakeFiles/multi.elf.dir/Drivers/STM32F4xx_HAL_Driver/Src/stm32f4xx_ll_usb.c.obj
LOAD CMakeFiles/multi.elf.dir/HARDWARE/DMA/dma.c.obj
LOAD CMakeFiles/multi.elf.dir/HARDWARE/ENCODER/ENCODER1/encoder1.c.obj
LOAD CMakeFiles/multi.elf.dir/HARDWARE/ENCODER/ENCODER2/encoder2.c.obj
LOAD CMakeFiles/multi.elf.dir/HARDWARE/ENCODER/ENCODER3/encoder3.c.obj
LOAD CMakeFiles/multi.elf.dir/HARDWARE/FATFS/cc936.c.obj
LOAD CMakeFiles/multi.elf.dir/HARDWARE/FATFS/diskio.c.obj
LOAD CMakeFiles/multi.elf.dir/HARDWARE/FATFS/ff.c.obj
LOAD CMakeFiles/multi.elf.dir/HARDWARE/FLASH/flash.c.obj
LOAD CMakeFiles/multi.elf.dir/HARDWARE/FLASH/flash_test.c.obj
LOAD CMakeFiles/multi.elf.dir/HARDWARE/I2C/I2C1/i2c1.c.obj
LOAD CMakeFiles/multi.elf.dir/HARDWARE/LCD/LCD_47/lcd_47.c.obj
LOAD CMakeFiles/multi.elf.dir/HARDWARE/LCD/LCD_TEST/lcd.c.obj
LOAD CMakeFiles/multi.elf.dir/HARDWARE/LCD/LCD_TEST/lcd_init.c.obj
LOAD CMakeFiles/multi.elf.dir/HARDWARE/MATRIX_KEY/matrix_key.c.obj
LOAD CMakeFiles/multi.elf.dir/HARDWARE/OLED/OLED_42/oled_42.c.obj
LOAD CMakeFiles/multi.elf.dir/HARDWARE/OLED/OLED_91/oled_91.c.obj
LOAD CMakeFiles/multi.elf.dir/HARDWARE/OLED/OLED_96/oled_96.c.obj
LOAD CMakeFiles/multi.elf.dir/HARDWARE/OLED/OLED_test/oled_test.c.obj
LOAD CMakeFiles/multi.elf.dir/HARDWARE/SDIO/sdio.c.obj
LOAD CMakeFiles/multi.elf.dir/HARDWARE/SPI/SPI1/spi1.c.obj
LOAD CMakeFiles/multi.elf.dir/HARDWARE/SPI/SPI2/spi2.c.obj
LOAD CMakeFiles/multi.elf.dir/HARDWARE/SPI/SPI3/spi3.c.obj
LOAD CMakeFiles/multi.elf.dir/HARDWARE/TIM/TIM3/tim3.c.obj
LOAD CMakeFiles/multi.elf.dir/HARDWARE/TIM/TIM4/tim4.c.obj
LOAD CMakeFiles/multi.elf.dir/Middlewares/ST/STM32_USB_Device_Library/Class/CustomHID/Src/usbd_customhid.c.obj
LOAD CMakeFiles/multi.elf.dir/Middlewares/ST/STM32_USB_Device_Library/Core/Src/usbd_core.c.obj
LOAD CMakeFiles/multi.elf.dir/Middlewares/ST/STM32_USB_Device_Library/Core/Src/usbd_ctlreq.c.obj
LOAD CMakeFiles/multi.elf.dir/Middlewares/ST/STM32_USB_Device_Library/Core/Src/usbd_ioreq.c.obj
LOAD CMakeFiles/multi.elf.dir/USB_DEVICE/App/usb_device.c.obj
LOAD CMakeFiles/multi.elf.dir/USB_DEVICE/App/usbd_custom_hid_if.c.obj
LOAD CMakeFiles/multi.elf.dir/USB_DEVICE/App/usbd_desc.c.obj
LOAD CMakeFiles/multi.elf.dir/USB_DEVICE/Target/usbd_conf.c.obj
LOAD CMakeFiles/multi.elf.dir/USER/Encoder/encoder_user.c.obj
LOAD CMakeFiles/multi.elf.dir/USER/Fatfs/fatfs_user.c.obj
LOAD CMakeFiles/multi.elf.dir/USER/Flash/flash_user.c.obj
LOAD CMakeFiles/multi.elf.dir/USER/Lcd/lcd_user.c.obj
LOAD CMakeFiles/multi.elf.dir/USER/Matrix_key/matrix_key_user.c.obj
LOAD CMakeFiles/multi.elf.dir/USER/Oled/oled_user.c.obj
LOAD CMakeFiles/multi.elf.dir/USER/Sdio/sdio_user.c.obj
START GROUP
LOAD d:/ra/gcc-arm-none-eabi-10.3-2021.10-win32/gcc-arm-none-eabi-10.3-2021.10/bin/../lib/gcc/arm-none-eabi/10.3.1/thumb/v7e-m/nofp\libgcc.a
LOAD d:/ra/gcc-arm-none-eabi-10.3-2021.10-win32/gcc-arm-none-eabi-10.3-2021.10/bin/../lib/gcc/arm-none-eabi/10.3.1/../../../../arm-none-eabi/lib/thumb/v7e-m/nofp\libg.a
LOAD d:/ra/gcc-arm-none-eabi-10.3-2021.10-win32/gcc-arm-none-eabi-10.3-2021.10/bin/../lib/gcc/arm-none-eabi/10.3.1/../../../../arm-none-eabi/lib/thumb/v7e-m/nofp\libc.a
END GROUP
LOAD d:/ra/gcc-arm-none-eabi-10.3-2021.10-win32/gcc-arm-none-eabi-10.3-2021.10/bin/../lib/gcc/arm-none-eabi/10.3.1/thumb/v7e-m/nofp/crtend.o
LOAD d:/ra/gcc-arm-none-eabi-10.3-2021.10-win32/gcc-arm-none-eabi-10.3-2021.10/bin/../lib/gcc/arm-none-eabi/10.3.1/thumb/v7e-m/nofp/crtn.o
                0x20020000                _estack = (ORIGIN (RAM) + LENGTH (RAM))
                0x00001000                _Min_Heap_Size = 0x1000
                0x00001000                _Min_Stack_Size = 0x1000

.isr_vector     0x08000000      0x188
                0x08000000                . = ALIGN (0x4)
 *(.isr_vector)
 .isr_vector    0x08000000      0x188 CMakeFiles/multi.elf.dir/Core/Startup/startup_stm32f407zgtx.s.obj
                0x08000000                g_pfnVectors
                0x08000188                . = ALIGN (0x4)

.text           0x080001c0     0xd088
                0x080001c0                . = ALIGN (0x4)
 *(.text)
 .text          0x080001c0       0x40 d:/ra/gcc-arm-none-eabi-10.3-2021.10-win32/gcc-arm-none-eabi-10.3-2021.10/bin/../lib/gcc/arm-none-eabi/10.3.1/thumb/v7e-m/nofp/crtbegin.o
 .text          0x08000200       0x30 d:/ra/gcc-arm-none-eabi-10.3-2021.10-win32/gcc-arm-none-eabi-10.3-2021.10/bin/../lib/gcc/arm-none-eabi/10.3.1/thumb/v7e-m/nofp\libgcc.a(_aeabi_uldivmod.o)
                0x08000200                __aeabi_uldivmod
 .text          0x08000230      0x2d0 d:/ra/gcc-arm-none-eabi-10.3-2021.10-win32/gcc-arm-none-eabi-10.3-2021.10/bin/../lib/gcc/arm-none-eabi/10.3.1/thumb/v7e-m/nofp\libgcc.a(_udivmoddi4.o)
                0x08000230                __udivmoddi4
 .text          0x08000500        0x4 d:/ra/gcc-arm-none-eabi-10.3-2021.10-win32/gcc-arm-none-eabi-10.3-2021.10/bin/../lib/gcc/arm-none-eabi/10.3.1/thumb/v7e-m/nofp\libgcc.a(_dvmd_tls.o)
                0x08000500                __aeabi_idiv0
                0x08000500                __aeabi_ldiv0
 *fill*         0x08000504       0x3c 
 .text          0x08000540       0xdc d:/ra/gcc-arm-none-eabi-10.3-2021.10-win32/gcc-arm-none-eabi-10.3-2021.10/bin/../lib/gcc/arm-none-eabi/10.3.1/../../../../arm-none-eabi/lib/thumb/v7e-m/nofp\libg.a(lib_a-strlen.o)
                0x08000540                strlen
 *fill*         0x0800061c        0x4 
 .text          0x08000620       0xa0 d:/ra/gcc-arm-none-eabi-10.3-2021.10-win32/gcc-arm-none-eabi-10.3-2021.10/bin/../lib/gcc/arm-none-eabi/10.3.1/../../../../arm-none-eabi/lib/thumb/v7e-m/nofp\libg.a(lib_a-memchr.o)
                0x08000620                memchr
 .text          0x080006c0      0x134 d:/ra/gcc-arm-none-eabi-10.3-2021.10-win32/gcc-arm-none-eabi-10.3-2021.10/bin/../lib/gcc/arm-none-eabi/10.3.1/../../../../arm-none-eabi/lib/thumb/v7e-m/nofp\libg.a(lib_a-memcpy.o)
                0x080006c0                memcpy
 .text          0x080007f4      0x378 d:/ra/gcc-arm-none-eabi-10.3-2021.10-win32/gcc-arm-none-eabi-10.3-2021.10/bin/../lib/gcc/arm-none-eabi/10.3.1/thumb/v7e-m/nofp\libgcc.a(_arm_addsubdf3.o)
                0x080007f4                __aeabi_drsub
                0x080007fc                __aeabi_dsub
                0x080007fc                __subdf3
                0x08000800                __aeabi_dadd
                0x08000800                __adddf3
                0x08000a78                __floatunsidf
                0x08000a78                __aeabi_ui2d
                0x08000a98                __floatsidf
                0x08000a98                __aeabi_i2d
                0x08000abc                __aeabi_f2d
                0x08000abc                __extendsfdf2
                0x08000b00                __floatundidf
                0x08000b00                __aeabi_ul2d
                0x08000b10                __floatdidf
                0x08000b10                __aeabi_l2d
 .text          0x08000b6c      0x424 d:/ra/gcc-arm-none-eabi-10.3-2021.10-win32/gcc-arm-none-eabi-10.3-2021.10/bin/../lib/gcc/arm-none-eabi/10.3.1/thumb/v7e-m/nofp\libgcc.a(_arm_muldivdf3.o)
                0x08000b6c                __aeabi_dmul
                0x08000b6c                __muldf3
                0x08000dc0                __divdf3
                0x08000dc0                __aeabi_ddiv
 .text          0x08000f90      0x110 d:/ra/gcc-arm-none-eabi-10.3-2021.10-win32/gcc-arm-none-eabi-10.3-2021.10/bin/../lib/gcc/arm-none-eabi/10.3.1/thumb/v7e-m/nofp\libgcc.a(_arm_cmpdf2.o)
                0x08000f90                __gtdf2
                0x08000f90                __gedf2
                0x08000f98                __ltdf2
                0x08000f98                __ledf2
                0x08000fa0                __nedf2
                0x08000fa0                __eqdf2
                0x08000fa0                __cmpdf2
                0x0800101c                __aeabi_cdrcmple
                0x0800102c                __aeabi_cdcmpeq
                0x0800102c                __aeabi_cdcmple
                0x0800103c                __aeabi_dcmpeq
                0x08001050                __aeabi_dcmplt
                0x08001064                __aeabi_dcmple
                0x08001078                __aeabi_dcmpge
                0x0800108c                __aeabi_dcmpgt
 .text          0x080010a0       0x2c d:/ra/gcc-arm-none-eabi-10.3-2021.10-win32/gcc-arm-none-eabi-10.3-2021.10/bin/../lib/gcc/arm-none-eabi/10.3.1/thumb/v7e-m/nofp\libgcc.a(_arm_unorddf2.o)
                0x080010a0                __unorddf2
                0x080010a0                __aeabi_dcmpun
 .text          0x080010cc       0x50 d:/ra/gcc-arm-none-eabi-10.3-2021.10-win32/gcc-arm-none-eabi-10.3-2021.10/bin/../lib/gcc/arm-none-eabi/10.3.1/thumb/v7e-m/nofp\libgcc.a(_arm_fixdfsi.o)
                0x080010cc                __aeabi_d2iz
                0x080010cc                __fixdfsi
 *(.text*)
 .text.MX_GPIO_Init
                0x0800111c       0x38 CMakeFiles/multi.elf.dir/Core/Src/gpio.c.obj
                0x0800111c                MX_GPIO_Init
 .text.Error_Handler
                0x08001154        0x4 CMakeFiles/multi.elf.dir/Core/Src/main.c.obj
                0x08001154                Error_Handler
 .text.SystemClock_Config
                0x08001158       0xa4 CMakeFiles/multi.elf.dir/Core/Src/main.c.obj
                0x08001158                SystemClock_Config
 .text.main     0x080011fc       0x40 CMakeFiles/multi.elf.dir/Core/Src/main.c.obj
                0x080011fc                main
 .text.RetargetInit
                0x0800123c       0x20 CMakeFiles/multi.elf.dir/Core/Src/retarget.c.obj
                0x0800123c                RetargetInit
 .text._isatty  0x0800125c       0x16 CMakeFiles/multi.elf.dir/Core/Src/retarget.c.obj
                0x0800125c                _isatty
 *fill*         0x08001272        0x2 
 .text._write   0x08001274       0x34 CMakeFiles/multi.elf.dir/Core/Src/retarget.c.obj
                0x08001274                _write
 .text._close   0x080012a8       0x18 CMakeFiles/multi.elf.dir/Core/Src/retarget.c.obj
                0x080012a8                _close
 .text._lseek   0x080012c0       0x10 CMakeFiles/multi.elf.dir/Core/Src/retarget.c.obj
                0x080012c0                _lseek
 .text._read    0x080012d0       0x30 CMakeFiles/multi.elf.dir/Core/Src/retarget.c.obj
                0x080012d0                _read
 .text._fstat   0x08001300       0x1a CMakeFiles/multi.elf.dir/Core/Src/retarget.c.obj
                0x08001300                _fstat
 *fill*         0x0800131a        0x2 
 .text.HAL_MspInit
                0x0800131c       0x38 CMakeFiles/multi.elf.dir/Core/Src/stm32f4xx_hal_msp.c.obj
                0x0800131c                HAL_MspInit
 .text.NMI_Handler
                0x08001354        0x2 CMakeFiles/multi.elf.dir/Core/Src/stm32f4xx_it.c.obj
                0x08001354                NMI_Handler
 .text.HardFault_Handler
                0x08001356        0x2 CMakeFiles/multi.elf.dir/Core/Src/stm32f4xx_it.c.obj
                0x08001356                HardFault_Handler
 .text.MemManage_Handler
                0x08001358        0x2 CMakeFiles/multi.elf.dir/Core/Src/stm32f4xx_it.c.obj
                0x08001358                MemManage_Handler
 .text.BusFault_Handler
                0x0800135a        0x2 CMakeFiles/multi.elf.dir/Core/Src/stm32f4xx_it.c.obj
                0x0800135a                BusFault_Handler
 .text.UsageFault_Handler
                0x0800135c        0x2 CMakeFiles/multi.elf.dir/Core/Src/stm32f4xx_it.c.obj
                0x0800135c                UsageFault_Handler
 .text.SVC_Handler
                0x0800135e        0x2 CMakeFiles/multi.elf.dir/Core/Src/stm32f4xx_it.c.obj
                0x0800135e                SVC_Handler
 .text.DebugMon_Handler
                0x08001360        0x2 CMakeFiles/multi.elf.dir/Core/Src/stm32f4xx_it.c.obj
                0x08001360                DebugMon_Handler
 .text.PendSV_Handler
                0x08001362        0x2 CMakeFiles/multi.elf.dir/Core/Src/stm32f4xx_it.c.obj
                0x08001362                PendSV_Handler
 .text.SysTick_Handler
                0x08001364        0x8 CMakeFiles/multi.elf.dir/Core/Src/stm32f4xx_it.c.obj
                0x08001364                SysTick_Handler
 .text.OTG_FS_IRQHandler
                0x0800136c       0x10 CMakeFiles/multi.elf.dir/Core/Src/stm32f4xx_it.c.obj
                0x0800136c                OTG_FS_IRQHandler
 .text._getpid  0x0800137c        0x4 CMakeFiles/multi.elf.dir/Core/Src/syscalls.c.obj
                0x0800137c                _getpid
 .text._kill    0x08001380       0x10 CMakeFiles/multi.elf.dir/Core/Src/syscalls.c.obj
                0x08001380                _kill
 .text._exit    0x08001390        0xc CMakeFiles/multi.elf.dir/Core/Src/syscalls.c.obj
                0x08001390                _exit
 .text._sbrk    0x0800139c       0x48 CMakeFiles/multi.elf.dir/Core/Src/sysmem.c.obj
                0x0800139c                _sbrk
 .text.SystemInit
                0x080013e4        0x2 CMakeFiles/multi.elf.dir/Core/Src/system_stm32f4xx.c.obj
                0x080013e4                SystemInit
 *fill*         0x080013e6        0x2 
 .text.MX_USART1_UART_Init
                0x080013e8       0x34 CMakeFiles/multi.elf.dir/Core/Src/usart.c.obj
                0x080013e8                MX_USART1_UART_Init
 .text.HAL_UART_MspInit
                0x0800141c       0x74 CMakeFiles/multi.elf.dir/Core/Src/usart.c.obj
                0x0800141c                HAL_UART_MspInit
 .text.Reset_Handler
                0x08001490       0x50 CMakeFiles/multi.elf.dir/Core/Startup/startup_stm32f407zgtx.s.obj
                0x08001490                Reset_Handler
 .text.Default_Handler
                0x080014e0        0x2 CMakeFiles/multi.elf.dir/Core/Startup/startup_stm32f407zgtx.s.obj
                0x080014e0                RTC_Alarm_IRQHandler
                0x080014e0                HASH_RNG_IRQHandler
                0x080014e0                EXTI2_IRQHandler
                0x080014e0                TIM8_CC_IRQHandler
                0x080014e0                TIM1_CC_IRQHandler
                0x080014e0                DMA2_Stream5_IRQHandler
                0x080014e0                DMA1_Stream5_IRQHandler
                0x080014e0                PVD_IRQHandler
                0x080014e0                SDIO_IRQHandler
                0x080014e0                TAMP_STAMP_IRQHandler
                0x080014e0                CAN2_RX1_IRQHandler
                0x080014e0                EXTI3_IRQHandler
                0x080014e0                TIM8_TRG_COM_TIM14_IRQHandler
                0x080014e0                TIM1_UP_TIM10_IRQHandler
                0x080014e0                TIM8_UP_TIM13_IRQHandler
                0x080014e0                I2C3_ER_IRQHandler
                0x080014e0                EXTI0_IRQHandler
                0x080014e0                I2C2_EV_IRQHandler
                0x080014e0                DMA1_Stream2_IRQHandler
                0x080014e0                CAN1_RX0_IRQHandler
                0x080014e0                FPU_IRQHandler
                0x080014e0                OTG_HS_WKUP_IRQHandler
                0x080014e0                CAN2_SCE_IRQHandler
                0x080014e0                DMA2_Stream2_IRQHandler
                0x080014e0                SPI1_IRQHandler
                0x080014e0                TIM6_DAC_IRQHandler
                0x080014e0                TIM1_BRK_TIM9_IRQHandler
                0x080014e0                DCMI_IRQHandler
                0x080014e0                CAN2_RX0_IRQHandler
                0x080014e0                DMA2_Stream3_IRQHandler
                0x080014e0                USART6_IRQHandler
                0x080014e0                USART3_IRQHandler
                0x080014e0                CAN1_RX1_IRQHandler
                0x080014e0                UART5_IRQHandler
                0x080014e0                DMA2_Stream0_IRQHandler
                0x080014e0                TIM4_IRQHandler
                0x080014e0                I2C1_EV_IRQHandler
                0x080014e0                DMA1_Stream6_IRQHandler
                0x080014e0                DMA1_Stream1_IRQHandler
                0x080014e0                UART4_IRQHandler
                0x080014e0                TIM3_IRQHandler
                0x080014e0                RCC_IRQHandler
                0x080014e0                TIM8_BRK_TIM12_IRQHandler
                0x080014e0                Default_Handler
                0x080014e0                EXTI15_10_IRQHandler
                0x080014e0                ADC_IRQHandler
                0x080014e0                DMA1_Stream7_IRQHandler
                0x080014e0                TIM7_IRQHandler
                0x080014e0                CAN2_TX_IRQHandler
                0x080014e0                TIM5_IRQHandler
                0x080014e0                DMA2_Stream7_IRQHandler
                0x080014e0                I2C3_EV_IRQHandler
                0x080014e0                RTC_WKUP_IRQHandler
                0x080014e0                ETH_WKUP_IRQHandler
                0x080014e0                SPI2_IRQHandler
                0x080014e0                OTG_HS_EP1_IN_IRQHandler
                0x080014e0                DMA1_Stream0_IRQHandler
                0x080014e0                CAN1_TX_IRQHandler
                0x080014e0                EXTI4_IRQHandler
                0x080014e0                FSMC_IRQHandler
                0x080014e0                ETH_IRQHandler
                0x080014e0                OTG_HS_EP1_OUT_IRQHandler
                0x080014e0                WWDG_IRQHandler
                0x080014e0                TIM2_IRQHandler
                0x080014e0                OTG_FS_WKUP_IRQHandler
                0x080014e0                TIM1_TRG_COM_TIM11_IRQHandler
                0x080014e0                OTG_HS_IRQHandler
                0x080014e0                EXTI1_IRQHandler
                0x080014e0                USART2_IRQHandler
                0x080014e0                I2C2_ER_IRQHandler
                0x080014e0                DMA2_Stream1_IRQHandler
                0x080014e0                CAN1_SCE_IRQHandler
                0x080014e0                FLASH_IRQHandler
                0x080014e0                DMA2_Stream4_IRQHandler
                0x080014e0                USART1_IRQHandler
                0x080014e0                SPI3_IRQHandler
                0x080014e0                DMA1_Stream4_IRQHandler
                0x080014e0                I2C1_ER_IRQHandler
                0x080014e0                DMA2_Stream6_IRQHandler
                0x080014e0                DMA1_Stream3_IRQHandler
 *fill*         0x080014e2        0x2 
 .text.HAL_InitTick
                0x080014e4       0x4c CMakeFiles/multi.elf.dir/Drivers/STM32F4xx_HAL_Driver/Src/stm32f4xx_hal.c.obj
                0x080014e4                HAL_InitTick
 .text.HAL_Init
                0x08001530       0x34 CMakeFiles/multi.elf.dir/Drivers/STM32F4xx_HAL_Driver/Src/stm32f4xx_hal.c.obj
                0x08001530                HAL_Init
 .text.HAL_IncTick
                0x08001564       0x18 CMakeFiles/multi.elf.dir/Drivers/STM32F4xx_HAL_Driver/Src/stm32f4xx_hal.c.obj
                0x08001564                HAL_IncTick
 .text.HAL_GetTick
                0x0800157c        0xc CMakeFiles/multi.elf.dir/Drivers/STM32F4xx_HAL_Driver/Src/stm32f4xx_hal.c.obj
                0x0800157c                HAL_GetTick
 .text.HAL_Delay
                0x08001588       0x28 CMakeFiles/multi.elf.dir/Drivers/STM32F4xx_HAL_Driver/Src/stm32f4xx_hal.c.obj
                0x08001588                HAL_Delay
 .text.HAL_NVIC_SetPriorityGrouping
                0x080015b0       0x24 CMakeFiles/multi.elf.dir/Drivers/STM32F4xx_HAL_Driver/Src/stm32f4xx_hal_cortex.c.obj
                0x080015b0                HAL_NVIC_SetPriorityGrouping
 .text.HAL_NVIC_SetPriority
                0x080015d4       0x70 CMakeFiles/multi.elf.dir/Drivers/STM32F4xx_HAL_Driver/Src/stm32f4xx_hal_cortex.c.obj
                0x080015d4                HAL_NVIC_SetPriority
 .text.HAL_NVIC_EnableIRQ
                0x08001644       0x1c CMakeFiles/multi.elf.dir/Drivers/STM32F4xx_HAL_Driver/Src/stm32f4xx_hal_cortex.c.obj
                0x08001644                HAL_NVIC_EnableIRQ
 .text.HAL_SYSTICK_Config
                0x08001660       0x28 CMakeFiles/multi.elf.dir/Drivers/STM32F4xx_HAL_Driver/Src/stm32f4xx_hal_cortex.c.obj
                0x08001660                HAL_SYSTICK_Config
 .text.HAL_GPIO_Init
                0x08001688      0x1e4 CMakeFiles/multi.elf.dir/Drivers/STM32F4xx_HAL_Driver/Src/stm32f4xx_hal_gpio.c.obj
                0x08001688                HAL_GPIO_Init
 .text.HAL_GPIO_ReadPin
                0x0800186c        0xe CMakeFiles/multi.elf.dir/Drivers/STM32F4xx_HAL_Driver/Src/stm32f4xx_hal_gpio.c.obj
                0x0800186c                HAL_GPIO_ReadPin
 .text.HAL_GPIO_WritePin
                0x0800187a        0xc CMakeFiles/multi.elf.dir/Drivers/STM32F4xx_HAL_Driver/Src/stm32f4xx_hal_gpio.c.obj
                0x0800187a                HAL_GPIO_WritePin
 *fill*         0x08001886        0x2 
 .text.HAL_GPIO_EXTI_IRQHandler
                0x08001888       0x1c CMakeFiles/multi.elf.dir/Drivers/STM32F4xx_HAL_Driver/Src/stm32f4xx_hal_gpio.c.obj
                0x08001888                HAL_GPIO_EXTI_IRQHandler
 .text.I2C_IsAcknowledgeFailed
                0x080018a4       0x32 CMakeFiles/multi.elf.dir/Drivers/STM32F4xx_HAL_Driver/Src/stm32f4xx_hal_i2c.c.obj
 .text.I2C_WaitOnFlagUntilTimeout
                0x080018d6       0x7c CMakeFiles/multi.elf.dir/Drivers/STM32F4xx_HAL_Driver/Src/stm32f4xx_hal_i2c.c.obj
 .text.I2C_WaitOnMasterAddressFlagUntilTimeout
                0x08001952       0xaa CMakeFiles/multi.elf.dir/Drivers/STM32F4xx_HAL_Driver/Src/stm32f4xx_hal_i2c.c.obj
 .text.I2C_MasterRequestWrite
                0x080019fc       0xb4 CMakeFiles/multi.elf.dir/Drivers/STM32F4xx_HAL_Driver/Src/stm32f4xx_hal_i2c.c.obj
 .text.I2C_WaitOnTXEFlagUntilTimeout
                0x08001ab0       0x54 CMakeFiles/multi.elf.dir/Drivers/STM32F4xx_HAL_Driver/Src/stm32f4xx_hal_i2c.c.obj
 .text.I2C_WaitOnBTFFlagUntilTimeout
                0x08001b04       0x54 CMakeFiles/multi.elf.dir/Drivers/STM32F4xx_HAL_Driver/Src/stm32f4xx_hal_i2c.c.obj
 .text.HAL_I2C_Init
                0x08001b58      0x1bc CMakeFiles/multi.elf.dir/Drivers/STM32F4xx_HAL_Driver/Src/stm32f4xx_hal_i2c.c.obj
                0x08001b58                HAL_I2C_Init
 .text.HAL_I2C_Master_Transmit
                0x08001d14      0x178 CMakeFiles/multi.elf.dir/Drivers/STM32F4xx_HAL_Driver/Src/stm32f4xx_hal_i2c.c.obj
                0x08001d14                HAL_I2C_Master_Transmit
 .text.PCD_WriteEmptyTxFifo
                0x08001e8c       0xd0 CMakeFiles/multi.elf.dir/Drivers/STM32F4xx_HAL_Driver/Src/stm32f4xx_hal_pcd.c.obj
 .text.HAL_PCD_Init
                0x08001f5c      0x12e CMakeFiles/multi.elf.dir/Drivers/STM32F4xx_HAL_Driver/Src/stm32f4xx_hal_pcd.c.obj
                0x08001f5c                HAL_PCD_Init
 .text.HAL_PCD_Start
                0x0800208a       0x42 CMakeFiles/multi.elf.dir/Drivers/STM32F4xx_HAL_Driver/Src/stm32f4xx_hal_pcd.c.obj
                0x0800208a                HAL_PCD_Start
 .text.PCD_EP_OutXfrComplete_int
                0x080020cc      0x104 CMakeFiles/multi.elf.dir/Drivers/STM32F4xx_HAL_Driver/Src/stm32f4xx_hal_pcd.c.obj
 .text.PCD_EP_OutSetupPacket_int
                0x080021d0       0x50 CMakeFiles/multi.elf.dir/Drivers/STM32F4xx_HAL_Driver/Src/stm32f4xx_hal_pcd.c.obj
 .text.HAL_PCD_SetAddress
                0x08002220       0x28 CMakeFiles/multi.elf.dir/Drivers/STM32F4xx_HAL_Driver/Src/stm32f4xx_hal_pcd.c.obj
                0x08002220                HAL_PCD_SetAddress
 .text.HAL_PCD_EP_Open
                0x08002248       0x8a CMakeFiles/multi.elf.dir/Drivers/STM32F4xx_HAL_Driver/Src/stm32f4xx_hal_pcd.c.obj
                0x08002248                HAL_PCD_EP_Open
 .text.HAL_PCD_EP_Close
                0x080022d2       0x72 CMakeFiles/multi.elf.dir/Drivers/STM32F4xx_HAL_Driver/Src/stm32f4xx_hal_pcd.c.obj
                0x080022d2                HAL_PCD_EP_Close
 .text.HAL_PCD_EP_Receive
                0x08002344       0x5e CMakeFiles/multi.elf.dir/Drivers/STM32F4xx_HAL_Driver/Src/stm32f4xx_hal_pcd.c.obj
                0x08002344                HAL_PCD_EP_Receive
 .text.HAL_PCD_EP_Transmit
                0x080023a2       0x5e CMakeFiles/multi.elf.dir/Drivers/STM32F4xx_HAL_Driver/Src/stm32f4xx_hal_pcd.c.obj
                0x080023a2                HAL_PCD_EP_Transmit
 .text.HAL_PCD_EP_SetStall
                0x08002400       0x88 CMakeFiles/multi.elf.dir/Drivers/STM32F4xx_HAL_Driver/Src/stm32f4xx_hal_pcd.c.obj
                0x08002400                HAL_PCD_EP_SetStall
 .text.HAL_PCD_EP_ClrStall
                0x08002488       0x76 CMakeFiles/multi.elf.dir/Drivers/STM32F4xx_HAL_Driver/Src/stm32f4xx_hal_pcd.c.obj
                0x08002488                HAL_PCD_EP_ClrStall
 .text.HAL_PCD_EP_Abort
                0x080024fe       0x34 CMakeFiles/multi.elf.dir/Drivers/STM32F4xx_HAL_Driver/Src/stm32f4xx_hal_pcd.c.obj
                0x080024fe                HAL_PCD_EP_Abort
 .text.HAL_PCD_IRQHandler
                0x08002532      0x5c4 CMakeFiles/multi.elf.dir/Drivers/STM32F4xx_HAL_Driver/Src/stm32f4xx_hal_pcd.c.obj
                0x08002532                HAL_PCD_IRQHandler
 .text.HAL_PCDEx_SetTxFiFo
                0x08002af6       0x4a CMakeFiles/multi.elf.dir/Drivers/STM32F4xx_HAL_Driver/Src/stm32f4xx_hal_pcd_ex.c.obj
                0x08002af6                HAL_PCDEx_SetTxFiFo
 .text.HAL_PCDEx_SetRxFiFo
                0x08002b40        0x8 CMakeFiles/multi.elf.dir/Drivers/STM32F4xx_HAL_Driver/Src/stm32f4xx_hal_pcd_ex.c.obj
                0x08002b40                HAL_PCDEx_SetRxFiFo
 .text.HAL_PCDEx_LPM_Callback
                0x08002b48        0x2 CMakeFiles/multi.elf.dir/Drivers/STM32F4xx_HAL_Driver/Src/stm32f4xx_hal_pcd_ex.c.obj
                0x08002b48                HAL_PCDEx_LPM_Callback
 *fill*         0x08002b4a        0x2 
 .text.HAL_RCC_OscConfig
                0x08002b4c      0x3f8 CMakeFiles/multi.elf.dir/Drivers/STM32F4xx_HAL_Driver/Src/stm32f4xx_hal_rcc.c.obj
                0x08002b4c                HAL_RCC_OscConfig
 .text.HAL_RCC_GetSysClockFreq
                0x08002f44       0xd4 CMakeFiles/multi.elf.dir/Drivers/STM32F4xx_HAL_Driver/Src/stm32f4xx_hal_rcc.c.obj
                0x08002f44                HAL_RCC_GetSysClockFreq
 .text.HAL_RCC_ClockConfig
                0x08003018      0x160 CMakeFiles/multi.elf.dir/Drivers/STM32F4xx_HAL_Driver/Src/stm32f4xx_hal_rcc.c.obj
                0x08003018                HAL_RCC_ClockConfig
 .text.HAL_RCC_GetHCLKFreq
                0x08003178        0xc CMakeFiles/multi.elf.dir/Drivers/STM32F4xx_HAL_Driver/Src/stm32f4xx_hal_rcc.c.obj
                0x08003178                HAL_RCC_GetHCLKFreq
 .text.HAL_RCC_GetPCLK1Freq
                0x08003184       0x20 CMakeFiles/multi.elf.dir/Drivers/STM32F4xx_HAL_Driver/Src/stm32f4xx_hal_rcc.c.obj
                0x08003184                HAL_RCC_GetPCLK1Freq
 .text.HAL_RCC_GetPCLK2Freq
                0x080031a4       0x20 CMakeFiles/multi.elf.dir/Drivers/STM32F4xx_HAL_Driver/Src/stm32f4xx_hal_rcc.c.obj
                0x080031a4                HAL_RCC_GetPCLK2Freq
 .text.TIM_Base_SetConfig
                0x080031c4       0xc8 CMakeFiles/multi.elf.dir/Drivers/STM32F4xx_HAL_Driver/Src/stm32f4xx_hal_tim.c.obj
                0x080031c4                TIM_Base_SetConfig
 .text.HAL_TIM_Encoder_Init
                0x0800328c       0xb8 CMakeFiles/multi.elf.dir/Drivers/STM32F4xx_HAL_Driver/Src/stm32f4xx_hal_tim.c.obj
                0x0800328c                HAL_TIM_Encoder_Init
 .text.TIM_CCxChannelCmd
                0x08003344       0x1e CMakeFiles/multi.elf.dir/Drivers/STM32F4xx_HAL_Driver/Src/stm32f4xx_hal_tim.c.obj
                0x08003344                TIM_CCxChannelCmd
 .text.HAL_TIM_Encoder_Start
                0x08003362       0xcc CMakeFiles/multi.elf.dir/Drivers/STM32F4xx_HAL_Driver/Src/stm32f4xx_hal_tim.c.obj
                0x08003362                HAL_TIM_Encoder_Start
 *fill*         0x0800342e        0x2 
 .text.HAL_TIMEx_MasterConfigSynchronization
                0x08003430       0x8c CMakeFiles/multi.elf.dir/Drivers/STM32F4xx_HAL_Driver/Src/stm32f4xx_hal_tim_ex.c.obj
                0x08003430                HAL_TIMEx_MasterConfigSynchronization
 .text.UART_SetConfig
                0x080034bc      0x110 CMakeFiles/multi.elf.dir/Drivers/STM32F4xx_HAL_Driver/Src/stm32f4xx_hal_uart.c.obj
 .text.UART_WaitOnFlagUntilTimeout
                0x080035cc       0x88 CMakeFiles/multi.elf.dir/Drivers/STM32F4xx_HAL_Driver/Src/stm32f4xx_hal_uart.c.obj
 .text.HAL_UART_Init
                0x08003654       0x5e CMakeFiles/multi.elf.dir/Drivers/STM32F4xx_HAL_Driver/Src/stm32f4xx_hal_uart.c.obj
                0x08003654                HAL_UART_Init
 .text.HAL_UART_Transmit
                0x080036b2       0xd8 CMakeFiles/multi.elf.dir/Drivers/STM32F4xx_HAL_Driver/Src/stm32f4xx_hal_uart.c.obj
                0x080036b2                HAL_UART_Transmit
 .text.HAL_UART_Receive
                0x0800378a       0xe4 CMakeFiles/multi.elf.dir/Drivers/STM32F4xx_HAL_Driver/Src/stm32f4xx_hal_uart.c.obj
                0x0800378a                HAL_UART_Receive
 *fill*         0x0800386e        0x2 
 .text.USB_CoreReset
                0x08003870       0x50 CMakeFiles/multi.elf.dir/Drivers/STM32F4xx_HAL_Driver/Src/stm32f4xx_ll_usb.c.obj
 .text.USB_CoreInit
                0x080038c0       0x8a CMakeFiles/multi.elf.dir/Drivers/STM32F4xx_HAL_Driver/Src/stm32f4xx_ll_usb.c.obj
                0x080038c0                USB_CoreInit
 *fill*         0x0800394a        0x2 
 .text.USB_SetTurnaroundTime
                0x0800394c       0xe4 CMakeFiles/multi.elf.dir/Drivers/STM32F4xx_HAL_Driver/Src/stm32f4xx_ll_usb.c.obj
                0x0800394c                USB_SetTurnaroundTime
 .text.USB_EnableGlobalInt
                0x08003a30        0xc CMakeFiles/multi.elf.dir/Drivers/STM32F4xx_HAL_Driver/Src/stm32f4xx_ll_usb.c.obj
                0x08003a30                USB_EnableGlobalInt
 .text.USB_DisableGlobalInt
                0x08003a3c        0xc CMakeFiles/multi.elf.dir/Drivers/STM32F4xx_HAL_Driver/Src/stm32f4xx_ll_usb.c.obj
                0x08003a3c                USB_DisableGlobalInt
 .text.USB_FlushTxFifo
                0x08003a48       0x50 CMakeFiles/multi.elf.dir/Drivers/STM32F4xx_HAL_Driver/Src/stm32f4xx_ll_usb.c.obj
                0x08003a48                USB_FlushTxFifo
 .text.USB_FlushRxFifo
                0x08003a98       0x4c CMakeFiles/multi.elf.dir/Drivers/STM32F4xx_HAL_Driver/Src/stm32f4xx_ll_usb.c.obj
                0x08003a98                USB_FlushRxFifo
 .text.USB_SetDevSpeed
                0x08003ae4        0xe CMakeFiles/multi.elf.dir/Drivers/STM32F4xx_HAL_Driver/Src/stm32f4xx_ll_usb.c.obj
                0x08003ae4                USB_SetDevSpeed
 *fill*         0x08003af2        0x2 
 .text.USB_DevInit
                0x08003af4      0x190 CMakeFiles/multi.elf.dir/Drivers/STM32F4xx_HAL_Driver/Src/stm32f4xx_ll_usb.c.obj
                0x08003af4                USB_DevInit
 .text.USB_GetDevSpeed
                0x08003c84       0x22 CMakeFiles/multi.elf.dir/Drivers/STM32F4xx_HAL_Driver/Src/stm32f4xx_ll_usb.c.obj
                0x08003c84                USB_GetDevSpeed
 .text.USB_ActivateEndpoint
                0x08003ca6       0x9c CMakeFiles/multi.elf.dir/Drivers/STM32F4xx_HAL_Driver/Src/stm32f4xx_ll_usb.c.obj
                0x08003ca6                USB_ActivateEndpoint
 *fill*         0x08003d42        0x2 
 .text.USB_DeactivateEndpoint
                0x08003d44       0xe0 CMakeFiles/multi.elf.dir/Drivers/STM32F4xx_HAL_Driver/Src/stm32f4xx_ll_usb.c.obj
                0x08003d44                USB_DeactivateEndpoint
 .text.USB_EP0StartXfer
                0x08003e24      0x128 CMakeFiles/multi.elf.dir/Drivers/STM32F4xx_HAL_Driver/Src/stm32f4xx_ll_usb.c.obj
                0x08003e24                USB_EP0StartXfer
 .text.USB_EPStopXfer
                0x08003f4c       0xbc CMakeFiles/multi.elf.dir/Drivers/STM32F4xx_HAL_Driver/Src/stm32f4xx_ll_usb.c.obj
                0x08003f4c                USB_EPStopXfer
 .text.USB_WritePacket
                0x08004008       0x2e CMakeFiles/multi.elf.dir/Drivers/STM32F4xx_HAL_Driver/Src/stm32f4xx_ll_usb.c.obj
                0x08004008                USB_WritePacket
 *fill*         0x08004036        0x2 
 .text.USB_EPStartXfer
                0x08004038      0x234 CMakeFiles/multi.elf.dir/Drivers/STM32F4xx_HAL_Driver/Src/stm32f4xx_ll_usb.c.obj
                0x08004038                USB_EPStartXfer
 .text.USB_ReadPacket
                0x0800426c       0x54 CMakeFiles/multi.elf.dir/Drivers/STM32F4xx_HAL_Driver/Src/stm32f4xx_ll_usb.c.obj
                0x0800426c                USB_ReadPacket
 .text.USB_EPSetStall
                0x080042c0       0x5a CMakeFiles/multi.elf.dir/Drivers/STM32F4xx_HAL_Driver/Src/stm32f4xx_ll_usb.c.obj
                0x080042c0                USB_EPSetStall
 .text.USB_EPClearStall
                0x0800431a       0x5c CMakeFiles/multi.elf.dir/Drivers/STM32F4xx_HAL_Driver/Src/stm32f4xx_ll_usb.c.obj
                0x0800431a                USB_EPClearStall
 .text.USB_SetDevAddress
                0x08004376       0x20 CMakeFiles/multi.elf.dir/Drivers/STM32F4xx_HAL_Driver/Src/stm32f4xx_ll_usb.c.obj
                0x08004376                USB_SetDevAddress
 .text.USB_DevConnect
                0x08004396       0x1c CMakeFiles/multi.elf.dir/Drivers/STM32F4xx_HAL_Driver/Src/stm32f4xx_ll_usb.c.obj
                0x08004396                USB_DevConnect
 .text.USB_DevDisconnect
                0x080043b2       0x1c CMakeFiles/multi.elf.dir/Drivers/STM32F4xx_HAL_Driver/Src/stm32f4xx_ll_usb.c.obj
                0x080043b2                USB_DevDisconnect
 .text.USB_ReadInterrupts
                0x080043ce        0x8 CMakeFiles/multi.elf.dir/Drivers/STM32F4xx_HAL_Driver/Src/stm32f4xx_ll_usb.c.obj
                0x080043ce                USB_ReadInterrupts
 .text.USB_ReadDevAllOutEpInterrupt
                0x080043d6       0x10 CMakeFiles/multi.elf.dir/Drivers/STM32F4xx_HAL_Driver/Src/stm32f4xx_ll_usb.c.obj
                0x080043d6                USB_ReadDevAllOutEpInterrupt
 .text.USB_ReadDevAllInEpInterrupt
                0x080043e6       0x10 CMakeFiles/multi.elf.dir/Drivers/STM32F4xx_HAL_Driver/Src/stm32f4xx_ll_usb.c.obj
                0x080043e6                USB_ReadDevAllInEpInterrupt
 .text.USB_ReadDevOutEPInterrupt
                0x080043f6       0x12 CMakeFiles/multi.elf.dir/Drivers/STM32F4xx_HAL_Driver/Src/stm32f4xx_ll_usb.c.obj
                0x080043f6                USB_ReadDevOutEPInterrupt
 .text.USB_ReadDevInEPInterrupt
                0x08004408       0x26 CMakeFiles/multi.elf.dir/Drivers/STM32F4xx_HAL_Driver/Src/stm32f4xx_ll_usb.c.obj
                0x08004408                USB_ReadDevInEPInterrupt
 .text.USB_GetMode
                0x0800442e        0x8 CMakeFiles/multi.elf.dir/Drivers/STM32F4xx_HAL_Driver/Src/stm32f4xx_ll_usb.c.obj
                0x0800442e                USB_GetMode
 .text.USB_SetCurrentMode
                0x08004436       0x62 CMakeFiles/multi.elf.dir/Drivers/STM32F4xx_HAL_Driver/Src/stm32f4xx_ll_usb.c.obj
                0x08004436                USB_SetCurrentMode
 .text.USB_ActivateSetup
                0x08004498       0x20 CMakeFiles/multi.elf.dir/Drivers/STM32F4xx_HAL_Driver/Src/stm32f4xx_ll_usb.c.obj
                0x08004498                USB_ActivateSetup
 .text.USB_EP0_OutStart
                0x080044b8       0x5c CMakeFiles/multi.elf.dir/Drivers/STM32F4xx_HAL_Driver/Src/stm32f4xx_ll_usb.c.obj
                0x080044b8                USB_EP0_OutStart
 .text.encoder_key_scan
                0x08004514       0x50 CMakeFiles/multi.elf.dir/HARDWARE/ENCODER/ENCODER1/encoder1.c.obj
 .text.encoder_rotation_scan
                0x08004564       0x60 CMakeFiles/multi.elf.dir/HARDWARE/ENCODER/ENCODER1/encoder1.c.obj
 .text.encoder1_init
                0x080045c4       0x48 CMakeFiles/multi.elf.dir/HARDWARE/ENCODER/ENCODER1/encoder1.c.obj
                0x080045c4                encoder1_init
 .text.encoder1_scan
                0x0800460c        0xc CMakeFiles/multi.elf.dir/HARDWARE/ENCODER/ENCODER1/encoder1.c.obj
                0x0800460c                encoder1_scan
 .text.encoder2_init
                0x08004618       0x88 CMakeFiles/multi.elf.dir/HARDWARE/ENCODER/ENCODER2/encoder2.c.obj
                0x08004618                encoder2_init
 .text.EXTI9_5_IRQHandler
                0x080046a0       0x10 CMakeFiles/multi.elf.dir/HARDWARE/ENCODER/ENCODER2/encoder2.c.obj
                0x080046a0                EXTI9_5_IRQHandler
 .text.HAL_GPIO_EXTI_Callback
                0x080046b0       0xa0 CMakeFiles/multi.elf.dir/HARDWARE/ENCODER/ENCODER2/encoder2.c.obj
                0x080046b0                HAL_GPIO_EXTI_Callback
 .text.encoder2_scan
                0x08004750       0x50 CMakeFiles/multi.elf.dir/HARDWARE/ENCODER/ENCODER2/encoder2.c.obj
                0x08004750                encoder2_scan
 .text.i2c1_init
                0x080047a0       0x40 CMakeFiles/multi.elf.dir/HARDWARE/I2C/I2C1/i2c1.c.obj
                0x080047a0                i2c1_init
 .text.HAL_I2C_MspInit
                0x080047e0       0x70 CMakeFiles/multi.elf.dir/HARDWARE/I2C/I2C1/i2c1.c.obj
                0x080047e0                HAL_I2C_MspInit
 .text.i2c1_transmit_byte
                0x08004850       0x34 CMakeFiles/multi.elf.dir/HARDWARE/I2C/I2C1/i2c1.c.obj
                0x08004850                i2c1_transmit_byte
 .text.lcd_send_byte
                0x08004884       0x54 CMakeFiles/multi.elf.dir/HARDWARE/LCD/LCD_47/lcd_47.c.obj
 .text.lcd_gpio_init
                0x080048d8       0x68 CMakeFiles/multi.elf.dir/HARDWARE/LCD/LCD_47/lcd_47.c.obj
 .text.lcd_wt_byte
                0x08004940       0x58 CMakeFiles/multi.elf.dir/HARDWARE/LCD/LCD_47/lcd_47.c.obj
                0x08004940                lcd_wt_byte
 .text.lcd_wt_byte_all
                0x08004998       0x1c CMakeFiles/multi.elf.dir/HARDWARE/LCD/LCD_47/lcd_47.c.obj
                0x08004998                lcd_wt_byte_all
 .text.lcd_47_init
                0x080049b4      0x228 CMakeFiles/multi.elf.dir/HARDWARE/LCD/LCD_47/lcd_47.c.obj
                0x080049b4                lcd_47_init
 .text.lcd_wt_d_byte
                0x08004bdc       0x1c CMakeFiles/multi.elf.dir/HARDWARE/LCD/LCD_47/lcd_47.c.obj
 .text.set_lcd_address
                0x08004bf8       0x5a CMakeFiles/multi.elf.dir/HARDWARE/LCD/LCD_47/lcd_47.c.obj
                0x08004bf8                set_lcd_address
 .text.lcd_show_pic_index
                0x08004c52       0x6a CMakeFiles/multi.elf.dir/HARDWARE/LCD/LCD_47/lcd_47.c.obj
                0x08004c52                lcd_show_pic_index
 .text.lcd_fill
                0x08004cbc       0x4c CMakeFiles/multi.elf.dir/HARDWARE/LCD/LCD_47/lcd_47.c.obj
                0x08004cbc                lcd_fill
 .text.set_row_low
                0x08004d08       0xc8 CMakeFiles/multi.elf.dir/HARDWARE/MATRIX_KEY/matrix_key.c.obj
 .text.get_col_state
                0x08004dd0       0x48 CMakeFiles/multi.elf.dir/HARDWARE/MATRIX_KEY/matrix_key.c.obj
 .text.key_hold_check
                0x08004e18       0x2a CMakeFiles/multi.elf.dir/HARDWARE/MATRIX_KEY/matrix_key.c.obj
 *fill*         0x08004e42        0x2 
 .text.matrix_init
                0x08004e44       0x74 CMakeFiles/multi.elf.dir/HARDWARE/MATRIX_KEY/matrix_key.c.obj
                0x08004e44                matrix_init
 .text.matrix_scan
                0x08004eb8       0x94 CMakeFiles/multi.elf.dir/HARDWARE/MATRIX_KEY/matrix_key.c.obj
                0x08004eb8                matrix_scan
 .text.oled_42_wt_byte
                0x08004f4c       0xa0 CMakeFiles/multi.elf.dir/HARDWARE/OLED/OLED_42/oled_42.c.obj
                0x08004f4c                oled_42_wt_byte
 .text.oled_42_refresh_index
                0x08004fec       0x58 CMakeFiles/multi.elf.dir/HARDWARE/OLED/OLED_42/oled_42.c.obj
                0x08004fec                oled_42_refresh_index
 .text.oled_42_clear_index
                0x08005044       0x3c CMakeFiles/multi.elf.dir/HARDWARE/OLED/OLED_42/oled_42.c.obj
                0x08005044                oled_42_clear_index
 .text.oled_42_wt_byte_all
                0x08005080       0x1c CMakeFiles/multi.elf.dir/HARDWARE/OLED/OLED_42/oled_42.c.obj
                0x08005080                oled_42_wt_byte_all
 .text.oled_42_init
                0x0800509c      0x188 CMakeFiles/multi.elf.dir/HARDWARE/OLED/OLED_42/oled_42.c.obj
                0x0800509c                oled_42_init
 .text.oled_42_page_draw_point
                0x08005224       0x48 CMakeFiles/multi.elf.dir/HARDWARE/OLED/OLED_42/oled_42.c.obj
                0x08005224                oled_42_page_draw_point
 .text.oled_42_show_pic_index
                0x0800526c       0xb4 CMakeFiles/multi.elf.dir/HARDWARE/OLED/OLED_42/oled_42.c.obj
                0x0800526c                oled_42_show_pic_index
 .text.oled_wt_byte
                0x08005320       0xa4 CMakeFiles/multi.elf.dir/HARDWARE/OLED/OLED_91/oled_91.c.obj
                0x08005320                oled_wt_byte
 .text.oled_refresh_index
                0x080053c4       0x58 CMakeFiles/multi.elf.dir/HARDWARE/OLED/OLED_91/oled_91.c.obj
                0x080053c4                oled_refresh_index
 .text.oled_clear_index
                0x0800541c       0x3c CMakeFiles/multi.elf.dir/HARDWARE/OLED/OLED_91/oled_91.c.obj
                0x0800541c                oled_clear_index
 .text.oled_wt_byte_all
                0x08005458       0x1c CMakeFiles/multi.elf.dir/HARDWARE/OLED/OLED_91/oled_91.c.obj
                0x08005458                oled_wt_byte_all
 .text.oled_91_init
                0x08005474      0x168 CMakeFiles/multi.elf.dir/HARDWARE/OLED/OLED_91/oled_91.c.obj
                0x08005474                oled_91_init
 .text.oled_page_draw_point
                0x080055dc       0x48 CMakeFiles/multi.elf.dir/HARDWARE/OLED/OLED_91/oled_91.c.obj
                0x080055dc                oled_page_draw_point
 .text.oled_show_pic_index
                0x08005624       0xb4 CMakeFiles/multi.elf.dir/HARDWARE/OLED/OLED_91/oled_91.c.obj
                0x08005624                oled_show_pic_index
 .text.oled_96_wt_byte
                0x080056d8       0x28 CMakeFiles/multi.elf.dir/HARDWARE/OLED/OLED_96/oled_96.c.obj
                0x080056d8                oled_96_wt_byte
 .text.oled_96_wt_byte_all
                0x08005700       0x1c CMakeFiles/multi.elf.dir/HARDWARE/OLED/OLED_96/oled_96.c.obj
                0x08005700                oled_96_wt_byte_all
 .text.oled_96_refresh_index
                0x0800571c       0x6c CMakeFiles/multi.elf.dir/HARDWARE/OLED/OLED_96/oled_96.c.obj
                0x0800571c                oled_96_refresh_index
 .text.oled_96_clear_index
                0x08005788       0x3c CMakeFiles/multi.elf.dir/HARDWARE/OLED/OLED_96/oled_96.c.obj
                0x08005788                oled_96_clear_index
 .text.oled_96_init
                0x080057c4       0xfe CMakeFiles/multi.elf.dir/HARDWARE/OLED/OLED_96/oled_96.c.obj
                0x080057c4                oled_96_init
 *fill*         0x080058c2        0x2 
 .text.oled_96_page_draw_point
                0x080058c4       0x44 CMakeFiles/multi.elf.dir/HARDWARE/OLED/OLED_96/oled_96.c.obj
                0x080058c4                oled_96_page_draw_point
 .text.oled_96_show_pic_index
                0x08005908       0xb4 CMakeFiles/multi.elf.dir/HARDWARE/OLED/OLED_96/oled_96.c.obj
                0x08005908                oled_96_show_pic_index
 .text.tim4_init
                0x080059bc       0x80 CMakeFiles/multi.elf.dir/HARDWARE/TIM/TIM4/tim4.c.obj
                0x080059bc                tim4_init
 .text.get_encoder_counter
                0x08005a3c       0x10 CMakeFiles/multi.elf.dir/HARDWARE/TIM/TIM4/tim4.c.obj
                0x08005a3c                get_encoder_counter
 .text.set_encoder_counter
                0x08005a4c        0xc CMakeFiles/multi.elf.dir/HARDWARE/TIM/TIM4/tim4.c.obj
                0x08005a4c                set_encoder_counter
 .text.HAL_TIM_Encoder_MspInit
                0x08005a58       0xc0 CMakeFiles/multi.elf.dir/HARDWARE/TIM/TIM4/tim4.c.obj
                0x08005a58                HAL_TIM_Encoder_MspInit
 .text.USBD_CUSTOM_HID_DataIn
                0x08005b18       0x10 CMakeFiles/multi.elf.dir/Middlewares/ST/STM32_USB_Device_Library/Class/CustomHID/Src/usbd_customhid.c.obj
 .text.USBD_CUSTOM_HID_DataOut
                0x08005b28       0x28 CMakeFiles/multi.elf.dir/Middlewares/ST/STM32_USB_Device_Library/Class/CustomHID/Src/usbd_customhid.c.obj
 .text.USBD_CUSTOM_HID_EP0_RxReady
                0x08005b50       0x34 CMakeFiles/multi.elf.dir/Middlewares/ST/STM32_USB_Device_Library/Class/CustomHID/Src/usbd_customhid.c.obj
 .text.USBD_CUSTOM_HID_GetDeviceQualifierDesc
                0x08005b84        0xc CMakeFiles/multi.elf.dir/Middlewares/ST/STM32_USB_Device_Library/Class/CustomHID/Src/usbd_customhid.c.obj
 .text.USBD_CUSTOM_HID_GetOtherSpeedCfgDesc
                0x08005b90       0x40 CMakeFiles/multi.elf.dir/Middlewares/ST/STM32_USB_Device_Library/Class/CustomHID/Src/usbd_customhid.c.obj
 .text.USBD_CUSTOM_HID_GetFSCfgDesc
                0x08005bd0       0x40 CMakeFiles/multi.elf.dir/Middlewares/ST/STM32_USB_Device_Library/Class/CustomHID/Src/usbd_customhid.c.obj
 .text.USBD_CUSTOM_HID_GetHSCfgDesc
                0x08005c10       0x40 CMakeFiles/multi.elf.dir/Middlewares/ST/STM32_USB_Device_Library/Class/CustomHID/Src/usbd_customhid.c.obj
 .text.USBD_CUSTOM_HID_Setup
                0x08005c50      0x148 CMakeFiles/multi.elf.dir/Middlewares/ST/STM32_USB_Device_Library/Class/CustomHID/Src/usbd_customhid.c.obj
 .text.USBD_CUSTOM_HID_DeInit
                0x08005d98       0x5a CMakeFiles/multi.elf.dir/Middlewares/ST/STM32_USB_Device_Library/Class/CustomHID/Src/usbd_customhid.c.obj
 .text.USBD_CUSTOM_HID_Init
                0x08005df2       0x86 CMakeFiles/multi.elf.dir/Middlewares/ST/STM32_USB_Device_Library/Class/CustomHID/Src/usbd_customhid.c.obj
 .text.USBD_CUSTOM_HID_ReceivePacket
                0x08005e78       0x1e CMakeFiles/multi.elf.dir/Middlewares/ST/STM32_USB_Device_Library/Class/CustomHID/Src/usbd_customhid.c.obj
                0x08005e78                USBD_CUSTOM_HID_ReceivePacket
 .text.USBD_CUSTOM_HID_RegisterInterface
                0x08005e96       0x16 CMakeFiles/multi.elf.dir/Middlewares/ST/STM32_USB_Device_Library/Class/CustomHID/Src/usbd_customhid.c.obj
                0x08005e96                USBD_CUSTOM_HID_RegisterInterface
 .text.USBD_Init
                0x08005eac       0x2e CMakeFiles/multi.elf.dir/Middlewares/ST/STM32_USB_Device_Library/Core/Src/usbd_core.c.obj
                0x08005eac                USBD_Init
 .text.USBD_RegisterClass
                0x08005eda       0x34 CMakeFiles/multi.elf.dir/Middlewares/ST/STM32_USB_Device_Library/Core/Src/usbd_core.c.obj
                0x08005eda                USBD_RegisterClass
 .text.USBD_Start
                0x08005f0e        0x8 CMakeFiles/multi.elf.dir/Middlewares/ST/STM32_USB_Device_Library/Core/Src/usbd_core.c.obj
                0x08005f0e                USBD_Start
 .text.USBD_SetClassConfig
                0x08005f16       0x12 CMakeFiles/multi.elf.dir/Middlewares/ST/STM32_USB_Device_Library/Core/Src/usbd_core.c.obj
                0x08005f16                USBD_SetClassConfig
 .text.USBD_ClrClassConfig
                0x08005f28       0x12 CMakeFiles/multi.elf.dir/Middlewares/ST/STM32_USB_Device_Library/Core/Src/usbd_core.c.obj
                0x08005f28                USBD_ClrClassConfig
 .text.USBD_LL_SetupStage
                0x08005f3a       0x58 CMakeFiles/multi.elf.dir/Middlewares/ST/STM32_USB_Device_Library/Core/Src/usbd_core.c.obj
                0x08005f3a                USBD_LL_SetupStage
 .text.USBD_LL_Reset
                0x08005f92       0x64 CMakeFiles/multi.elf.dir/Middlewares/ST/STM32_USB_Device_Library/Core/Src/usbd_core.c.obj
                0x08005f92                USBD_LL_Reset
 .text.USBD_LL_SetSpeed
                0x08005ff6        0x6 CMakeFiles/multi.elf.dir/Middlewares/ST/STM32_USB_Device_Library/Core/Src/usbd_core.c.obj
                0x08005ff6                USBD_LL_SetSpeed
 .text.USBD_LL_Suspend
                0x08005ffc       0x14 CMakeFiles/multi.elf.dir/Middlewares/ST/STM32_USB_Device_Library/Core/Src/usbd_core.c.obj
                0x08005ffc                USBD_LL_Suspend
 .text.USBD_LL_Resume
                0x08006010       0x1a CMakeFiles/multi.elf.dir/Middlewares/ST/STM32_USB_Device_Library/Core/Src/usbd_core.c.obj
                0x08006010                USBD_LL_Resume
 .text.USBD_LL_SOF
                0x0800602a       0x22 CMakeFiles/multi.elf.dir/Middlewares/ST/STM32_USB_Device_Library/Core/Src/usbd_core.c.obj
                0x0800602a                USBD_LL_SOF
 .text.USBD_LL_IsoINIncomplete
                0x0800604c       0x2e CMakeFiles/multi.elf.dir/Middlewares/ST/STM32_USB_Device_Library/Core/Src/usbd_core.c.obj
                0x0800604c                USBD_LL_IsoINIncomplete
 .text.USBD_LL_IsoOUTIncomplete
                0x0800607a       0x2e CMakeFiles/multi.elf.dir/Middlewares/ST/STM32_USB_Device_Library/Core/Src/usbd_core.c.obj
                0x0800607a                USBD_LL_IsoOUTIncomplete
 .text.USBD_LL_DevConnected
                0x080060a8        0x4 CMakeFiles/multi.elf.dir/Middlewares/ST/STM32_USB_Device_Library/Core/Src/usbd_core.c.obj
                0x080060a8                USBD_LL_DevConnected
 .text.USBD_LL_DevDisconnected
                0x080060ac       0x20 CMakeFiles/multi.elf.dir/Middlewares/ST/STM32_USB_Device_Library/Core/Src/usbd_core.c.obj
                0x080060ac                USBD_LL_DevDisconnected
 .text.USBD_CoreFindIF
                0x080060cc        0x4 CMakeFiles/multi.elf.dir/Middlewares/ST/STM32_USB_Device_Library/Core/Src/usbd_core.c.obj
                0x080060cc                USBD_CoreFindIF
 .text.USBD_CoreFindEP
                0x080060d0        0x4 CMakeFiles/multi.elf.dir/Middlewares/ST/STM32_USB_Device_Library/Core/Src/usbd_core.c.obj
                0x080060d0                USBD_CoreFindEP
 .text.USBD_LL_DataOutStage
                0x080060d4       0xc6 CMakeFiles/multi.elf.dir/Middlewares/ST/STM32_USB_Device_Library/Core/Src/usbd_core.c.obj
                0x080060d4                USBD_LL_DataOutStage
 .text.USBD_LL_DataInStage
                0x0800619a       0xd6 CMakeFiles/multi.elf.dir/Middlewares/ST/STM32_USB_Device_Library/Core/Src/usbd_core.c.obj
                0x0800619a                USBD_LL_DataInStage
 .text.USBD_GetNextDesc
                0x08006270        0xe CMakeFiles/multi.elf.dir/Middlewares/ST/STM32_USB_Device_Library/Core/Src/usbd_core.c.obj
                0x08006270                USBD_GetNextDesc
 .text.USBD_GetEpDesc
                0x0800627e       0x3e CMakeFiles/multi.elf.dir/Middlewares/ST/STM32_USB_Device_Library/Core/Src/usbd_core.c.obj
                0x0800627e                USBD_GetEpDesc
 .text.USBD_GetLen
                0x080062bc       0x14 CMakeFiles/multi.elf.dir/Middlewares/ST/STM32_USB_Device_Library/Core/Src/usbd_ctlreq.c.obj
 .text.USBD_ParseSetupRequest
                0x080062d0       0x28 CMakeFiles/multi.elf.dir/Middlewares/ST/STM32_USB_Device_Library/Core/Src/usbd_ctlreq.c.obj
                0x080062d0                USBD_ParseSetupRequest
 .text.USBD_CtlError
                0x080062f8       0x14 CMakeFiles/multi.elf.dir/Middlewares/ST/STM32_USB_Device_Library/Core/Src/usbd_ctlreq.c.obj
                0x080062f8                USBD_CtlError
 .text.USBD_GetDescriptor
                0x0800630c      0x18a CMakeFiles/multi.elf.dir/Middlewares/ST/STM32_USB_Device_Library/Core/Src/usbd_ctlreq.c.obj
 .text.USBD_SetAddress
                0x08006496       0x50 CMakeFiles/multi.elf.dir/Middlewares/ST/STM32_USB_Device_Library/Core/Src/usbd_ctlreq.c.obj
 *fill*         0x080064e6        0x2 
 .text.USBD_SetConfig
                0x080064e8       0xcc CMakeFiles/multi.elf.dir/Middlewares/ST/STM32_USB_Device_Library/Core/Src/usbd_ctlreq.c.obj
 .text.USBD_GetConfig
                0x080065b4       0x40 CMakeFiles/multi.elf.dir/Middlewares/ST/STM32_USB_Device_Library/Core/Src/usbd_ctlreq.c.obj
 .text.USBD_GetStatus
                0x080065f4       0x38 CMakeFiles/multi.elf.dir/Middlewares/ST/STM32_USB_Device_Library/Core/Src/usbd_ctlreq.c.obj
 .text.USBD_SetFeature
                0x0800662c       0x2a CMakeFiles/multi.elf.dir/Middlewares/ST/STM32_USB_Device_Library/Core/Src/usbd_ctlreq.c.obj
 .text.USBD_ClrFeature
                0x08006656       0x26 CMakeFiles/multi.elf.dir/Middlewares/ST/STM32_USB_Device_Library/Core/Src/usbd_ctlreq.c.obj
 .text.USBD_StdDevReq
                0x0800667c       0x76 CMakeFiles/multi.elf.dir/Middlewares/ST/STM32_USB_Device_Library/Core/Src/usbd_ctlreq.c.obj
                0x0800667c                USBD_StdDevReq
 .text.USBD_StdItfReq
                0x080066f2       0x84 CMakeFiles/multi.elf.dir/Middlewares/ST/STM32_USB_Device_Library/Core/Src/usbd_ctlreq.c.obj
                0x080066f2                USBD_StdItfReq
 .text.USBD_StdEPReq
                0x08006776      0x230 CMakeFiles/multi.elf.dir/Middlewares/ST/STM32_USB_Device_Library/Core/Src/usbd_ctlreq.c.obj
                0x08006776                USBD_StdEPReq
 .text.USBD_GetString
                0x080069a6       0x3a CMakeFiles/multi.elf.dir/Middlewares/ST/STM32_USB_Device_Library/Core/Src/usbd_ctlreq.c.obj
                0x080069a6                USBD_GetString
 .text.USBD_CtlSendData
                0x080069e0       0x1a CMakeFiles/multi.elf.dir/Middlewares/ST/STM32_USB_Device_Library/Core/Src/usbd_ioreq.c.obj
                0x080069e0                USBD_CtlSendData
 .text.USBD_CtlContinueSendData
                0x080069fa       0x10 CMakeFiles/multi.elf.dir/Middlewares/ST/STM32_USB_Device_Library/Core/Src/usbd_ioreq.c.obj
                0x080069fa                USBD_CtlContinueSendData
 .text.USBD_CtlPrepareRx
                0x08006a0a       0x1e CMakeFiles/multi.elf.dir/Middlewares/ST/STM32_USB_Device_Library/Core/Src/usbd_ioreq.c.obj
                0x08006a0a                USBD_CtlPrepareRx
 .text.USBD_CtlContinueRx
                0x08006a28       0x10 CMakeFiles/multi.elf.dir/Middlewares/ST/STM32_USB_Device_Library/Core/Src/usbd_ioreq.c.obj
                0x08006a28                USBD_CtlContinueRx
 .text.USBD_CtlSendStatus
                0x08006a38       0x16 CMakeFiles/multi.elf.dir/Middlewares/ST/STM32_USB_Device_Library/Core/Src/usbd_ioreq.c.obj
                0x08006a38                USBD_CtlSendStatus
 .text.USBD_CtlReceiveStatus
                0x08006a4e       0x16 CMakeFiles/multi.elf.dir/Middlewares/ST/STM32_USB_Device_Library/Core/Src/usbd_ioreq.c.obj
                0x08006a4e                USBD_CtlReceiveStatus
 .text.MX_USB_DEVICE_Init
                0x08006a64       0x54 CMakeFiles/multi.elf.dir/USB_DEVICE/App/usb_device.c.obj
                0x08006a64                MX_USB_DEVICE_Init
 .text.CUSTOM_HID_Init_FS
                0x08006ab8        0x4 CMakeFiles/multi.elf.dir/USB_DEVICE/App/usbd_custom_hid_if.c.obj
 .text.CUSTOM_HID_DeInit_FS
                0x08006abc        0x4 CMakeFiles/multi.elf.dir/USB_DEVICE/App/usbd_custom_hid_if.c.obj
 .text.CUSTOM_HID_OutEvent_FS
                0x08006ac0       0x18 CMakeFiles/multi.elf.dir/USB_DEVICE/App/usbd_custom_hid_if.c.obj
 .text.USBD_FS_DeviceDescriptor
                0x08006ad8        0xc CMakeFiles/multi.elf.dir/USB_DEVICE/App/usbd_desc.c.obj
                0x08006ad8                USBD_FS_DeviceDescriptor
 .text.USBD_FS_LangIDStrDescriptor
                0x08006ae4        0xc CMakeFiles/multi.elf.dir/USB_DEVICE/App/usbd_desc.c.obj
                0x08006ae4                USBD_FS_LangIDStrDescriptor
 .text.IntToUnicode
                0x08006af0       0x46 CMakeFiles/multi.elf.dir/USB_DEVICE/App/usbd_desc.c.obj
 *fill*         0x08006b36        0x2 
 .text.Get_SerialNum
                0x08006b38       0x38 CMakeFiles/multi.elf.dir/USB_DEVICE/App/usbd_desc.c.obj
 .text.USBD_FS_SerialStrDescriptor
                0x08006b70       0x14 CMakeFiles/multi.elf.dir/USB_DEVICE/App/usbd_desc.c.obj
                0x08006b70                USBD_FS_SerialStrDescriptor
 .text.USBD_FS_ProductStrDescriptor
                0x08006b84       0x24 CMakeFiles/multi.elf.dir/USB_DEVICE/App/usbd_desc.c.obj
                0x08006b84                USBD_FS_ProductStrDescriptor
 .text.USBD_FS_ManufacturerStrDescriptor
                0x08006ba8       0x1c CMakeFiles/multi.elf.dir/USB_DEVICE/App/usbd_desc.c.obj
                0x08006ba8                USBD_FS_ManufacturerStrDescriptor
 .text.USBD_FS_ConfigStrDescriptor
                0x08006bc4       0x24 CMakeFiles/multi.elf.dir/USB_DEVICE/App/usbd_desc.c.obj
                0x08006bc4                USBD_FS_ConfigStrDescriptor
 .text.USBD_FS_InterfaceStrDescriptor
                0x08006be8       0x24 CMakeFiles/multi.elf.dir/USB_DEVICE/App/usbd_desc.c.obj
                0x08006be8                USBD_FS_InterfaceStrDescriptor
 .text.HAL_PCD_MspInit
                0x08006c0c       0x84 CMakeFiles/multi.elf.dir/USB_DEVICE/Target/usbd_conf.c.obj
                0x08006c0c                HAL_PCD_MspInit
 .text.HAL_PCD_SetupStageCallback
                0x08006c90       0x10 CMakeFiles/multi.elf.dir/USB_DEVICE/Target/usbd_conf.c.obj
                0x08006c90                HAL_PCD_SetupStageCallback
 .text.HAL_PCD_DataOutStageCallback
                0x08006ca0       0x18 CMakeFiles/multi.elf.dir/USB_DEVICE/Target/usbd_conf.c.obj
                0x08006ca0                HAL_PCD_DataOutStageCallback
 .text.HAL_PCD_DataInStageCallback
                0x08006cb8       0x16 CMakeFiles/multi.elf.dir/USB_DEVICE/Target/usbd_conf.c.obj
                0x08006cb8                HAL_PCD_DataInStageCallback
 .text.HAL_PCD_SOFCallback
                0x08006cce        0xc CMakeFiles/multi.elf.dir/USB_DEVICE/Target/usbd_conf.c.obj
                0x08006cce                HAL_PCD_SOFCallback
 .text.HAL_PCD_ResetCallback
                0x08006cda       0x2c CMakeFiles/multi.elf.dir/USB_DEVICE/Target/usbd_conf.c.obj
                0x08006cda                HAL_PCD_ResetCallback
 *fill*         0x08006d06        0x2 
 .text.HAL_PCD_SuspendCallback
                0x08006d08       0x30 CMakeFiles/multi.elf.dir/USB_DEVICE/Target/usbd_conf.c.obj
                0x08006d08                HAL_PCD_SuspendCallback
 .text.HAL_PCD_ResumeCallback
                0x08006d38        0xc CMakeFiles/multi.elf.dir/USB_DEVICE/Target/usbd_conf.c.obj
                0x08006d38                HAL_PCD_ResumeCallback
 .text.HAL_PCD_ISOOUTIncompleteCallback
                0x08006d44        0xc CMakeFiles/multi.elf.dir/USB_DEVICE/Target/usbd_conf.c.obj
                0x08006d44                HAL_PCD_ISOOUTIncompleteCallback
 .text.HAL_PCD_ISOINIncompleteCallback
                0x08006d50        0xc CMakeFiles/multi.elf.dir/USB_DEVICE/Target/usbd_conf.c.obj
                0x08006d50                HAL_PCD_ISOINIncompleteCallback
 .text.HAL_PCD_ConnectCallback
                0x08006d5c        0xc CMakeFiles/multi.elf.dir/USB_DEVICE/Target/usbd_conf.c.obj
                0x08006d5c                HAL_PCD_ConnectCallback
 .text.HAL_PCD_DisconnectCallback
                0x08006d68        0xc CMakeFiles/multi.elf.dir/USB_DEVICE/Target/usbd_conf.c.obj
                0x08006d68                HAL_PCD_DisconnectCallback
 .text.USBD_LL_Init
                0x08006d74       0x68 CMakeFiles/multi.elf.dir/USB_DEVICE/Target/usbd_conf.c.obj
                0x08006d74                USBD_LL_Init
 .text.USBD_LL_IsStallEP
                0x08006ddc       0x2e CMakeFiles/multi.elf.dir/USB_DEVICE/Target/usbd_conf.c.obj
                0x08006ddc                USBD_LL_IsStallEP
 *fill*         0x08006e0a        0x2 
 .text.USBD_static_malloc
                0x08006e0c        0x8 CMakeFiles/multi.elf.dir/USB_DEVICE/Target/usbd_conf.c.obj
                0x08006e0c                USBD_static_malloc
 .text.USBD_static_free
                0x08006e14        0x2 CMakeFiles/multi.elf.dir/USB_DEVICE/Target/usbd_conf.c.obj
                0x08006e14                USBD_static_free
 .text.USBD_Get_USB_Status
                0x08006e16       0x14 CMakeFiles/multi.elf.dir/USB_DEVICE/Target/usbd_conf.c.obj
                0x08006e16                USBD_Get_USB_Status
 .text.USBD_LL_Start
                0x08006e2a       0x10 CMakeFiles/multi.elf.dir/USB_DEVICE/Target/usbd_conf.c.obj
                0x08006e2a                USBD_LL_Start
 .text.USBD_LL_OpenEP
                0x08006e3a       0x16 CMakeFiles/multi.elf.dir/USB_DEVICE/Target/usbd_conf.c.obj
                0x08006e3a                USBD_LL_OpenEP
 .text.USBD_LL_CloseEP
                0x08006e50       0x10 CMakeFiles/multi.elf.dir/USB_DEVICE/Target/usbd_conf.c.obj
                0x08006e50                USBD_LL_CloseEP
 .text.USBD_LL_StallEP
                0x08006e60       0x10 CMakeFiles/multi.elf.dir/USB_DEVICE/Target/usbd_conf.c.obj
                0x08006e60                USBD_LL_StallEP
 .text.USBD_LL_ClearStallEP
                0x08006e70       0x10 CMakeFiles/multi.elf.dir/USB_DEVICE/Target/usbd_conf.c.obj
                0x08006e70                USBD_LL_ClearStallEP
 .text.USBD_LL_SetUSBAddress
                0x08006e80       0x10 CMakeFiles/multi.elf.dir/USB_DEVICE/Target/usbd_conf.c.obj
                0x08006e80                USBD_LL_SetUSBAddress
 .text.USBD_LL_Transmit
                0x08006e90       0x10 CMakeFiles/multi.elf.dir/USB_DEVICE/Target/usbd_conf.c.obj
                0x08006e90                USBD_LL_Transmit
 .text.USBD_LL_PrepareReceive
                0x08006ea0       0x10 CMakeFiles/multi.elf.dir/USB_DEVICE/Target/usbd_conf.c.obj
                0x08006ea0                USBD_LL_PrepareReceive
 .text.encoder_init_user
                0x08006eb0        0xc CMakeFiles/multi.elf.dir/USER/Encoder/encoder_user.c.obj
                0x08006eb0                encoder_init_user
 .text.encoder_scan_user
                0x08006ebc        0xc CMakeFiles/multi.elf.dir/USER/Encoder/encoder_user.c.obj
                0x08006ebc                encoder_scan_user
 .text.encoder1_key_down_callback
                0x08006ec8       0x10 CMakeFiles/multi.elf.dir/USER/Encoder/encoder_user.c.obj
                0x08006ec8                encoder1_key_down_callback
 .text.encoder1_key_up_callback
                0x08006ed8       0x10 CMakeFiles/multi.elf.dir/USER/Encoder/encoder_user.c.obj
                0x08006ed8                encoder1_key_up_callback
 .text.encoder2_key_down_callback
                0x08006ee8       0x10 CMakeFiles/multi.elf.dir/USER/Encoder/encoder_user.c.obj
                0x08006ee8                encoder2_key_down_callback
 .text.encoder2_key_up_callback
                0x08006ef8       0x10 CMakeFiles/multi.elf.dir/USER/Encoder/encoder_user.c.obj
                0x08006ef8                encoder2_key_up_callback
 .text.encoder2_clockwise_callback
                0x08006f08       0x10 CMakeFiles/multi.elf.dir/USER/Encoder/encoder_user.c.obj
                0x08006f08                encoder2_clockwise_callback
 .text.encoder2_anticlockwise_callback
                0x08006f18       0x10 CMakeFiles/multi.elf.dir/USER/Encoder/encoder_user.c.obj
                0x08006f18                encoder2_anticlockwise_callback
 .text.encoder2_hold_c_callback
                0x08006f28       0x10 CMakeFiles/multi.elf.dir/USER/Encoder/encoder_user.c.obj
                0x08006f28                encoder2_hold_c_callback
 .text.encoder2_hold_a_callback
                0x08006f38       0x10 CMakeFiles/multi.elf.dir/USER/Encoder/encoder_user.c.obj
                0x08006f38                encoder2_hold_a_callback
 .text.encoder1_clockwise_callback
                0x08006f48       0x10 CMakeFiles/multi.elf.dir/USER/Encoder/encoder_user.c.obj
                0x08006f48                encoder1_clockwise_callback
 .text.encoder1_anticlockwise_callback
                0x08006f58       0x10 CMakeFiles/multi.elf.dir/USER/Encoder/encoder_user.c.obj
                0x08006f58                encoder1_anticlockwise_callback
 .text.encoder1_hold_c_callback
                0x08006f68       0x10 CMakeFiles/multi.elf.dir/USER/Encoder/encoder_user.c.obj
                0x08006f68                encoder1_hold_c_callback
 .text.encoder1_hold_a_callback
                0x08006f78       0x10 CMakeFiles/multi.elf.dir/USER/Encoder/encoder_user.c.obj
                0x08006f78                encoder1_hold_a_callback
 .text.lcd_init_user
                0x08006f88       0x3c CMakeFiles/multi.elf.dir/USER/Lcd/lcd_user.c.obj
                0x08006f88                lcd_init_user
 .text.key_init_user
                0x08006fc4       0x10 CMakeFiles/multi.elf.dir/USER/Matrix_key/matrix_key_user.c.obj
                0x08006fc4                key_init_user
 .text.key_scan_user
                0x08006fd4        0x8 CMakeFiles/multi.elf.dir/USER/Matrix_key/matrix_key_user.c.obj
                0x08006fd4                key_scan_user
 .text.key_down_callback
                0x08006fdc       0x18 CMakeFiles/multi.elf.dir/USER/Matrix_key/matrix_key_user.c.obj
                0x08006fdc                key_down_callback
 .text.key_up_callback
                0x08006ff4       0x10 CMakeFiles/multi.elf.dir/USER/Matrix_key/matrix_key_user.c.obj
                0x08006ff4                key_up_callback
 .text.oled_init_user
                0x08007004       0x10 CMakeFiles/multi.elf.dir/USER/Oled/oled_user.c.obj
                0x08007004                oled_init_user
 .text.oled_show_user
                0x08007014       0x6c CMakeFiles/multi.elf.dir/USER/Oled/oled_user.c.obj
                0x08007014                oled_show_user
 .text.__errno  0x08007080        0xc d:/ra/gcc-arm-none-eabi-10.3-2021.10-win32/gcc-arm-none-eabi-10.3-2021.10/bin/../lib/gcc/arm-none-eabi/10.3.1/../../../../arm-none-eabi/lib/thumb/v7e-m/nofp\libg.a(lib_a-errno.o)
                0x08007080                __errno
 .text.__libc_init_array
                0x0800708c       0x48 d:/ra/gcc-arm-none-eabi-10.3-2021.10-win32/gcc-arm-none-eabi-10.3-2021.10/bin/../lib/gcc/arm-none-eabi/10.3.1/../../../../arm-none-eabi/lib/thumb/v7e-m/nofp\libg.a(lib_a-init.o)
                0x0800708c                __libc_init_array
 .text.memset   0x080070d4       0xa4 d:/ra/gcc-arm-none-eabi-10.3-2021.10-win32/gcc-arm-none-eabi-10.3-2021.10/bin/../lib/gcc/arm-none-eabi/10.3.1/../../../../arm-none-eabi/lib/thumb/v7e-m/nofp\libg.a(lib_a-memset.o)
                0x080070d4                memset
 .text.printf   0x08007178       0x28 d:/ra/gcc-arm-none-eabi-10.3-2021.10-win32/gcc-arm-none-eabi-10.3-2021.10/bin/../lib/gcc/arm-none-eabi/10.3.1/../../../../arm-none-eabi/lib/thumb/v7e-m/nofp\libg.a(lib_a-printf.o)
                0x08007178                printf
 .text._puts_r  0x080071a0       0x9c d:/ra/gcc-arm-none-eabi-10.3-2021.10-win32/gcc-arm-none-eabi-10.3-2021.10/bin/../lib/gcc/arm-none-eabi/10.3.1/../../../../arm-none-eabi/lib/thumb/v7e-m/nofp\libg.a(lib_a-puts.o)
                0x080071a0                _puts_r
 .text.puts     0x0800723c       0x10 d:/ra/gcc-arm-none-eabi-10.3-2021.10-win32/gcc-arm-none-eabi-10.3-2021.10/bin/../lib/gcc/arm-none-eabi/10.3.1/../../../../arm-none-eabi/lib/thumb/v7e-m/nofp\libg.a(lib_a-puts.o)
                0x0800723c                puts
 .text.setvbuf  0x0800724c      0x1b0 d:/ra/gcc-arm-none-eabi-10.3-2021.10-win32/gcc-arm-none-eabi-10.3-2021.10/bin/../lib/gcc/arm-none-eabi/10.3.1/../../../../arm-none-eabi/lib/thumb/v7e-m/nofp\libg.a(lib_a-setvbuf.o)
                0x0800724c                setvbuf
 .text._vfprintf_r
                0x080073fc     0x1ad4 d:/ra/gcc-arm-none-eabi-10.3-2021.10-win32/gcc-arm-none-eabi-10.3-2021.10/bin/../lib/gcc/arm-none-eabi/10.3.1/../../../../arm-none-eabi/lib/thumb/v7e-m/nofp\libg.a(lib_a-vfprintf.o)
                0x080073fc                _vfprintf_r
 .text.__sbprintf
                0x08008ed0       0x80 d:/ra/gcc-arm-none-eabi-10.3-2021.10-win32/gcc-arm-none-eabi-10.3-2021.10/bin/../lib/gcc/arm-none-eabi/10.3.1/../../../../arm-none-eabi/lib/thumb/v7e-m/nofp\libg.a(lib_a-vfprintf.o)
 .text.__swsetup_r
                0x08008f50       0xd4 d:/ra/gcc-arm-none-eabi-10.3-2021.10-win32/gcc-arm-none-eabi-10.3-2021.10/bin/../lib/gcc/arm-none-eabi/10.3.1/../../../../arm-none-eabi/lib/thumb/v7e-m/nofp\libg.a(lib_a-wsetup.o)
                0x08008f50                __swsetup_r
 .text.startup.register_fini
                0x08009024       0x14 d:/ra/gcc-arm-none-eabi-10.3-2021.10-win32/gcc-arm-none-eabi-10.3-2021.10/bin/../lib/gcc/arm-none-eabi/10.3.1/../../../../arm-none-eabi/lib/thumb/v7e-m/nofp\libg.a(lib_a-__call_atexit.o)
 .text.atexit   0x08009038        0xc d:/ra/gcc-arm-none-eabi-10.3-2021.10-win32/gcc-arm-none-eabi-10.3-2021.10/bin/../lib/gcc/arm-none-eabi/10.3.1/../../../../arm-none-eabi/lib/thumb/v7e-m/nofp\libg.a(lib_a-atexit.o)
                0x08009038                atexit
 .text.quorem   0x08009044      0x124 d:/ra/gcc-arm-none-eabi-10.3-2021.10-win32/gcc-arm-none-eabi-10.3-2021.10/bin/../lib/gcc/arm-none-eabi/10.3.1/../../../../arm-none-eabi/lib/thumb/v7e-m/nofp\libg.a(lib_a-dtoa.o)
 .text._dtoa_r  0x08009168      0xec4 d:/ra/gcc-arm-none-eabi-10.3-2021.10-win32/gcc-arm-none-eabi-10.3-2021.10/bin/../lib/gcc/arm-none-eabi/10.3.1/../../../../arm-none-eabi/lib/thumb/v7e-m/nofp\libg.a(lib_a-dtoa.o)
                0x08009168                _dtoa_r
 .text.__sflush_r
                0x0800a02c      0x120 d:/ra/gcc-arm-none-eabi-10.3-2021.10-win32/gcc-arm-none-eabi-10.3-2021.10/bin/../lib/gcc/arm-none-eabi/10.3.1/../../../../arm-none-eabi/lib/thumb/v7e-m/nofp\libg.a(lib_a-fflush.o)
                0x0800a02c                __sflush_r
 .text._fflush_r
                0x0800a14c       0x5c d:/ra/gcc-arm-none-eabi-10.3-2021.10-win32/gcc-arm-none-eabi-10.3-2021.10/bin/../lib/gcc/arm-none-eabi/10.3.1/../../../../arm-none-eabi/lib/thumb/v7e-m/nofp\libg.a(lib_a-fflush.o)
                0x0800a14c                _fflush_r
 .text._cleanup_r
                0x0800a1a8        0xc d:/ra/gcc-arm-none-eabi-10.3-2021.10-win32/gcc-arm-none-eabi-10.3-2021.10/bin/../lib/gcc/arm-none-eabi/10.3.1/../../../../arm-none-eabi/lib/thumb/v7e-m/nofp\libg.a(lib_a-findfp.o)
                0x0800a1a8                _cleanup_r
 .text.__sinit  0x0800a1b4      0x10c d:/ra/gcc-arm-none-eabi-10.3-2021.10-win32/gcc-arm-none-eabi-10.3-2021.10/bin/../lib/gcc/arm-none-eabi/10.3.1/../../../../arm-none-eabi/lib/thumb/v7e-m/nofp\libg.a(lib_a-findfp.o)
                0x0800a1b4                __sinit
 .text.__sfp_lock_acquire
                0x0800a2c0        0xc d:/ra/gcc-arm-none-eabi-10.3-2021.10-win32/gcc-arm-none-eabi-10.3-2021.10/bin/../lib/gcc/arm-none-eabi/10.3.1/../../../../arm-none-eabi/lib/thumb/v7e-m/nofp\libg.a(lib_a-findfp.o)
                0x0800a2c0                __sfp_lock_acquire
 .text.__sfp_lock_release
                0x0800a2cc        0xc d:/ra/gcc-arm-none-eabi-10.3-2021.10-win32/gcc-arm-none-eabi-10.3-2021.10/bin/../lib/gcc/arm-none-eabi/10.3.1/../../../../arm-none-eabi/lib/thumb/v7e-m/nofp\libg.a(lib_a-findfp.o)
                0x0800a2cc                __sfp_lock_release
 .text.__libc_fini_array
                0x0800a2d8       0x2c d:/ra/gcc-arm-none-eabi-10.3-2021.10-win32/gcc-arm-none-eabi-10.3-2021.10/bin/../lib/gcc/arm-none-eabi/10.3.1/../../../../arm-none-eabi/lib/thumb/v7e-m/nofp\libg.a(lib_a-fini.o)
                0x0800a2d8                __libc_fini_array
 .text._malloc_trim_r
                0x0800a304       0xa0 d:/ra/gcc-arm-none-eabi-10.3-2021.10-win32/gcc-arm-none-eabi-10.3-2021.10/bin/../lib/gcc/arm-none-eabi/10.3.1/../../../../arm-none-eabi/lib/thumb/v7e-m/nofp\libg.a(lib_a-freer.o)
                0x0800a304                _malloc_trim_r
 .text._free_r  0x0800a3a4      0x20c d:/ra/gcc-arm-none-eabi-10.3-2021.10-win32/gcc-arm-none-eabi-10.3-2021.10/bin/../lib/gcc/arm-none-eabi/10.3.1/../../../../arm-none-eabi/lib/thumb/v7e-m/nofp\libg.a(lib_a-freer.o)
                0x0800a3a4                _free_r
 .text.__sfvwrite_r
                0x0800a5b0      0x2e8 d:/ra/gcc-arm-none-eabi-10.3-2021.10-win32/gcc-arm-none-eabi-10.3-2021.10/bin/../lib/gcc/arm-none-eabi/10.3.1/../../../../arm-none-eabi/lib/thumb/v7e-m/nofp\libg.a(lib_a-fvwrite.o)
                0x0800a5b0                __sfvwrite_r
 .text._fwalk_reent
                0x0800a898       0x48 d:/ra/gcc-arm-none-eabi-10.3-2021.10-win32/gcc-arm-none-eabi-10.3-2021.10/bin/../lib/gcc/arm-none-eabi/10.3.1/../../../../arm-none-eabi/lib/thumb/v7e-m/nofp\libg.a(lib_a-fwalk.o)
                0x0800a898                _fwalk_reent
 .text._localeconv_r
                0x0800a8e0        0x8 d:/ra/gcc-arm-none-eabi-10.3-2021.10-win32/gcc-arm-none-eabi-10.3-2021.10/bin/../lib/gcc/arm-none-eabi/10.3.1/../../../../arm-none-eabi/lib/thumb/v7e-m/nofp\libg.a(lib_a-localeconv.o)
                0x0800a8e0                _localeconv_r
 .text.__retarget_lock_init_recursive
                0x0800a8e8        0x4 d:/ra/gcc-arm-none-eabi-10.3-2021.10-win32/gcc-arm-none-eabi-10.3-2021.10/bin/../lib/gcc/arm-none-eabi/10.3.1/../../../../arm-none-eabi/lib/thumb/v7e-m/nofp\libg.a(lib_a-lock.o)
                0x0800a8e8                __retarget_lock_init_recursive
 .text.__retarget_lock_close_recursive
                0x0800a8ec        0x4 d:/ra/gcc-arm-none-eabi-10.3-2021.10-win32/gcc-arm-none-eabi-10.3-2021.10/bin/../lib/gcc/arm-none-eabi/10.3.1/../../../../arm-none-eabi/lib/thumb/v7e-m/nofp\libg.a(lib_a-lock.o)
                0x0800a8ec                __retarget_lock_close_recursive
 .text.__retarget_lock_acquire_recursive
                0x0800a8f0        0x4 d:/ra/gcc-arm-none-eabi-10.3-2021.10-win32/gcc-arm-none-eabi-10.3-2021.10/bin/../lib/gcc/arm-none-eabi/10.3.1/../../../../arm-none-eabi/lib/thumb/v7e-m/nofp\libg.a(lib_a-lock.o)
                0x0800a8f0                __retarget_lock_acquire_recursive
 .text.__retarget_lock_release_recursive
                0x0800a8f4        0x4 d:/ra/gcc-arm-none-eabi-10.3-2021.10-win32/gcc-arm-none-eabi-10.3-2021.10/bin/../lib/gcc/arm-none-eabi/10.3.1/../../../../arm-none-eabi/lib/thumb/v7e-m/nofp\libg.a(lib_a-lock.o)
                0x0800a8f4                __retarget_lock_release_recursive
 .text.__smakebuf_r
                0x0800a8f8       0xe0 d:/ra/gcc-arm-none-eabi-10.3-2021.10-win32/gcc-arm-none-eabi-10.3-2021.10/bin/../lib/gcc/arm-none-eabi/10.3.1/../../../../arm-none-eabi/lib/thumb/v7e-m/nofp\libg.a(lib_a-makebuf.o)
                0x0800a8f8                __smakebuf_r
 .text.__swhatbuf_r
                0x0800a9d8       0x60 d:/ra/gcc-arm-none-eabi-10.3-2021.10-win32/gcc-arm-none-eabi-10.3-2021.10/bin/../lib/gcc/arm-none-eabi/10.3.1/../../../../arm-none-eabi/lib/thumb/v7e-m/nofp\libg.a(lib_a-makebuf.o)
                0x0800a9d8                __swhatbuf_r
 .text.malloc   0x0800aa38       0x10 d:/ra/gcc-arm-none-eabi-10.3-2021.10-win32/gcc-arm-none-eabi-10.3-2021.10/bin/../lib/gcc/arm-none-eabi/10.3.1/../../../../arm-none-eabi/lib/thumb/v7e-m/nofp\libg.a(lib_a-malloc.o)
                0x0800aa38                malloc
 .text._malloc_r
                0x0800aa48      0x560 d:/ra/gcc-arm-none-eabi-10.3-2021.10-win32/gcc-arm-none-eabi-10.3-2021.10/bin/../lib/gcc/arm-none-eabi/10.3.1/../../../../arm-none-eabi/lib/thumb/v7e-m/nofp\libg.a(lib_a-mallocr.o)
                0x0800aa48                _malloc_r
 .text.memmove  0x0800afa8       0xf8 d:/ra/gcc-arm-none-eabi-10.3-2021.10-win32/gcc-arm-none-eabi-10.3-2021.10/bin/../lib/gcc/arm-none-eabi/10.3.1/../../../../arm-none-eabi/lib/thumb/v7e-m/nofp\libg.a(lib_a-memmove.o)
                0x0800afa8                memmove
 .text.__malloc_lock
                0x0800b0a0        0xc d:/ra/gcc-arm-none-eabi-10.3-2021.10-win32/gcc-arm-none-eabi-10.3-2021.10/bin/../lib/gcc/arm-none-eabi/10.3.1/../../../../arm-none-eabi/lib/thumb/v7e-m/nofp\libg.a(lib_a-mlock.o)
                0x0800b0a0                __malloc_lock
 .text.__malloc_unlock
                0x0800b0ac        0xc d:/ra/gcc-arm-none-eabi-10.3-2021.10-win32/gcc-arm-none-eabi-10.3-2021.10/bin/../lib/gcc/arm-none-eabi/10.3.1/../../../../arm-none-eabi/lib/thumb/v7e-m/nofp\libg.a(lib_a-mlock.o)
                0x0800b0ac                __malloc_unlock
 .text._Balloc  0x0800b0b8       0x4c d:/ra/gcc-arm-none-eabi-10.3-2021.10-win32/gcc-arm-none-eabi-10.3-2021.10/bin/../lib/gcc/arm-none-eabi/10.3.1/../../../../arm-none-eabi/lib/thumb/v7e-m/nofp\libg.a(lib_a-mprec.o)
                0x0800b0b8                _Balloc
 .text._Bfree   0x0800b104       0x14 d:/ra/gcc-arm-none-eabi-10.3-2021.10-win32/gcc-arm-none-eabi-10.3-2021.10/bin/../lib/gcc/arm-none-eabi/10.3.1/../../../../arm-none-eabi/lib/thumb/v7e-m/nofp\libg.a(lib_a-mprec.o)
                0x0800b104                _Bfree
 .text.__multadd
                0x0800b118       0xa0 d:/ra/gcc-arm-none-eabi-10.3-2021.10-win32/gcc-arm-none-eabi-10.3-2021.10/bin/../lib/gcc/arm-none-eabi/10.3.1/../../../../arm-none-eabi/lib/thumb/v7e-m/nofp\libg.a(lib_a-mprec.o)
                0x0800b118                __multadd
 .text.__hi0bits
                0x0800b1b8       0x40 d:/ra/gcc-arm-none-eabi-10.3-2021.10-win32/gcc-arm-none-eabi-10.3-2021.10/bin/../lib/gcc/arm-none-eabi/10.3.1/../../../../arm-none-eabi/lib/thumb/v7e-m/nofp\libg.a(lib_a-mprec.o)
                0x0800b1b8                __hi0bits
 .text.__lo0bits
                0x0800b1f8       0x5c d:/ra/gcc-arm-none-eabi-10.3-2021.10-win32/gcc-arm-none-eabi-10.3-2021.10/bin/../lib/gcc/arm-none-eabi/10.3.1/../../../../arm-none-eabi/lib/thumb/v7e-m/nofp\libg.a(lib_a-mprec.o)
                0x0800b1f8                __lo0bits
 .text.__i2b    0x0800b254       0x5c d:/ra/gcc-arm-none-eabi-10.3-2021.10-win32/gcc-arm-none-eabi-10.3-2021.10/bin/../lib/gcc/arm-none-eabi/10.3.1/../../../../arm-none-eabi/lib/thumb/v7e-m/nofp\libg.a(lib_a-mprec.o)
                0x0800b254                __i2b
 .text.__multiply
                0x0800b2b0      0x15c d:/ra/gcc-arm-none-eabi-10.3-2021.10-win32/gcc-arm-none-eabi-10.3-2021.10/bin/../lib/gcc/arm-none-eabi/10.3.1/../../../../arm-none-eabi/lib/thumb/v7e-m/nofp\libg.a(lib_a-mprec.o)
                0x0800b2b0                __multiply
 .text.__pow5mult
                0x0800b40c       0xc0 d:/ra/gcc-arm-none-eabi-10.3-2021.10-win32/gcc-arm-none-eabi-10.3-2021.10/bin/../lib/gcc/arm-none-eabi/10.3.1/../../../../arm-none-eabi/lib/thumb/v7e-m/nofp\libg.a(lib_a-mprec.o)
                0x0800b40c                __pow5mult
 .text.__lshift
                0x0800b4cc       0xf0 d:/ra/gcc-arm-none-eabi-10.3-2021.10-win32/gcc-arm-none-eabi-10.3-2021.10/bin/../lib/gcc/arm-none-eabi/10.3.1/../../../../arm-none-eabi/lib/thumb/v7e-m/nofp\libg.a(lib_a-mprec.o)
                0x0800b4cc                __lshift
 .text.__mcmp   0x0800b5bc       0x40 d:/ra/gcc-arm-none-eabi-10.3-2021.10-win32/gcc-arm-none-eabi-10.3-2021.10/bin/../lib/gcc/arm-none-eabi/10.3.1/../../../../arm-none-eabi/lib/thumb/v7e-m/nofp\libg.a(lib_a-mprec.o)
                0x0800b5bc                __mcmp
 .text.__mdiff  0x0800b5fc      0x14c d:/ra/gcc-arm-none-eabi-10.3-2021.10-win32/gcc-arm-none-eabi-10.3-2021.10/bin/../lib/gcc/arm-none-eabi/10.3.1/../../../../arm-none-eabi/lib/thumb/v7e-m/nofp\libg.a(lib_a-mprec.o)
                0x0800b5fc                __mdiff
 .text.__d2b    0x0800b748       0xc4 d:/ra/gcc-arm-none-eabi-10.3-2021.10-win32/gcc-arm-none-eabi-10.3-2021.10/bin/../lib/gcc/arm-none-eabi/10.3.1/../../../../arm-none-eabi/lib/thumb/v7e-m/nofp\libg.a(lib_a-mprec.o)
                0x0800b748                __d2b
 .text._realloc_r
                0x0800b80c      0x3d8 d:/ra/gcc-arm-none-eabi-10.3-2021.10-win32/gcc-arm-none-eabi-10.3-2021.10/bin/../lib/gcc/arm-none-eabi/10.3.1/../../../../arm-none-eabi/lib/thumb/v7e-m/nofp\libg.a(lib_a-reallocr.o)
                0x0800b80c                _realloc_r
 .text.frexp    0x0800bbe4       0x70 d:/ra/gcc-arm-none-eabi-10.3-2021.10-win32/gcc-arm-none-eabi-10.3-2021.10/bin/../lib/gcc/arm-none-eabi/10.3.1/../../../../arm-none-eabi/lib/thumb/v7e-m/nofp\libg.a(lib_a-s_frexp.o)
                0x0800bbe4                frexp
 .text._sbrk_r  0x0800bc54       0x24 d:/ra/gcc-arm-none-eabi-10.3-2021.10-win32/gcc-arm-none-eabi-10.3-2021.10/bin/../lib/gcc/arm-none-eabi/10.3.1/../../../../arm-none-eabi/lib/thumb/v7e-m/nofp\libg.a(lib_a-sbrkr.o)
                0x0800bc54                _sbrk_r
 .text.__sread  0x0800bc78       0x24 d:/ra/gcc-arm-none-eabi-10.3-2021.10-win32/gcc-arm-none-eabi-10.3-2021.10/bin/../lib/gcc/arm-none-eabi/10.3.1/../../../../arm-none-eabi/lib/thumb/v7e-m/nofp\libg.a(lib_a-stdio.o)
                0x0800bc78                __sread
 .text.__swrite
                0x0800bc9c       0x40 d:/ra/gcc-arm-none-eabi-10.3-2021.10-win32/gcc-arm-none-eabi-10.3-2021.10/bin/../lib/gcc/arm-none-eabi/10.3.1/../../../../arm-none-eabi/lib/thumb/v7e-m/nofp\libg.a(lib_a-stdio.o)
                0x0800bc9c                __swrite
 .text.__sseek  0x0800bcdc       0x20 d:/ra/gcc-arm-none-eabi-10.3-2021.10-win32/gcc-arm-none-eabi-10.3-2021.10/bin/../lib/gcc/arm-none-eabi/10.3.1/../../../../arm-none-eabi/lib/thumb/v7e-m/nofp\libg.a(lib_a-stdio.o)
                0x0800bcdc                __sseek
 .text.__sclose
                0x0800bcfc        0x8 d:/ra/gcc-arm-none-eabi-10.3-2021.10-win32/gcc-arm-none-eabi-10.3-2021.10/bin/../lib/gcc/arm-none-eabi/10.3.1/../../../../arm-none-eabi/lib/thumb/v7e-m/nofp\libg.a(lib_a-stdio.o)
                0x0800bcfc                __sclose
 .text.strncpy  0x0800bd04       0x64 d:/ra/gcc-arm-none-eabi-10.3-2021.10-win32/gcc-arm-none-eabi-10.3-2021.10/bin/../lib/gcc/arm-none-eabi/10.3.1/../../../../arm-none-eabi/lib/thumb/v7e-m/nofp\libg.a(lib_a-strncpy.o)
                0x0800bd04                strncpy
 .text.__sprint_r.part.0
                0x0800bd68       0x78 d:/ra/gcc-arm-none-eabi-10.3-2021.10-win32/gcc-arm-none-eabi-10.3-2021.10/bin/../lib/gcc/arm-none-eabi/10.3.1/../../../../arm-none-eabi/lib/thumb/v7e-m/nofp\libg.a(lib_a-vfiprintf.o)
 .text.__sprint_r
                0x0800bde0       0x14 d:/ra/gcc-arm-none-eabi-10.3-2021.10-win32/gcc-arm-none-eabi-10.3-2021.10/bin/../lib/gcc/arm-none-eabi/10.3.1/../../../../arm-none-eabi/lib/thumb/v7e-m/nofp\libg.a(lib_a-vfiprintf.o)
                0x0800bde0                __sprint_r
 .text._vfiprintf_r
                0x0800bdf4      0xda0 d:/ra/gcc-arm-none-eabi-10.3-2021.10-win32/gcc-arm-none-eabi-10.3-2021.10/bin/../lib/gcc/arm-none-eabi/10.3.1/../../../../arm-none-eabi/lib/thumb/v7e-m/nofp\libg.a(lib_a-vfiprintf.o)
                0x0800bdf4                _vfiprintf_r
 .text.__sbprintf
                0x0800cb94       0x80 d:/ra/gcc-arm-none-eabi-10.3-2021.10-win32/gcc-arm-none-eabi-10.3-2021.10/bin/../lib/gcc/arm-none-eabi/10.3.1/../../../../arm-none-eabi/lib/thumb/v7e-m/nofp\libg.a(lib_a-vfiprintf.o)
 .text._write_r
                0x0800cc14       0x2c d:/ra/gcc-arm-none-eabi-10.3-2021.10-win32/gcc-arm-none-eabi-10.3-2021.10/bin/../lib/gcc/arm-none-eabi/10.3.1/../../../../arm-none-eabi/lib/thumb/v7e-m/nofp\libg.a(lib_a-writer.o)
                0x0800cc14                _write_r
 .text.__register_exitproc
                0x0800cc40       0x8c d:/ra/gcc-arm-none-eabi-10.3-2021.10-win32/gcc-arm-none-eabi-10.3-2021.10/bin/../lib/gcc/arm-none-eabi/10.3.1/../../../../arm-none-eabi/lib/thumb/v7e-m/nofp\libg.a(lib_a-__atexit.o)
                0x0800cc40                __register_exitproc
 .text.__assert_func
                0x0800cccc       0x40 d:/ra/gcc-arm-none-eabi-10.3-2021.10-win32/gcc-arm-none-eabi-10.3-2021.10/bin/../lib/gcc/arm-none-eabi/10.3.1/../../../../arm-none-eabi/lib/thumb/v7e-m/nofp\libg.a(lib_a-assert.o)
                0x0800cccc                __assert_func
 .text._calloc_r
                0x0800cd0c       0x78 d:/ra/gcc-arm-none-eabi-10.3-2021.10-win32/gcc-arm-none-eabi-10.3-2021.10/bin/../lib/gcc/arm-none-eabi/10.3.1/../../../../arm-none-eabi/lib/thumb/v7e-m/nofp\libg.a(lib_a-callocr.o)
                0x0800cd0c                _calloc_r
 .text._close_r
                0x0800cd84       0x24 d:/ra/gcc-arm-none-eabi-10.3-2021.10-win32/gcc-arm-none-eabi-10.3-2021.10/bin/../lib/gcc/arm-none-eabi/10.3.1/../../../../arm-none-eabi/lib/thumb/v7e-m/nofp\libg.a(lib_a-closer.o)
                0x0800cd84                _close_r
 .text._fclose_r
                0x0800cda8       0xcc d:/ra/gcc-arm-none-eabi-10.3-2021.10-win32/gcc-arm-none-eabi-10.3-2021.10/bin/../lib/gcc/arm-none-eabi/10.3.1/../../../../arm-none-eabi/lib/thumb/v7e-m/nofp\libg.a(lib_a-fclose.o)
                0x0800cda8                _fclose_r
 .text.fiprintf
                0x0800ce74       0x28 d:/ra/gcc-arm-none-eabi-10.3-2021.10-win32/gcc-arm-none-eabi-10.3-2021.10/bin/../lib/gcc/arm-none-eabi/10.3.1/../../../../arm-none-eabi/lib/thumb/v7e-m/nofp\libg.a(lib_a-fiprintf.o)
                0x0800ce74                fiprintf
 .text.__fputwc
                0x0800ce9c       0xa8 d:/ra/gcc-arm-none-eabi-10.3-2021.10-win32/gcc-arm-none-eabi-10.3-2021.10/bin/../lib/gcc/arm-none-eabi/10.3.1/../../../../arm-none-eabi/lib/thumb/v7e-m/nofp\libg.a(lib_a-fputwc.o)
                0x0800ce9c                __fputwc
 .text._fputwc_r
                0x0800cf44       0x68 d:/ra/gcc-arm-none-eabi-10.3-2021.10-win32/gcc-arm-none-eabi-10.3-2021.10/bin/../lib/gcc/arm-none-eabi/10.3.1/../../../../arm-none-eabi/lib/thumb/v7e-m/nofp\libg.a(lib_a-fputwc.o)
                0x0800cf44                _fputwc_r
 .text._fstat_r
                0x0800cfac       0x2c d:/ra/gcc-arm-none-eabi-10.3-2021.10-win32/gcc-arm-none-eabi-10.3-2021.10/bin/../lib/gcc/arm-none-eabi/10.3.1/../../../../arm-none-eabi/lib/thumb/v7e-m/nofp\libg.a(lib_a-fstatr.o)
                0x0800cfac                _fstat_r
 .text._isatty_r
                0x0800cfd8       0x24 d:/ra/gcc-arm-none-eabi-10.3-2021.10-win32/gcc-arm-none-eabi-10.3-2021.10/bin/../lib/gcc/arm-none-eabi/10.3.1/../../../../arm-none-eabi/lib/thumb/v7e-m/nofp\libg.a(lib_a-isattyr.o)
                0x0800cfd8                _isatty_r
 .text.__locale_mb_cur_max
                0x0800cffc        0xc d:/ra/gcc-arm-none-eabi-10.3-2021.10-win32/gcc-arm-none-eabi-10.3-2021.10/bin/../lib/gcc/arm-none-eabi/10.3.1/../../../../arm-none-eabi/lib/thumb/v7e-m/nofp\libg.a(lib_a-locale.o)
                0x0800cffc                __locale_mb_cur_max
 .text._lseek_r
                0x0800d008       0x2c d:/ra/gcc-arm-none-eabi-10.3-2021.10-win32/gcc-arm-none-eabi-10.3-2021.10/bin/../lib/gcc/arm-none-eabi/10.3.1/../../../../arm-none-eabi/lib/thumb/v7e-m/nofp\libg.a(lib_a-lseekr.o)
                0x0800d008                _lseek_r
 .text.__ascii_mbtowc
                0x0800d034       0x2c d:/ra/gcc-arm-none-eabi-10.3-2021.10-win32/gcc-arm-none-eabi-10.3-2021.10/bin/../lib/gcc/arm-none-eabi/10.3.1/../../../../arm-none-eabi/lib/thumb/v7e-m/nofp\libg.a(lib_a-mbtowc_r.o)
                0x0800d034                __ascii_mbtowc
 .text._read_r  0x0800d060       0x2c d:/ra/gcc-arm-none-eabi-10.3-2021.10-win32/gcc-arm-none-eabi-10.3-2021.10/bin/../lib/gcc/arm-none-eabi/10.3.1/../../../../arm-none-eabi/lib/thumb/v7e-m/nofp\libg.a(lib_a-readr.o)
                0x0800d060                _read_r
 .text.__swbuf_r
                0x0800d08c       0xb0 d:/ra/gcc-arm-none-eabi-10.3-2021.10-win32/gcc-arm-none-eabi-10.3-2021.10/bin/../lib/gcc/arm-none-eabi/10.3.1/../../../../arm-none-eabi/lib/thumb/v7e-m/nofp\libg.a(lib_a-wbuf.o)
                0x0800d08c                __swbuf_r
 .text._wcrtomb_r
                0x0800d13c       0x3c d:/ra/gcc-arm-none-eabi-10.3-2021.10-win32/gcc-arm-none-eabi-10.3-2021.10/bin/../lib/gcc/arm-none-eabi/10.3.1/../../../../arm-none-eabi/lib/thumb/v7e-m/nofp\libg.a(lib_a-wcrtomb.o)
                0x0800d13c                _wcrtomb_r
 .text.__ascii_wctomb
                0x0800d178       0x1c d:/ra/gcc-arm-none-eabi-10.3-2021.10-win32/gcc-arm-none-eabi-10.3-2021.10/bin/../lib/gcc/arm-none-eabi/10.3.1/../../../../arm-none-eabi/lib/thumb/v7e-m/nofp\libg.a(lib_a-wctomb_r.o)
                0x0800d178                __ascii_wctomb
 .text.abort    0x0800d194       0x10 d:/ra/gcc-arm-none-eabi-10.3-2021.10-win32/gcc-arm-none-eabi-10.3-2021.10/bin/../lib/gcc/arm-none-eabi/10.3.1/../../../../arm-none-eabi/lib/thumb/v7e-m/nofp\libg.a(lib_a-abort.o)
                0x0800d194                abort
 .text.raise    0x0800d1a4       0x5c d:/ra/gcc-arm-none-eabi-10.3-2021.10-win32/gcc-arm-none-eabi-10.3-2021.10/bin/../lib/gcc/arm-none-eabi/10.3.1/../../../../arm-none-eabi/lib/thumb/v7e-m/nofp\libg.a(lib_a-signal.o)
                0x0800d1a4                raise
 .text._kill_r  0x0800d200       0x2c d:/ra/gcc-arm-none-eabi-10.3-2021.10-win32/gcc-arm-none-eabi-10.3-2021.10/bin/../lib/gcc/arm-none-eabi/10.3.1/../../../../arm-none-eabi/lib/thumb/v7e-m/nofp\libg.a(lib_a-signalr.o)
                0x0800d200                _kill_r
 .text._getpid_r
                0x0800d22c        0x4 d:/ra/gcc-arm-none-eabi-10.3-2021.10-win32/gcc-arm-none-eabi-10.3-2021.10/bin/../lib/gcc/arm-none-eabi/10.3.1/../../../../arm-none-eabi/lib/thumb/v7e-m/nofp\libg.a(lib_a-signalr.o)
                0x0800d22c                _getpid_r
 *(.glue_7)
 .glue_7        0x0800d230        0x0 linker stubs
 *(.glue_7t)
 .glue_7t       0x0800d230        0x0 linker stubs
 *(.eh_frame)
 .eh_frame      0x0800d230        0x0 d:/ra/gcc-arm-none-eabi-10.3-2021.10-win32/gcc-arm-none-eabi-10.3-2021.10/bin/../lib/gcc/arm-none-eabi/10.3.1/thumb/v7e-m/nofp/crtbegin.o
 *(.init)
 .init          0x0800d230        0x4 d:/ra/gcc-arm-none-eabi-10.3-2021.10-win32/gcc-arm-none-eabi-10.3-2021.10/bin/../lib/gcc/arm-none-eabi/10.3.1/thumb/v7e-m/nofp/crti.o
                0x0800d230                _init
 .init          0x0800d234        0x8 d:/ra/gcc-arm-none-eabi-10.3-2021.10-win32/gcc-arm-none-eabi-10.3-2021.10/bin/../lib/gcc/arm-none-eabi/10.3.1/thumb/v7e-m/nofp/crtn.o
 *(.fini)
 .fini          0x0800d23c        0x4 d:/ra/gcc-arm-none-eabi-10.3-2021.10-win32/gcc-arm-none-eabi-10.3-2021.10/bin/../lib/gcc/arm-none-eabi/10.3.1/thumb/v7e-m/nofp/crti.o
                0x0800d23c                _fini
 .fini          0x0800d240        0x8 d:/ra/gcc-arm-none-eabi-10.3-2021.10-win32/gcc-arm-none-eabi-10.3-2021.10/bin/../lib/gcc/arm-none-eabi/10.3.1/thumb/v7e-m/nofp/crtn.o
                0x0800d248                . = ALIGN (0x4)
                0x0800d248                _etext = .

.vfp11_veneer   0x0800d248        0x0
 .vfp11_veneer  0x0800d248        0x0 linker stubs

.v4_bx          0x0800d248        0x0
 .v4_bx         0x0800d248        0x0 linker stubs

.iplt           0x0800d248        0x0
 .iplt          0x0800d248        0x0 d:/ra/gcc-arm-none-eabi-10.3-2021.10-win32/gcc-arm-none-eabi-10.3-2021.10/bin/../lib/gcc/arm-none-eabi/10.3.1/thumb/v7e-m/nofp/crtbegin.o

.rodata         0x0800d248     0xec40
                0x0800d248                . = ALIGN (0x4)
 *(.rodata)
 *(.rodata*)
 .rodata.AHBPrescTable
                0x0800d248       0x10 CMakeFiles/multi.elf.dir/Core/Src/system_stm32f4xx.c.obj